 dynamorio

 Timestamp is 57c3d90c (Mon Aug 29 02:41:16 2016)

 Preferred load address is 0000000071000000

 Start         Length     Name                   Class
 0001:00000000 000ec626H .text                   CODE
 0002:00000000 000003e0H .idata$5                DATA
 0002:000003e0 000423ecH .rdata                  DATA
 0002:000427cc 00000078H .rdata$debug            DATA
 0002:00042848 0000b7ccH .xdata                  DATA
 0002:0004e014 00000014H .idata$2                DATA
 0002:0004e028 00000014H .idata$3                DATA
 0002:0004e040 000003e0H .idata$4                DATA
 0002:0004e420 0000095cH .idata$6                DATA
 0002:0004ed80 00005ea6H .edata                  DATA
 0003:00000000 00014690H .data                   DATA
 0003:00015000 00026cc0H .bss                    DATA
 0004:00000000 0000b754H .pdata                  DATA
 0005:00000000 0000097aH .fspdata                DATA
 0006:00000000 000003d8H .cspdata                DATA
 0007:00000000 00004704H .nspdata                DATA
 0008:00000000 000000a0H .rsrc$01                DATA
 0008:000000a0 00002d68H .rsrc$02                DATA

  Address         Publics by Value              Rva+Base               Lib:Object

 0000:00000000       ___safe_se_handler_count   0000000000000000     <absolute>
 0000:00000000       ___safe_se_handler_table   0000000000000000     <absolute>
 0000:00000000       __ImageBase                0000000071000000     <linker-defined>
 0001:00000180       parse_word                 0000000071001180 f   options.c.obj
 0001:0000ae70       check_param_bounds         000000007100be70 f   options.c.obj
 0001:0000aea0       get_dynamo_options_string  000000007100bea0 f   options.c.obj
 0001:000170f0       get_pcache_dynamo_options_string 00000000710180f0 f   options.c.obj
 0001:00021fb0       has_pcache_dynamo_options  0000000071022fb0 f   options.c.obj
 0001:00023c40       check_list_default_and_append 0000000071024c40 f   options.c.obj
 0001:00023ce0       options_exit               0000000071024ce0 f   options.c.obj
 0001:00023cf0       options_make_writable      0000000071024cf0 f   options.c.obj
 0001:00023d30       options_restore_readonly   0000000071024d30 f   options.c.obj
 0001:00023d60       synchronize_dynamic_options 0000000071024d60 f   options.c.obj
 0001:00023ee0       get_process_options        0000000071024ee0 f   options.c.obj
 0001:00023f90       dr_get_string_option       0000000071024f90 f   options.c.obj
 0001:000242a0       dr_get_integer_option      00000000710252a0 f   options.c.obj
 0001:00029040       options_init               000000007102a040 f   options.c.obj
 0001:000290b0       opnd_is_immed              000000007102a0b0 f i dynamo.c.obj
 0001:000290d0       opnd_is_pc                 000000007102a0d0 f i dynamo.c.obj
 0001:000290f0       opnd_is_instr              000000007102a0f0 f i dynamo.c.obj
 0001:00029110       opnd_is_near_base_disp     000000007102a110 f i dynamo.c.obj
 0001:00029130       opnd_is_far_base_disp      000000007102a130 f i dynamo.c.obj
 0001:00029150       opnd_is_near_rel_addr      000000007102a150 f i dynamo.c.obj
 0001:00029170       opnd_is_far_rel_addr       000000007102a170 f i dynamo.c.obj
 0001:00029190       opnd_create_null           000000007102a190 f i dynamo.c.obj
 0001:000291a0       opnd_create_reg            000000007102a1a0 f i dynamo.c.obj
 0001:000291b0       opnd_create_reg_partial    000000007102a1b0 f i dynamo.c.obj
 0001:000291d0       opnd_create_reg_ex         000000007102a1d0 f i dynamo.c.obj
 0001:00029210       opnd_create_pc             000000007102a210 f i dynamo.c.obj
 0001:00029220       instr_ok_to_mangle         000000007102a220 f i dynamo.c.obj
 0001:00029220       instr_is_app               000000007102a220 f i dynamo.c.obj
 0001:00029230       instr_is_meta              000000007102a230 f i dynamo.c.obj
 0001:00029240       instr_operands_valid       000000007102a240 f i dynamo.c.obj
 0001:00029250       instr_raw_bits_valid       000000007102a250 f i dynamo.c.obj
 0001:00029260       instr_has_allocated_bits   000000007102a260 f i dynamo.c.obj
 0001:00029270       instr_needs_encoding       000000007102a270 f i dynamo.c.obj
 0001:00029280       instr_ok_to_emit           000000007102a280 f i dynamo.c.obj
 0001:00029290       instr_num_srcs             000000007102a290 f i dynamo.c.obj
 0001:000292c0       instr_num_dsts             000000007102a2c0 f i dynamo.c.obj
 0001:000292f0       instr_set_note             000000007102a2f0 f i dynamo.c.obj
 0001:00029300       instr_get_note             000000007102a300 f i dynamo.c.obj
 0001:00029310       instr_get_next             000000007102a310 f i dynamo.c.obj
 0001:00029320       instr_get_next_app         000000007102a320 f i dynamo.c.obj
 0001:00029350       instr_get_prev             000000007102a350 f i dynamo.c.obj
 0001:00029360       instr_get_prev_app         000000007102a360 f i dynamo.c.obj
 0001:00029390       instr_set_next             000000007102a390 f i dynamo.c.obj
 0001:000293a0       instr_set_prev             000000007102a3a0 f i dynamo.c.obj
 0001:00029840       get_dr_stats               000000007102a840 f   dynamo.c.obj
 0001:00029850       standalone_init            000000007102a850 f   dynamo.c.obj
 0001:000298d0       dynamo_process_exit_with_thread_info 000000007102a8d0 f   dynamo.c.obj
 0001:000298e0       create_new_dynamo_context  000000007102a8e0 f   dynamo.c.obj
 0001:000299e0       initialize_dynamo_context  000000007102a9e0 f   dynamo.c.obj
 0001:00029ab0       create_callback_dcontext   000000007102aab0 f   dynamo.c.obj
 0001:00029c70       is_thread_initialized      000000007102ac70 f   dynamo.c.obj
 0001:00029c90       get_num_threads            000000007102ac90 f   dynamo.c.obj
 0001:00029ca0       is_last_app_thread         000000007102aca0 f   dynamo.c.obj
 0001:00029d80       get_list_of_threads        000000007102ad80 f   dynamo.c.obj
 0001:00029d90       thread_lookup              000000007102ad90 f   dynamo.c.obj
 0001:00029e10       get_thread_num             000000007102ae10 f   dynamo.c.obj
 0001:00029e30       add_thread                 000000007102ae30 f   dynamo.c.obj
 0001:00029f90       remove_thread              000000007102af90 f   dynamo.c.obj
 0001:0002a060       dr_app_start_helper        000000007102b060 f   dynamo.c.obj
 0001:0002a0b0       dynamo_thread_under_dynamo 000000007102b0b0 f   dynamo.c.obj
 0001:0002a0d0       dynamo_thread_not_under_dynamo 000000007102b0d0 f   dynamo.c.obj
 0001:0002a0f0       dynamorio_take_over_threads 000000007102b0f0 f   dynamo.c.obj
 0001:0002a2b0       protect_data_section       000000007102b2b0 f   dynamo.c.obj
 0001:0002a430       is_on_initstack            000000007102b430 f   dynamo.c.obj
 0001:0002a450       is_on_dstack               000000007102b450 f   dynamo.c.obj
 0001:0002a470       is_currently_on_dstack     000000007102b470 f   dynamo.c.obj
 0001:0002a4b0       pre_second_thread          000000007102b4b0 f   dynamo.c.obj
 0001:0002a5a0       dynamo_process_exit        000000007102b5a0 f   dynamo.c.obj
 0001:0002a960       is_thread_known            000000007102b960 f   dynamo.c.obj
 0001:0002a980       dynamo_thread_init         000000007102b980 f   dynamo.c.obj
 0001:0002ac40       dynamorio_app_take_over_helper 000000007102bc40 f   dynamo.c.obj
 0001:0002b120       entering_dynamorio         000000007102c120 f   dynamo.c.obj
 0001:0002b160       exiting_dynamorio          000000007102c160 f   dynamo.c.obj
 0001:0002b1a0       dynamorio_app_init         000000007102c1a0 f   dynamo.c.obj
 0001:0002b510       dynamorio_app_exit         000000007102c510 f   dynamo.c.obj
 0001:0002b7d0       dynamo_thread_exit         000000007102c7d0 f   dynamo.c.obj
 0001:0002b800       dynamo_other_thread_exit   000000007102c800 f   dynamo.c.obj
 0001:0002ba50       dynamo_thread_stack_free_and_exit 000000007102ca50 f   dynamo.c.obj
 0001:0002bab0       dr_app_setup               000000007102cab0 f   dynamo.c.obj
 0001:0002bac0       dr_app_cleanup             000000007102cac0 f   dynamo.c.obj
 0001:0002bbc0       dr_app_setup_and_start     000000007102cbc0 f   dynamo.c.obj
 0001:0002bbf0       dynamorio_app_init_and_early_takeover 000000007102cbf0 f   dynamo.c.obj
 0001:0002bc20       dynamorio_earliest_init_takeover_C 000000007102cc20 f   dynamo.c.obj
 0001:0002bc70       dynamo_shared_exit         000000007102cc70 f   dynamo.c.obj
 0001:0002c8d0       fragment_initialized       000000007102d8d0 f   fragment.c.obj
 0001:0002cde0       fragment_create            000000007102dde0 f   fragment.c.obj
 0001:0002cf50       fragment_recreate_with_linkstubs 000000007102df50 f   fragment.c.obj
 0001:0002d150       fragment_free              000000007102e150 f   fragment.c.obj
 0001:0002d370       fragment_stubs_end_pc      000000007102e370 f   fragment.c.obj
 0001:0002d3a0       fragment_body_end_pc       000000007102e3a0 f   fragment.c.obj
 0001:0002d5a0       fragment_get_fragment_delete_mutex 000000007102e5a0 f   fragment.c.obj
 0001:0002d5d0       fragment_release_fragment_delete_mutex 000000007102e5d0 f   fragment.c.obj
 0001:0002d750       fragment_lookup            000000007102e750 f   fragment.c.obj
 0001:0002d760       fragment_lookup_trace      000000007102e760 f   fragment.c.obj
 0001:0002d770       fragment_lookup_bb         000000007102e770 f   fragment.c.obj
 0001:0002d780       fragment_lookup_shared_bb  000000007102e780 f   fragment.c.obj
 0001:0002d790       fragment_lookup_same_sharing 000000007102e790 f   fragment.c.obj
 0001:0002d7b0       fragment_pclookup          000000007102e7b0 f   fragment.c.obj
 0001:0002d7c0       fragment_pclookup_with_linkstubs 000000007102e7c0 f   fragment.c.obj
 0001:0002d810       fragment_record_translation_info 000000007102e810 f   fragment.c.obj
 0001:0002da50       fragment_remove_from_ibt_tables 000000007102ea50 f   fragment.c.obj
 0001:0002dc50       fragment_remove            000000007102ec50 f   fragment.c.obj
 0001:0002dd70       fragment_replace           000000007102ed70 f   fragment.c.obj
 0001:0002e060       fragment_shift_fcache_pointers 000000007102f060 f   fragment.c.obj
 0001:0002e2e0       fragment_copy_data_fields  000000007102f2e0 f   fragment.c.obj
 0001:0002e360       fragment_delete_future     000000007102f360 f   fragment.c.obj
 0001:0002e4b0       fragment_lookup_future     000000007102f4b0 f   fragment.c.obj
 0001:0002e5c0       fragment_lookup_private_future 000000007102f5c0 f   fragment.c.obj
 0001:0002e600       fragment_overlaps          000000007102f600 f   fragment.c.obj
 0001:0002e770       get_flushtime_last_update  000000007102f770 f   fragment.c.obj
 0001:0002e780       set_flushtime_last_update  000000007102f780 f   fragment.c.obj
 0001:0002e790       set_at_syscall             000000007102f790 f   fragment.c.obj
 0001:0002e7a0       get_at_syscall             000000007102f7a0 f   fragment.c.obj
 0001:0002e920       is_self_flushing           000000007102f920 f   fragment.c.obj
 0001:0002e940       is_self_allsynch_flushing  000000007102f940 f   fragment.c.obj
 0001:0002e970       is_couldbelinking          000000007102f970 f   fragment.c.obj
 0001:0002e9a0       enter_couldbelinking       000000007102f9a0 f   fragment.c.obj
 0001:0002ea70       enter_threadexit           000000007102fa70 f   fragment.c.obj
 0001:0002eaf0       increment_global_flushtime 000000007102faf0 f   fragment.c.obj
 0001:0002ecb0       flush_fragments_synch_priv 000000007102fcb0 f   fragment.c.obj
 0001:0002ee90       flush_fragments_unlink_shared 000000007102fe90 f   fragment.c.obj
 0001:0002ef90       flush_fragments_end_synch  000000007102ff90 f   fragment.c.obj
 0001:0002f110       flush_fragments_in_region_finish 0000000071030110 f   fragment.c.obj
 0001:000301c0       hashtable_coarse_resurrect 00000000710311c0 f   fragment.c.obj
 0001:00030260       fragment_coarse_num_entries 0000000071031260 f   fragment.c.obj
 0001:000303f0       fragment_coarse_lookup_in_unit 00000000710313f0 f   fragment.c.obj
 0001:000304f0       fragment_coarse_lookup     00000000710314f0 f   fragment.c.obj
 0001:000306b0       fragment_coarse_wrapper    00000000710316b0 f   fragment.c.obj
 0001:000306e0       fragment_coarse_lookup_wrapper 00000000710316e0 f   fragment.c.obj
 0001:00030740       fragment_lookup_fine_and_coarse 0000000071031740 f   fragment.c.obj
 0001:000307c0       fragment_lookup_fine_and_coarse_sharing 00000000710317c0 f   fragment.c.obj
 0001:00030860       get_fragment_coarse_info   0000000071031860 f   fragment.c.obj
 0001:00030880       coarse_is_trace_head_in_own_unit 0000000071031880 f   fragment.c.obj
 0001:00030950       fragment_coarse_replace    0000000071031950 f   fragment.c.obj
 0001:000309f0       fragment_coarse_pclookup   00000000710319f0 f   fragment.c.obj
 0001:00030f00       fragment_coarse_htable_persist_size 0000000071031f00 f   fragment.c.obj
 0001:00030f20       fragment_coarse_htable_persist 0000000071031f20 f   fragment.c.obj
 0001:00030fa0       fragment_coarse_htable_resurrect 0000000071031fa0 f   fragment.c.obj
 0001:000316f0       fragment_reset_init        00000000710326f0 f   fragment.c.obj
 0001:00031a30       fragment_init              0000000071032a30 f   fragment.c.obj
 0001:00031b80       fragment_thread_reset_init 0000000071032b80 f   fragment.c.obj
 0001:000320d0       fragment_thread_init       00000000710330d0 f   fragment.c.obj
 0001:000324e0       fragment_prepare_for_removal 00000000710334e0 f   fragment.c.obj
 0001:00032830       fragment_remove_all_ibl_in_region 0000000071033830 f   fragment.c.obj
 0001:000328d0       is_self_couldbelinking     00000000710338d0 f   fragment.c.obj
 0001:00032d60       flush_fragments_synch_unlink_priv 0000000071033d60 f   fragment.c.obj
 0001:00032e00       flush_invalidate_ibl_shared_target 0000000071033e00 f   fragment.c.obj
 0001:00032ea0       fragment_output            0000000071033ea0 f   fragment.c.obj
 0001:00033140       fragment_coarse_htable_create 0000000071034140 f   fragment.c.obj
 0001:00033490       fragment_coarse_free_entry_pclookup_table 0000000071034490 f   fragment.c.obj
 0001:000334c0       fragment_coarse_htable_free 00000000710344c0 f   fragment.c.obj
 0001:00033910       fragment_delete            0000000071034910 f   fragment.c.obj
 0001:00033b30       fragment_remove_shared_no_flush 0000000071034b30 f   fragment.c.obj
 0001:00033c70       fragment_unlink_for_deletion 0000000071034c70 f   fragment.c.obj
 0001:00033e20       fragment_self_write        0000000071034e20 f   fragment.c.obj
 0001:00034110       flush_fragments_in_region_start 0000000071035110 f   fragment.c.obj
 0001:000342d0       flush_fragments_and_remove_region 00000000710352d0 f   fragment.c.obj
 0001:00034340       flush_fragments_from_region 0000000071035340 f   fragment.c.obj
 0001:00034370       invalidate_code_cache      0000000071035370 f   fragment.c.obj
 0001:00034ca0       fragment_reset_free        0000000071035ca0 f   fragment.c.obj
 0001:00034eb0       fragment_thread_reset_free 0000000071035eb0 f   fragment.c.obj
 0001:00034f10       fragment_thread_exit       0000000071035f10 f   fragment.c.obj
 0001:000351b0       fragment_add_ibl_target    00000000710361b0 f   fragment.c.obj
 0001:000354b0       enter_nolinking            00000000710364b0 f   fragment.c.obj
 0001:00035970       fragment_coarse_htable_merge 0000000071036970 f   fragment.c.obj
 0001:00035aa0       fragment_coarse_add        0000000071036aa0 f   fragment.c.obj
 0001:00035b10       fragment_coarse_th_unlink_and_add 0000000071036b10 f   fragment.c.obj
 0001:00035be0       fragment_coarse_th_add     0000000071036be0 f   fragment.c.obj
 0001:00035c50       fragment_coarse_create_entry_pclookup_table 0000000071036c50 f   fragment.c.obj
 0001:00035f60       fragment_coarse_entry_pclookup 0000000071036f60 f   fragment.c.obj
 0001:000363f0       fragment_coarse_unit_freeze 00000000710373f0 f   fragment.c.obj
 0001:00036730       fragment_exit              0000000071037730 f   fragment.c.obj
 0001:00036a30       fragment_add               0000000071037a30 f   fragment.c.obj
 0001:00036af0       fragment_create_and_add_future 0000000071037af0 f   fragment.c.obj
 0001:00036c50       fcache_check_option_compatibility 0000000071037c50 f   fcache.c.obj
 0001:00037460       fcache_profile_exit        0000000071038460 f   fcache.c.obj
 0001:000375c0       fcache_fragment_pclookup   00000000710385c0 f   fcache.c.obj
 0001:00037760       fcache_is_writable         0000000071038760 f   fcache.c.obj
 0001:00037780       fcache_change_fragment_protection 0000000071038780 f   fcache.c.obj
 0001:00037820       in_fcache                  0000000071038820 f   fcache.c.obj
 0001:000383f0       fcache_thread_init         00000000710393f0 f   fcache.c.obj
 0001:000384b0       fcache_thread_exit         00000000710394b0 f   fcache.c.obj
 0001:00038da0       fcache_shift_start_pc      0000000071039da0 f   fcache.c.obj
 0001:00038e60       fcache_is_flush_pending    0000000071039e60 f   fcache.c.obj
 0001:00039100       fcache_flush_pending_units 000000007103a100 f   fcache.c.obj
 0001:00039480       fcache_free_pending_units  000000007103a480 f   fcache.c.obj
 0001:000396a0       schedule_reset             000000007103a6a0 f   fcache.c.obj
 0001:000396f0       fcache_low_on_memory       000000007103a6f0 f   fcache.c.obj
 0001:00039870       get_fcache_coarse_info     000000007103a870 f   fcache.c.obj
 0001:000398b0       fcache_coarse_cache_delete 000000007103a8b0 f   fcache.c.obj
 0001:000398e0       coarse_frozen_cache_size   000000007103a8e0 f   fcache.c.obj
 0001:00039900       fcache_coarse_set_info     000000007103a900 f   fcache.c.obj
 0001:00039b00       fcache_exit                000000007103ab00 f   fcache.c.obj
 0001:0003b410       fcache_return_extra_space  000000007103c410 f   fcache.c.obj
 0001:0003bf90       fcache_add_fragment        000000007103cf90 f   fcache.c.obj
 0001:0003c0f0       fcache_remove_fragment     000000007103d0f0 f   fcache.c.obj
 0001:0003c270       fcache_coarse_init_frozen  000000007103d270 f   fcache.c.obj
 0001:0003c300       fcache_init                000000007103d300 f   fcache.c.obj
 0001:0003c3e0       fcache_reset_all_caches_proactively 000000007103d3e0 f   fcache.c.obj
 0001:0003c670       empty_fragment_mark_x86    000000007103d670 f   link.c.obj
 0001:0003c680       link_reset_init            000000007103d680 f   link.c.obj
 0001:0003c6d0       link_reset_free            000000007103d6d0 f   link.c.obj
 0001:0003c710       link_thread_init           000000007103d710 f   link.c.obj
 0001:0003c770       link_thread_exit           000000007103d770 f   link.c.obj
 0001:0003c790       linkstub_size              000000007103d790 f   link.c.obj
 0001:0003c7f0       linkstub_propagatable_flags 000000007103d7f0 f   link.c.obj
 0001:0003c800       linkstub_frag_offs_at_end  000000007103d800 f   link.c.obj
 0001:0003c840       linkstubs_heap_size        000000007103d840 f   link.c.obj
 0001:0003c880       linkstub_fragment          000000007103d880 f   link.c.obj
 0001:0003ca20       set_last_exit              000000007103da20 f   link.c.obj
 0001:0003ca50       last_exit_deleted          000000007103da50 f   link.c.obj
 0001:0003cc90       get_last_linkstub_ordinal  000000007103dc90 f   link.c.obj
 0001:0003cca0       get_deleted_linkstub       000000007103dca0 f   link.c.obj
 0001:0003ccb0       get_starting_linkstub      000000007103dcb0 f   link.c.obj
 0001:0003ccc0       get_reset_linkstub         000000007103dcc0 f   link.c.obj
 0001:0003ccd0       get_syscall_linkstub       000000007103dcd0 f   link.c.obj
 0001:0003cce0       get_selfmod_linkstub       000000007103dce0 f   link.c.obj
 0001:0003ccf0       get_ibl_deleted_linkstub   000000007103dcf0 f   link.c.obj
 0001:0003cd00       get_asynch_linkstub        000000007103dd00 f   link.c.obj
 0001:0003cd10       get_native_exec_linkstub   000000007103dd10 f   link.c.obj
 0001:0003cd20       get_native_exec_syscall_linkstub 000000007103dd20 f   link.c.obj
 0001:0003cd30       get_shared_syscalls_unlinked_linkstub 000000007103dd30 f   link.c.obj
 0001:0003cd40       get_shared_syscalls_trace_linkstub 000000007103dd40 f   link.c.obj
 0001:0003cd50       get_shared_syscalls_bb_linkstub 000000007103dd50 f   link.c.obj
 0001:0003cd60       get_client_linkstub        000000007103dd60 f   link.c.obj
 0001:0003cd70       is_ibl_sourceless_linkstub 000000007103dd70 f   link.c.obj
 0001:0003cde0       get_ibl_sourceless_linkstub 000000007103dde0 f   link.c.obj
 0001:0003ce50       get_special_ibl_linkstub   000000007103de50 f   link.c.obj
 0001:0003ce90       get_coarse_exit_linkstub   000000007103de90 f   link.c.obj
 0001:0003cea0       get_coarse_trace_head_exit_linkstub 000000007103dea0 f   link.c.obj
 0001:0003ceb0       local_exit_stub_size       000000007103deb0 f   link.c.obj
 0001:0003cf70       separate_stub_create       000000007103df70 f   link.c.obj
 0001:0003d1b0       linkstub_shares_next_stub  000000007103e1b0 f   link.c.obj
 0001:0003d3a0       linkstub_free_exitstubs    000000007103e3a0 f   link.c.obj
 0001:0003d570       linkstubs_shift            000000007103e570 f   link.c.obj
 0001:0003d620       is_linkable                000000007103e620 f   link.c.obj
 0001:0003dd40       link_fragment_incoming     000000007103ed40 f   link.c.obj
 0001:0003def0       unlink_fragment_incoming   000000007103eef0 f   link.c.obj
 0001:0003e080       unlink_fragment_outgoing   000000007103f080 f   link.c.obj
 0001:0003e1b0       coarse_stub_alignment      000000007103f1b0 f   link.c.obj
 0001:0003e1d0       coarse_stubs_create        000000007103f1d0 f   link.c.obj
 0001:0003e3b0       coarse_stubs_delete        000000007103f3b0 f   link.c.obj
 0001:0003e5f0       fcache_return_coarse_prefix 000000007103f5f0 f   link.c.obj
 0001:0003e620       trace_head_return_coarse_prefix 000000007103f620 f   link.c.obj
 0001:0003e650       get_coarse_ibl_prefix      000000007103f650 f   link.c.obj
 0001:0003e6a0       in_coarse_stubs            000000007103f6a0 f   link.c.obj
 0001:0003e6c0       get_stub_coarse_info       000000007103f6c0 f   link.c.obj
 0001:0003e6d0       coarse_frozen_stub_size    000000007103f6d0 f   link.c.obj
 0001:0003e8f0       coarse_unit_shift_links    000000007103f8f0 f   link.c.obj
 0001:0003eb80       coarse_stubs_set_info      000000007103fb80 f   link.c.obj
 0001:0003eb90       coarse_stubs_set_end_pc    000000007103fb90 f   link.c.obj
 0001:0003ebc0       link_init                  000000007103fbc0 f   link.c.obj
 0001:0003ec70       link_exit                  000000007103fc70 f   link.c.obj
 0001:0003ecc0       linkstubs_init             000000007103fcc0 f   link.c.obj
 0001:0003ed90       set_coarse_ibl_exit        000000007103fd90 f   link.c.obj
 0001:0003ee60       should_separate_stub       000000007103fe60 f   link.c.obj
 0001:0003f110       link_fragment_outgoing     0000000071040110 f   link.c.obj
 0001:0003fa60       coarse_remove_outgoing     0000000071040a60 f   link.c.obj
 0001:0003fbb0       coarse_mark_trace_head     0000000071040bb0 f   link.c.obj
 0001:0003fc20       coarse_unit_unlink_outgoing 0000000071040c20 f   link.c.obj
 0001:0003fd70       coarse_lazy_link           0000000071040d70 f   link.c.obj
 0001:0003fff0       in_coarse_stub_prefixes    0000000071040ff0 f   link.c.obj
 0001:00040090       coarse_deref_ibl_prefix    0000000071041090 f   link.c.obj
 0001:000400d0       coarse_update_outgoing     00000000710410d0 f   link.c.obj
 0001:000402b0       link_new_fragment          00000000710412b0 f   link.c.obj
 0001:00040520       shift_links_to_new_fragment 0000000071041520 f   link.c.obj
 0001:00041100       coarse_unit_unlink         0000000071042100 f   link.c.obj
 0001:00041320       incoming_remove_fragment   0000000071042320 f   link.c.obj
 0001:000415d0       is_stopping_point          00000000710425d0 f   dispatch.c.obj
 0001:00042510       handle_system_call         0000000071043510 f   dispatch.c.obj
 0001:00042b50       issue_last_system_call_from_app 0000000071043b50 f   dispatch.c.obj
 0001:00043360       dispatch                   0000000071044360 f   dispatch.c.obj
 0001:000437b0       transfer_to_dispatch       00000000710447b0 f   dispatch.c.obj
 0001:00043850       final_exit_shares_prev_stub 0000000071044850 f   emit.c.obj
 0001:000438f0       set_linkstub_fields        00000000710448f0 f   emit.c.obj
 0001:000446f0       emit_invisible_fragment    00000000710456f0 f   emit.c.obj
 0001:00044720       emit_fragment              0000000071045720 f   emit.c.obj
 0001:00044750       emit_fragment_ex           0000000071045750 f   emit.c.obj
 0001:00044790       emit_fragment_as_replacement 0000000071045790 f   emit.c.obj
 0001:000447c0       spinmutex_trylock          00000000710457c0 f   utils.c.obj
 0001:000447e0       spinmutex_lock             00000000710457e0 f   utils.c.obj
 0001:00044810       spinmutex_lock_no_yield    0000000071045810 f   utils.c.obj
 0001:00044850       spinmutex_unlock           0000000071045850 f   utils.c.obj
 0001:00044860       mutex_trylock              0000000071045860 f   utils.c.obj
 0001:00044890       mutex_unlock               0000000071045890 f   utils.c.obj
 0001:000448c0       mutex_delete               00000000710458c0 f   utils.c.obj
 0001:000448c0       spinmutex_delete           00000000710458c0 f   utils.c.obj
 0001:000448f0       try_recursive_lock         00000000710458f0 f   utils.c.obj
 0001:00044960       release_recursive_lock     0000000071045960 f   utils.c.obj
 0001:000449a0       self_owns_recursive_lock   00000000710459a0 f   utils.c.obj
 0001:000449c0       read_lock                  00000000710459c0 f   utils.c.obj
 0001:00044a70       write_trylock              0000000071045a70 f   utils.c.obj
 0001:00044b00       read_unlock                0000000071045b00 f   utils.c.obj
 0001:00044b50       write_unlock               0000000071045b50 f   utils.c.obj
 0001:00044bd0       self_owns_write_lock       0000000071045bd0 f   utils.c.obj
 0001:00044bf0       hash_value                 0000000071045bf0 f   utils.c.obj
 0001:00044cd0       hashtable_num_bits         0000000071045cd0 f   utils.c.obj
 0001:00044e30       bitmap_initialize_free     0000000071045e30 f   utils.c.obj
 0001:00044e50       bitmap_allocate_blocks     0000000071045e50 f   utils.c.obj
 0001:00044ec0       bitmap_free_blocks         0000000071045ec0 f   utils.c.obj
 0001:00044f00       do_file_write              0000000071045f00 f   utils.c.obj
 0001:00044fb0       divide_uint64_print        0000000071045fb0 f   utils.c.obj
 0001:00045040       double_print               0000000071046040 f   utils.c.obj
 0001:000450f0       print_file                 00000000710460f0 f   utils.c.obj
 0001:000451a0       print_to_buffer            00000000710461a0 f   utils.c.obj
 0001:000451e0       notify                     00000000710461e0 f   utils.c.obj
 0001:000452d0       set_exception_strings      00000000710462d0 f   utils.c.obj
 0001:000453e0       set_display_version        00000000710463e0 f   utils.c.obj
 0001:00045460       report_app_problem         0000000071046460 f   utils.c.obj
 0001:000455f0       is_readable_without_exception_try 00000000710465f0 f   utils.c.obj
 0001:000456d0       is_string_readable_without_exception 00000000710466d0 f   utils.c.obj
 0001:00045810       double_strchr              0000000071046810 f   utils.c.obj
 0001:00045840       our_wcsnlen                0000000071046840 f   utils.c.obj
 0001:00045860       str_case_prefix            0000000071046860 f   utils.c.obj
 0001:000459f0       check_filter               00000000710469f0 f   utils.c.obj
 0001:00045ac0       check_filter_with_wildcards 0000000071046ac0 f   utils.c.obj
 0001:00045ad0       close_log_file             0000000071046ad0 f   utils.c.obj
 0001:00045ad0       dr_close_file              0000000071046ad0 f   instrument.c.obj
 0001:00045ae0       get_short_name             0000000071046ae0 f   utils.c.obj
 0001:00045b10       dump_buffer_as_bytes       0000000071046b10 f   utils.c.obj
 0001:00045f60       print_xml_cdata            0000000071046f60 f   utils.c.obj
 0001:00046030       print_version_and_app_info 0000000071047030 f   utils.c.obj
 0001:000460d0       utils_exit                 00000000710470d0 f   utils.c.obj
 0001:00046130       set_random_seed            0000000071047130 f   utils.c.obj
 0001:00046140       get_random_seed            0000000071047140 f   utils.c.obj
 0001:00046150       convert_millis_to_date     0000000071047150 f   utils.c.obj
 0001:00046320       convert_date_to_millis     0000000071047320 f   utils.c.obj
 0001:00046440       crc32                      0000000071047440 f   utils.c.obj
 0001:00046490       MD5Init                    0000000071047490 f   utils.c.obj
 0001:00046c90       check_low_disk_threshold   0000000071047c90 f   utils.c.obj
 0001:00046ce0       md5_digests_equal          0000000071047ce0 f   utils.c.obj
 0001:00046d10       region_intersection        0000000071047d10 f   utils.c.obj
 0001:00046d50       dr_strdup                  0000000071047d50 f   utils.c.obj
 0001:00046db0       dr_wstrdup                 0000000071047db0 f   utils.c.obj
 0001:00046e80       dr_strfree                 0000000071047e80 f   utils.c.obj
 0001:00046ec0       utils_init                 0000000071047ec0 f   utils.c.obj
 0001:00046fb0       mutex_lock                 0000000071047fb0 f   utils.c.obj
 0001:00047040       acquire_recursive_lock     0000000071048040 f   utils.c.obj
 0001:00047080       write_lock                 0000000071048080 f   utils.c.obj
 0001:000470f0       report_dynamorio_problem   00000000710480f0 f   utils.c.obj
 0001:000475d0       create_log_dir             00000000710485d0 f   utils.c.obj
 0001:000479d0       get_log_dir                00000000710489d0 f   utils.c.obj
 0001:00047b70       open_log_file              0000000071048b70 f   utils.c.obj
 0001:00047cb0       get_random_offset          0000000071048cb0 f   utils.c.obj
 0001:00047dd0       MD5Update                  0000000071048dd0 f   utils.c.obj
 0001:00047f50       MD5Final                   0000000071048f50 f   utils.c.obj
 0001:00048000       module_digests_equal       0000000071049000 f   utils.c.obj
 0001:00048070       external_error             0000000071049070 f   utils.c.obj
 0001:00048190       get_unique_logfile         0000000071049190 f   utils.c.obj
 0001:00048340       get_config_val             0000000071049340 f   config.c.obj
 0001:00048bb0       config_reread              0000000071049bb0 f   config.c.obj
 0001:00048e10       get_config_val_other_app   0000000071049e10 f   config.c.obj
 0001:00048e90       config_init                0000000071049e90 f   config.c.obj
 0001:00048ef0       config_heap_init           0000000071049ef0 f   config.c.obj
 0001:00048f20       config_heap_exit           0000000071049f20 f   config.c.obj
 0001:00048f70       get_parameter_ex           0000000071049f70 f   config.c.obj
 0001:00048ff0       get_parameter              0000000071049ff0 f   config.c.obj
 0001:00049ae0       kstat_init                 000000007104aae0 f   stats.c.obj
 0001:00049f70       kstat_thread_init          000000007104af70 f   stats.c.obj
 0001:0004c200       kstat_exit                 000000007104d200 f   stats.c.obj
 0001:0004c270       dump_thread_kstats         000000007104d270 f   stats.c.obj
 0001:0004c2e0       kstat_thread_exit          000000007104d2e0 f   stats.c.obj
 0001:0004c4b0       request_region_be_heap_reachable 000000007104d4b0 f   heap.c.obj
 0001:0004c660       vmcode_get_reachable_region 000000007104d660 f   heap.c.obj
 0001:0004c6a0       print_vmm_heap_data        000000007104d6a0 f   heap.c.obj
 0001:0004c700       is_vmm_reserved_address    000000007104d700 f   heap.c.obj
 0001:0004c730       vmcode_get_start           000000007104d730 f   heap.c.obj
 0001:0004c740       vmcode_get_end             000000007104d740 f   heap.c.obj
 0001:0004c750       vmcode_unreachable_pc      000000007104d750 f   heap.c.obj
 0001:0004c770       rel32_reachable_from_vmcode 000000007104d770 f   heap.c.obj
 0001:0004ce40       vmm_heap_init_constraints  000000007104de40 f   heap.c.obj
 0001:0004ceb0       vmm_heap_exit              000000007104deb0 f   heap.c.obj
 0001:0004cf20       heap_check_option_compatibility 000000007104df20 f   heap.c.obj
 0001:0004d0f0       lockwise_safe_to_allocate_memory 000000007104e0f0 f   heap.c.obj
 0001:0004d110       heap_mmap_retract_commitment 000000007104e110 f   heap.c.obj
 0001:0004d130       heap_munmap_ex             000000007104e130 f   heap.c.obj
 0001:0004d240       heap_munmap                000000007104e240 f   heap.c.obj
 0001:0004d340       stack_free                 000000007104e340 f   heap.c.obj
 0001:0004d450       map_file                   000000007104e450 f   heap.c.obj
 0001:0004d510       unmap_file                 000000007104e510 f   heap.c.obj
 0001:0004d5b0       heap_vmareas_synch_units   000000007104e5b0 f   heap.c.obj
 0001:0004d880       local_heap_protected       000000007104e880 f   heap.c.obj
 0001:0004d8b0       protect_local_heap         000000007104e8b0 f   heap.c.obj
 0001:0004d960       protect_global_heap        000000007104e960 f   heap.c.obj
 0001:0004da40       special_heap_set_vector_data 000000007104ea40 f   heap.c.obj
 0001:0004da90       special_heap_set_unit_end  000000007104ea90 f   heap.c.obj
 0001:0004dac0       special_heap_profile_exit  000000007104eac0 f   heap.c.obj
 0001:0004dbb0       special_heap_cfree         000000007104ebb0 f   heap.c.obj
 0001:0004dc30       special_heap_free          000000007104ec30 f   heap.c.obj
 0001:0004dc80       special_heap_iterator_start 000000007104ec80 f   heap.c.obj
 0001:0004dcc0       special_heap_iterator_hasnext 000000007104ecc0 f   heap.c.obj
 0001:0004dcd0       special_heap_iterator_next 000000007104ecd0 f   heap.c.obj
 0001:0004dd00       special_heap_iterator_stop 000000007104ed00 f   heap.c.obj
 0001:0004dd10       trim_landing_pad           000000007104ed10 f   heap.c.obj
 0001:0004ddb0       landing_pads_to_executable_areas 000000007104edb0 f   heap.c.obj
 0001:0004e040       vmm_heap_init              000000007104f040 f   heap.c.obj
 0001:0004e8a0       heap_mmap_ex               000000007104f8a0 f   heap.c.obj
 0001:0004e8c0       heap_mmap_reserve          000000007104f8c0 f   heap.c.obj
 0001:0004e8f0       heap_mmap_extend_commitment 000000007104f8f0 f   heap.c.obj
 0001:0004e960       heap_mmap                  000000007104f960 f   heap.c.obj
 0001:0004e990       stack_alloc                000000007104f990 f   heap.c.obj
 0001:0004ef50       heap_thread_reset_init     000000007104ff50 f   heap.c.obj
 0001:0004efc0       heap_thread_reset_free     000000007104ffc0 f   heap.c.obj
 0001:0004f510       heap_reset_init            0000000071050510 f   heap.c.obj
 0001:0004f580       heap_reset_free            0000000071050580 f   heap.c.obj
 0001:0004f750       global_heap_alloc          0000000071050750 f   heap.c.obj
 0001:0004f770       global_heap_free           0000000071050770 f   heap.c.obj
 0001:0004f790       global_heap_realloc        0000000071050790 f   heap.c.obj
 0001:0004f830       heap_thread_init           0000000071050830 f   heap.c.obj
 0001:0004f940       heap_thread_exit           0000000071050940 f   heap.c.obj
 0001:0004f9d0       heap_alloc                 00000000710509d0 f   heap.c.obj
 0001:0004fa00       heap_free                  0000000071050a00 f   heap.c.obj
 0001:0004fa30       global_unprotected_heap_alloc 0000000071050a30 f   heap.c.obj
 0001:0004fa50       global_unprotected_heap_free 0000000071050a50 f   heap.c.obj
 0001:0004fa70       nonpersistent_heap_alloc   0000000071050a70 f   heap.c.obj
 0001:0004faa0       nonpersistent_heap_free    0000000071050aa0 f   heap.c.obj
 0001:0004fde0       special_heap_init          0000000071050de0 f   heap.c.obj
 0001:0004fe10       special_heap_pclookup_init 0000000071050e10 f   heap.c.obj
 0001:0004fe60       special_heap_exit          0000000071050e60 f   heap.c.obj
 0001:00050100       special_heap_calloc        0000000071051100 f   heap.c.obj
 0001:000502b0       special_heap_alloc         00000000710512b0 f   heap.c.obj
 0001:000503e0       alloc_landing_pad          00000000710513e0 f   heap.c.obj
 0001:00050940       heap_init                  0000000071051940 f   heap.c.obj
 0001:00050b60       heap_exit                  0000000071051b60 f   heap.c.obj
 0001:00051210       mangle_trace_at_end        0000000071052210 f   monitor.c.obj
 0001:00051240       monitor_exit               0000000071052240 f   monitor.c.obj
 0001:00051310       thcounter_range_remove     0000000071052310 f   monitor.c.obj
 0001:00051330       is_building_trace          0000000071052330 f   monitor.c.obj
 0001:00051340       cur_trace_vmlist           0000000071052340 f   monitor.c.obj
 0001:00051490       monitor_delete_would_abort_trace 0000000071052490 f   monitor.c.obj
 0001:000515b0       mark_trace_head            00000000710525b0 f   monitor.c.obj
 0001:00051890       should_be_trace_head       0000000071052890 f   monitor.c.obj
 0001:00051970       monitor_is_linkable        0000000071052970 f   monitor.c.obj
 0001:00051f80       monitor_cache_exit         0000000071052f80 f   monitor.c.obj
 0001:00052030       trace_abort                0000000071053030 f   monitor.c.obj
 0001:000520e0       trace_abort_and_delete     00000000710530e0 f   monitor.c.obj
 0001:000520e0       monitor_thread_reset_free  00000000710530e0 f   monitor.c.obj
 0001:00052100       monitor_thread_init        0000000071053100 f   monitor.c.obj
 0001:00052180       monitor_thread_exit        0000000071053180 f   monitor.c.obj
 0001:00052190       monitor_remove_fragment    0000000071053190 f   monitor.c.obj
 0001:000528e0       monitor_cache_enter        00000000710538e0 f   monitor.c.obj
 0001:00053560       revert_memory_regions      0000000071054560 f   vmareas.c.obj
 0001:000538c0       vmvector_print             00000000710548c0 f   vmareas.c.obj
 0001:00053940       vmvector_overlap           0000000071054940 f   vmareas.c.obj
 0001:000539f0       vmvector_lookup_data       00000000710549f0 f   vmareas.c.obj
 0001:00053b00       vmvector_lookup_prev_next  0000000071054b00 f   vmareas.c.obj
 0001:00053c40       vmvector_modify_data       0000000071054c40 f   vmareas.c.obj
 0001:00053d30       vmvector_create_vector     0000000071054d30 f   vmareas.c.obj
 0001:00053d70       vmvector_reset_vector      0000000071054d70 f   vmareas.c.obj
 0001:00053da0       vmvector_delete_vector     0000000071054da0 f   vmareas.c.obj
 0001:00053e40       vmvector_iterator_start    0000000071054e40 f   vmareas.c.obj
 0001:00053eb0       vmvector_iterator_hasnext  0000000071054eb0 f   vmareas.c.obj
 0001:00053ec0       vmvector_iterator_startover 0000000071054ec0 f   vmareas.c.obj
 0001:00053ed0       vmvector_iterator_peek     0000000071054ed0 f   vmareas.c.obj
 0001:00053f30       vmvector_iterator_next     0000000071054f30 f   vmareas.c.obj
 0001:00053fa0       vmvector_iterator_stop     0000000071054fa0 f   vmareas.c.obj
 0001:00053fe0       print_executable_areas     0000000071054fe0 f   vmareas.c.obj
 0001:00054000       get_executable_area_vm_flags 0000000071055000 f   vmareas.c.obj
 0001:000540c0       get_executable_area_flags  00000000710550c0 f   vmareas.c.obj
 0001:00054180       mark_executable_area_coarse_frozen 0000000071055180 f   vmareas.c.obj
 0001:00054260       is_executable_area_writable 0000000071055260 f   vmareas.c.obj
 0001:00054370       executable_vm_area_coarse_overlap 0000000071055370 f   vmareas.c.obj
 0001:00054490       executable_vm_area_executed_from 0000000071055490 f   vmareas.c.obj
 0001:000545b0       executable_area_overlap_bounds 00000000710555b0 f   vmareas.c.obj
 0001:00054850       is_executable_area_on_all_selfmod_pages 0000000071055850 f   vmareas.c.obj
 0001:00054980       mark_dynamo_vm_areas_stale 0000000071055980 f   vmareas.c.obj
 0001:00054990       dynamo_vm_areas_lock       0000000071055990 f   vmareas.c.obj
 0001:000549e0       dynamo_vm_areas_unlock     00000000710559e0 f   vmareas.c.obj
 0001:00054a20       self_owns_dynamo_vm_area_lock 0000000071055a20 f   vmareas.c.obj
 0001:00054a50       is_dynamo_area_buffer      0000000071055a50 f   vmareas.c.obj
 0001:00054a60       is_pretend_writable_address 0000000071055a60 f   vmareas.c.obj
 0001:00054b00       executable_vm_area_overlap 0000000071055b00 f   vmareas.c.obj
 0001:00054b70       executable_areas_lock      0000000071055b70 f   vmareas.c.obj
 0001:00054b80       executable_areas_unlock    0000000071055b80 f   vmareas.c.obj
 0001:00054c40       is_address_on_stack        0000000071055c40 f   vmareas.c.obj
 0001:00054ce0       is_driver_address          0000000071055ce0 f   vmareas.c.obj
 0001:00054e50       app_memory_deallocation    0000000071055e50 f   vmareas.c.obj
 0001:00054ee0       tamper_resistant_region_add 0000000071055ee0 f   vmareas.c.obj
 0001:00054ef0       is_jit_managed_area        0000000071055ef0 f   vmareas.c.obj
 0001:00055050       set_thread_decode_page_start 0000000071056050 f   vmareas.c.obj
 0001:00055080       check_in_last_thread_vm_area 0000000071056080 f   vmareas.c.obj
 0001:00055210       acquire_vm_areas_lock      0000000071056210 f   vmareas.c.obj
 0001:00055250       acquire_vm_areas_lock_if_not_already 0000000071056250 f   vmareas.c.obj
 0001:000552c0       release_vm_areas_lock      00000000710562c0 f   vmareas.c.obj
 0001:00055300       vm_list_overlaps           0000000071056300 f   vmareas.c.obj
 0001:00055800       vm_area_remove_fragment    0000000071056800 f   vmareas.c.obj
 0001:00055970       remove_from_lazy_deletion_list 0000000071056970 f   vmareas.c.obj
 0001:00055a10       add_to_lazy_deletion_list  0000000071056a10 f   vmareas.c.obj
 0001:00055bb0       unlink_fragments_for_deletion 0000000071056bb0 f   vmareas.c.obj
 0001:00055ce0       vm_area_check_shared_pending 0000000071056ce0 f   vmareas.c.obj
 0001:00055fc0       vm_area_coarse_units_reset_free 0000000071056fc0 f   vmareas.c.obj
 0001:00056330       vm_area_coarse_units_freeze 0000000071057330 f   vmareas.c.obj
 0001:000563f0       thread_vm_area_overlap     00000000710573f0 f   vmareas.c.obj
 0001:00056480       mark_unload_start          0000000071057480 f   vmareas.c.obj
 0001:000564d0       mark_unload_end            00000000710574d0 f   vmareas.c.obj
 0001:00056510       is_in_last_unloaded_region 0000000071057510 f   vmareas.c.obj
 0001:00056580       is_unreadable_or_currently_unloaded_region 0000000071057580 f   vmareas.c.obj
 0001:000565d0       print_last_deallocated     00000000710575d0 f   vmareas.c.obj
 0001:00057030       vm_areas_reset_init        0000000071058030 f   vmareas.c.obj
 0001:000570b0       dynamo_vm_areas_init       00000000710580b0 f   vmareas.c.obj
 0001:00057130       vm_areas_init              0000000071058130 f   vmareas.c.obj
 0001:00057550       vm_areas_reset_free        0000000071058550 f   vmareas.c.obj
 0001:000575b0       vm_areas_exit              00000000710585b0 f   vmareas.c.obj
 0001:00057780       vm_areas_thread_reset_init 0000000071058780 f   vmareas.c.obj
 0001:00057800       vm_areas_thread_init       0000000071058800 f   vmareas.c.obj
 0001:00057890       vm_areas_thread_exit       0000000071058890 f   vmareas.c.obj
 0001:00057890       vm_areas_thread_reset_free 0000000071058890 f   vmareas.c.obj
 0001:000578d0       vmvector_add               00000000710588d0 f   vmareas.c.obj
 0001:00057970       vmvector_add_replace       0000000071058970 f   vmareas.c.obj
 0001:00057a90       vmvector_remove            0000000071058a90 f   vmareas.c.obj
 0001:00057b20       vmvector_remove_containing_area 0000000071058b20 f   vmareas.c.obj
 0001:00057c30       vmvector_lookup            0000000071058c30 f   vmareas.c.obj
 0001:00058520       add_executable_region      0000000071059520 f   vmareas.c.obj
 0001:000585b0       remove_executable_region   00000000710595b0 f   vmareas.c.obj
 0001:000585c0       vm_area_delay_load_coarse_units 00000000710595c0 f   vmareas.c.obj
 0001:00058740       free_nonexec_coarse_and_unlock 0000000071059740 f   vmareas.c.obj
 0001:00058a20       get_executable_area_coarse_info 0000000071059a20 f   vmareas.c.obj
 0001:00058a30       is_pretend_or_executable_writable 0000000071059a30 f   vmareas.c.obj
 0001:00058b90       add_dynamo_vm_area         0000000071059b90 f   vmareas.c.obj
 0001:00058c50       remove_dynamo_vm_area      0000000071059c50 f   vmareas.c.obj
 0001:00058cc0       add_dynamo_heap_vm_area    0000000071059cc0 f   vmareas.c.obj
 0001:00058d10       remove_dynamo_heap_areas   0000000071059d10 f   vmareas.c.obj
 0001:00059170       is_dynamo_address          000000007105a170 f   vmareas.c.obj
 0001:00059210       dynamo_vm_area_overlap     000000007105a210 f   vmareas.c.obj
 0001:00059270       app_memory_allocation      000000007105a270 f   vmareas.c.obj
 0001:000593e0       set_region_jit_managed     000000007105a3e0 f   vmareas.c.obj
 0001:00059500       app_memory_protection_change 000000007105a500 f   vmareas.c.obj
 0001:00059a00       vm_area_add_to_list        000000007105aa00 f   vmareas.c.obj
 0001:00059fc0       vm_area_destroy_list       000000007105afc0 f   vmareas.c.obj
 0001:00059fe0       vm_area_unlink_fragments   000000007105afe0 f   vmareas.c.obj
 0001:0005a280       vm_area_flush_fragments    000000007105b280 f   vmareas.c.obj
 0001:0005a5e0       vm_area_allsynch_flush_fragments 000000007105b5e0 f   vmareas.c.obj
 0001:0005a870       handle_modified_code       000000007105b870 f   vmareas.c.obj
 0001:0005ae50       get_selfmod_exec_counter   000000007105be50 f   vmareas.c.obj
 0001:0005af90       vm_area_selfmod_check_clear_exec_count 000000007105bf90 f   vmareas.c.obj
 0001:0005b1f0       was_executable_area_writable 000000007105c1f0 f   vmareas.c.obj
 0001:0005b350       app_memory_pre_alloc       000000007105c350 f   vmareas.c.obj
 0001:0005b470       check_thread_vm_area_abort 000000007105c470 f   vmareas.c.obj
 0001:0005b530       check_thread_vm_area       000000007105c530 f   vmareas.c.obj
 0001:0005c1a0       vm_area_add_fragment       000000007105d1a0 f   vmareas.c.obj
 0001:0005c4c0       hashtable_bits_given_entries 000000007105d4c0 f   hashtable.c.obj
 0001:0005c820       generic_hash_destroy       000000007105d820 f   hashtable.c.obj
 0001:0005c8d0       generic_hash_lookup        000000007105d8d0 f   hashtable.c.obj
 0001:0005c8f0       generic_hash_remove        000000007105d8f0 f   hashtable.c.obj
 0001:0005cc20       strhash_hash_destroy       000000007105dc20 f   hashtable.c.obj
 0001:0005ccd0       strhash_hash_lookup        000000007105dcd0 f   hashtable.c.obj
 0001:0005ccf0       strhash_hash_remove        000000007105dcf0 f   hashtable.c.obj
 0001:0005ced0       hashtable_generic_clear    000000007105ded0 f   hashtable.c.obj
 0001:0005d070       generic_hash_create        000000007105e070 f   hashtable.c.obj
 0001:0005d140       generic_hash_clear         000000007105e140 f   hashtable.c.obj
 0001:0005d150       generic_hash_range_remove  000000007105e150 f   hashtable.c.obj
 0001:0005d310       strhash_hash_create        000000007105e310 f   hashtable.c.obj
 0001:0005d9a0       generic_hash_add           000000007105e9a0 f   hashtable.c.obj
 0001:0005dad0       strhash_hash_add           000000007105ead0 f   hashtable.c.obj
 0001:0005db30       os_get_module_info_lock    000000007105eb30 f   module_list.c.obj
 0001:0005db50       os_get_module_info_unlock  000000007105eb50 f   module_list.c.obj
 0001:0005db70       os_get_module_info_write_lock 000000007105eb70 f   module_list.c.obj
 0001:0005db90       os_get_module_info_write_unlock 000000007105eb90 f   module_list.c.obj
 0001:0005dc40       modules_init               000000007105ec40 f   module_list.c.obj
 0001:0005dcb0       is_module_list_initialized 000000007105ecb0 f   module_list.c.obj
 0001:0005dcc0       modules_reset_list         000000007105ecc0 f   module_list.c.obj
 0001:0005dd90       modules_exit               000000007105ed90 f   module_list.c.obj
 0001:0005ddd0       module_list_add_mapping    000000007105edd0 f   module_list.c.obj
 0001:0005dde0       module_list_remove_mapping 000000007105ede0 f   module_list.c.obj
 0001:0005ddf0       module_list_add            000000007105edf0 f   module_list.c.obj
 0001:0005de90       module_list_remove         000000007105ee90 f   module_list.c.obj
 0001:0005dfa0       module_pc_lookup           000000007105efa0 f   module_list.c.obj
 0001:0005dfb0       os_module_get_view_size    000000007105efb0 f   module_list.c.obj
 0001:0005e020       module_iterator_start      000000007105f020 f   module_list.c.obj
 0001:0005e070       module_iterator_hasnext    000000007105f070 f   module_list.c.obj
 0001:0005e0d0       module_iterator_next       000000007105f0d0 f   module_list.c.obj
 0001:0005e0f0       module_iterator_stop       000000007105f0f0 f   module_list.c.obj
 0001:0005e200       module_calculate_digest    000000007105f200 f   module_list.c.obj
 0001:0005e560       os_module_set_flag         000000007105f560 f   module_list.c.obj
 0001:0005e570       os_module_clear_flag       000000007105f570 f   module_list.c.obj
 0001:0005e580       os_module_get_flag         000000007105f580 f   module_list.c.obj
 0001:0005e750       os_get_module_name_strdup  000000007105f750 f   module_list.c.obj
 0001:0005e7e0       os_get_module_name_buf_strdup 000000007105f7e0 f   module_list.c.obj
 0001:0005ea00       moduledb_process_image     000000007105fa00 f   moduledb.c.obj
 0001:0005eaa0       moduledb_init              000000007105faa0 f   moduledb.c.obj
 0001:0005ead0       moduledb_exit              000000007105fad0 f   moduledb.c.obj
 0001:0005eb40       print_moduledb_exempt_lists 000000007105fb40 f   moduledb.c.obj
 0001:0005ec20       coarse_unit_mark_in_use    000000007105fc20 f   perscache.c.obj
 0001:0005ec70       coarse_unit_free           000000007105fc70 f   perscache.c.obj
 0001:0005ecd0       coarse_unit_init           000000007105fcd0 f   perscache.c.obj
 0001:0005eea0       coarse_unit_reset_free     000000007105fea0 f   perscache.c.obj
 0001:0005eec0       coarse_units_freeze_all    000000007105fec0 f   perscache.c.obj
 0001:0005f540       transfer_coarse_stub       0000000071060540 f   perscache.c.obj
 0001:0005f670       transfer_coarse_stub_fix_trace_head 0000000071060670 f   perscache.c.obj
 0001:0005f7b0       transfer_coarse_fragment   00000000710607b0 f   perscache.c.obj
 0001:00060610       perscache_dirname          0000000071061610 f   perscache.c.obj
 0001:00060710       coarse_unit_check_persist_space 0000000071061710 f   perscache.c.obj
 0001:00061190       instrument_persist_section 0000000071062190 f   perscache.c.obj
 0001:00061230       dr_persist_start           0000000071062230 f   perscache.c.obj
 0001:00061240       dr_persist_size            0000000071062240 f   perscache.c.obj
 0001:00061250       dr_fragment_persistable    0000000071062250 f   perscache.c.obj
 0001:00061380       coarse_unit_create         0000000071062380 f   perscache.c.obj
 0001:00061570       perscache_init             0000000071062570 f   perscache.c.obj
 0001:00061630       perscache_fast_exit        0000000071062630 f   perscache.c.obj
 0001:00061670       coarse_unit_freeze         0000000071062670 f   perscache.c.obj
 0001:00061890       coarse_unit_merge          0000000071062890 f   perscache.c.obj
 0001:00061d70       coarse_unit_load           0000000071062d70 f   perscache.c.obj
 0001:00062a80       coarse_unit_persist        0000000071063a80 f   perscache.c.obj
 0001:00063410       nudge_thread_cleanup       0000000071064410 f   nudge.c.obj
 0001:00063620       generic_nudge_handler      0000000071064620 f   nudge.c.obj
 0001:000637b0       generic_nudge_target       00000000710647b0 f   nudge.c.obj
 0001:000637d0       nudge_internal             00000000710647d0 f   nudge.c.obj
 0001:00063910       synch_exit                 0000000071064910 f   synch.c.obj
 0001:00063920       synch_thread_init          0000000071064920 f   synch.c.obj
 0001:00063980       synch_thread_exit          0000000071064980 f   synch.c.obj
 0001:000639e0       thread_synch_state_no_xfer 00000000710649e0 f   synch.c.obj
 0001:00063a00       thread_synch_successful    0000000071064a00 f   synch.c.obj
 0001:00063a10       is_at_do_syscall           0000000071064a10 f   synch.c.obj
 0001:00063bf0       translate_mcontext         0000000071064bf0 f   synch.c.obj
 0001:00063d60       at_safe_spot               0000000071064d60 f   synch.c.obj
 0001:00063f20       should_wait_at_safe_spot   0000000071064f20 f   synch.c.obj
 0001:00063f30       set_synch_state            0000000071064f30 f   synch.c.obj
 0001:00063f60       set_synched_thread_context 0000000071064f60 f   synch.c.obj
 0001:000640c0       resume_all_threads         00000000710650c0 f   synch.c.obj
 0001:00064150       end_synch_with_all_threads 0000000071065150 f   synch.c.obj
 0001:000641b0       translate_from_synchall_to_dispatch 00000000710651b0 f   synch.c.obj
 0001:00064300       check_wait_at_safe_spot    0000000071065300 f   synch.c.obj
 0001:000644e0       synch_with_thread          00000000710654e0 f   synch.c.obj
 0001:00064880       synch_with_all_threads     0000000071065880 f   synch.c.obj
 0001:00064f80       locate_and_load_private_library 0000000071065f80 f   loader_shared.c.obj
 0001:00064f90       in_private_library         0000000071065f90 f   loader_shared.c.obj
 0001:000652b0       privload_unload            00000000710662b0 f   loader_shared.c.obj
 0001:00065520       privload_add_drext_path    0000000071066520 f   loader_shared.c.obj
 0001:000655a0       privload_next_module       00000000710665a0 f   loader_shared.c.obj
 0001:000655b0       privload_first_module      00000000710665b0 f   loader_shared.c.obj
 0001:000655c0       privload_print_modules     00000000710665c0 f   loader_shared.c.obj
 0001:00065690       loader_exit                0000000071066690 f   loader_shared.c.obj
 0001:00065800       loader_thread_init         0000000071066800 f   loader_shared.c.obj
 0001:00065890       loader_thread_exit         0000000071066890 f   loader_shared.c.obj
 0001:00065910       privload_lookup            0000000071066910 f   loader_shared.c.obj
 0001:00065a10       privload_lookup_by_base    0000000071066a10 f   loader_shared.c.obj
 0001:00065a80       privload_lookup_by_pc      0000000071066a80 f   loader_shared.c.obj
 0001:00065b10       privload_insert            0000000071066b10 f   loader_shared.c.obj
 0001:00065ca0       privload_load              0000000071066ca0 f   loader_shared.c.obj
 0001:00065dc0       loader_init                0000000071066dc0 f   loader_shared.c.obj
 0001:00065ff0       unload_private_library     0000000071066ff0 f   loader_shared.c.obj
 0001:00066040       double2int_trunc           0000000071067040 f   io.c.obj
 0001:000664d0       utf16_to_utf8_size         00000000710674d0 f   io.c.obj
 0001:00066cd0       our_vsnprintf              0000000071067cd0 f   io.c.obj
 0001:000676a0       our_snprintf               00000000710686a0 f   io.c.obj
 0001:000676a0       dr_snprintf                00000000710686a0 f   instrument.c.obj
 0001:00067ed0       our_vsnprintf_wide         0000000071068ed0 f   io.c.obj
 0001:000689e0       our_snprintf_wide          00000000710699e0 f   io.c.obj
 0001:000689e0       dr_snwprintf               00000000710699e0 f   instrument.c.obj
 0001:00068a00       parse_int                  0000000071069a00 f   io.c.obj
 0001:00068b20       our_vsscanf                0000000071069b20 f   io.c.obj
 0001:00068fd0       native_exec_init           0000000071069fd0 f   native_exec.c.obj
 0001:00069050       native_exec_exit           000000007106a050 f   native_exec.c.obj
 0001:00069080       is_native_pc               000000007106a080 f   native_exec.c.obj
 0001:00069230       native_exec_module_load    000000007106a230 f   native_exec.c.obj
 0001:00069280       native_exec_module_unload  000000007106a280 f   native_exec.c.obj
 0001:00069490       call_to_native             000000007106a490 f   native_exec.c.obj
 0001:000695b0       return_to_native           000000007106a5b0 f   native_exec.c.obj
 0001:000696e0       return_from_native         000000007106a6e0 f   native_exec.c.obj
 0001:00069770       interpret_back_from_native 000000007106a770 f   native_exec.c.obj
 0001:000697a0       put_back_native_retaddrs   000000007106a7a0 f   native_exec.c.obj
 0001:000698f0       instrument_load_client_libs 000000007106a8f0 f   instrument.c.obj
 0001:00069ca0       instrument_exit            000000007106aca0 f   instrument.c.obj
 0001:00069df0       is_in_client_lib           000000007106adf0 f   instrument.c.obj
 0001:00069e60       get_client_path_from_addr  000000007106ae60 f   instrument.c.obj
 0001:00069eb0       dr_register_exit_event     000000007106aeb0 f   instrument.c.obj
 0001:00069fc0       dr_unregister_exit_event   000000007106afc0 f   instrument.c.obj
 0001:0006a0b0       dr_register_bb_event       000000007106b0b0 f   instrument.c.obj
 0001:0006a1c0       dr_unregister_bb_event     000000007106b1c0 f   instrument.c.obj
 0001:0006a2b0       dr_register_trace_event    000000007106b2b0 f   instrument.c.obj
 0001:0006a3c0       dr_unregister_trace_event  000000007106b3c0 f   instrument.c.obj
 0001:0006a4b0       dr_register_end_trace_event 000000007106b4b0 f   instrument.c.obj
 0001:0006a5c0       dr_unregister_end_trace_event 000000007106b5c0 f   instrument.c.obj
 0001:0006a6b0       dr_register_delete_event   000000007106b6b0 f   instrument.c.obj
 0001:0006a7c0       dr_unregister_delete_event 000000007106b7c0 f   instrument.c.obj
 0001:0006a8b0       dr_register_restore_state_event 000000007106b8b0 f   instrument.c.obj
 0001:0006a9c0       dr_unregister_restore_state_event 000000007106b9c0 f   instrument.c.obj
 0001:0006aab0       dr_register_restore_state_ex_event 000000007106bab0 f   instrument.c.obj
 0001:0006abc0       dr_unregister_restore_state_ex_event 000000007106bbc0 f   instrument.c.obj
 0001:0006acb0       dr_register_thread_init_event 000000007106bcb0 f   instrument.c.obj
 0001:0006adc0       dr_unregister_thread_init_event 000000007106bdc0 f   instrument.c.obj
 0001:0006aeb0       dr_register_thread_exit_event 000000007106beb0 f   instrument.c.obj
 0001:0006afc0       dr_unregister_thread_exit_event 000000007106bfc0 f   instrument.c.obj
 0001:0006b0b0       dr_register_module_load_event 000000007106c0b0 f   instrument.c.obj
 0001:0006b1c0       dr_unregister_module_load_event 000000007106c1c0 f   instrument.c.obj
 0001:0006b2b0       dr_register_module_unload_event 000000007106c2b0 f   instrument.c.obj
 0001:0006b3c0       dr_unregister_module_unload_event 000000007106c3c0 f   instrument.c.obj
 0001:0006b4b0       dr_register_exception_event 000000007106c4b0 f   instrument.c.obj
 0001:0006b5c0       dr_unregister_exception_event 000000007106c5c0 f   instrument.c.obj
 0001:0006b6b0       dr_register_filter_syscall_event 000000007106c6b0 f   instrument.c.obj
 0001:0006b7c0       dr_unregister_filter_syscall_event 000000007106c7c0 f   instrument.c.obj
 0001:0006b8b0       dr_register_pre_syscall_event 000000007106c8b0 f   instrument.c.obj
 0001:0006b9c0       dr_unregister_pre_syscall_event 000000007106c9c0 f   instrument.c.obj
 0001:0006bab0       dr_register_post_syscall_event 000000007106cab0 f   instrument.c.obj
 0001:0006bbc0       dr_unregister_post_syscall_event 000000007106cbc0 f   instrument.c.obj
 0001:0006bcb0       dr_register_nudge_event    000000007106ccb0 f   instrument.c.obj
 0001:0006bdb0       dr_unregister_nudge_event  000000007106cdb0 f   instrument.c.obj
 0001:0006bec0       dr_nudge_client_ex         000000007106cec0 f   instrument.c.obj
 0001:0006bf60       dr_nudge_client            000000007106cf60 f   instrument.c.obj
 0001:0006bfa0       dr_is_nudge_thread         000000007106cfa0 f   instrument.c.obj
 0001:0006bfb0       instrument_client_thread_init 000000007106cfb0 f   instrument.c.obj
 0001:0006c040       instrument_thread_exit_event 000000007106d040 f   instrument.c.obj
 0001:0006c1b0       dr_bb_hook_exists          000000007106d1b0 f   instrument.c.obj
 0001:0006c1c0       dr_trace_hook_exists       000000007106d1c0 f   instrument.c.obj
 0001:0006c1d0       dr_fragment_deleted_hook_exists 000000007106d1d0 f   instrument.c.obj
 0001:0006c1e0       dr_end_trace_hook_exists   000000007106d1e0 f   instrument.c.obj
 0001:0006c1f0       dr_thread_exit_hook_exists 000000007106d1f0 f   instrument.c.obj
 0001:0006c200       dr_exit_hook_exists        000000007106d200 f   instrument.c.obj
 0001:0006c210       dr_xl8_hook_exists         000000007106d210 f   instrument.c.obj
 0001:0006c230       dr_modload_hook_exists     000000007106d230 f   instrument.c.obj
 0001:0006c240       hide_tag_from_client       000000007106d240 f   instrument.c.obj
 0001:0006c290       instrument_basic_block     000000007106d290 f   instrument.c.obj
 0001:0006c490       instrument_trace           000000007106d490 f   instrument.c.obj
 0001:0006c620       instrument_fragment_deleted 000000007106d620 f   instrument.c.obj
 0001:0006c7b0       instrument_restore_state   000000007106d7b0 f   instrument.c.obj
 0001:0006ca00       instrument_end_trace       000000007106da00 f   instrument.c.obj
 0001:0006cc60       copy_module_area_to_module_data 000000007106dc60 f   instrument.c.obj
 0001:0006ccd0       dr_copy_module_data        000000007106dcd0 f   instrument.c.obj
 0001:0006cd40       dr_free_module_data        000000007106dd40 f   instrument.c.obj
 0001:0006cd90       dr_module_contains_addr    000000007106dd90 f   instrument.c.obj
 0001:0006cdb0       instrument_module_load     000000007106ddb0 f   instrument.c.obj
 0001:0006cf20       instrument_module_unload   000000007106df20 f   instrument.c.obj
 0001:0006d070       instrument_filter_syscall  000000007106e070 f   instrument.c.obj
 0001:0006d1d0       instrument_pre_syscall     000000007106e1d0 f   instrument.c.obj
 0001:0006d340       instrument_post_syscall    000000007106e340 f   instrument.c.obj
 0001:0006d480       instrument_invoke_another_syscall 000000007106e480 f   instrument.c.obj
 0001:0006d490       instrument_exception       000000007106e490 f   instrument.c.obj
 0001:0006d5d0       instrument_nudge           000000007106e5d0 f   instrument.c.obj
 0001:0006d7a0       get_num_client_threads     000000007106e7a0 f   instrument.c.obj
 0001:0006d7b0       dr_standalone_init         000000007106e7b0 f   instrument.c.obj
 0001:0006d7c0       dr_abort                   000000007106e7c0 f   instrument.c.obj
 0001:0006d7f0       dr_exit_process            000000007106e7f0 f   instrument.c.obj
 0001:0006d8c0       dr_create_memory_dump      000000007106e8c0 f   instrument.c.obj
 0001:0006d8e0       dr_using_all_private_caches 000000007106e8e0 f   instrument.c.obj
 0001:0006d900       dr_set_process_exit_behavior 000000007106e900 f   instrument.c.obj
 0001:0006d970       dr_get_options             000000007106e970 f   instrument.c.obj
 0001:0006daf0       dr_get_option_array        000000007106eaf0 f   instrument.c.obj
 0001:0006db50       dr_get_client_path         000000007106eb50 f   instrument.c.obj
 0001:0006db90       dr_get_client_base         000000007106eb90 f   instrument.c.obj
 0001:0006dbd0       dr_set_client_name         000000007106ebd0 f   instrument.c.obj
 0001:0006dc00       dr_set_client_version_string 000000007106ec00 f   instrument.c.obj
 0001:0006dc20       dr_get_application_name    000000007106ec20 f   instrument.c.obj
 0001:0006dc30       dr_convert_handle_to_pid   000000007106ec30 f   instrument.c.obj
 0001:0006dc40       dr_convert_pid_to_handle   000000007106ec40 f   instrument.c.obj
 0001:0006dc50       dr_get_os_version          000000007106ec50 f   instrument.c.obj
 0001:0006dda0       dr_is_wow64                000000007106eda0 f   instrument.c.obj
 0001:0006ddb0       dr_get_app_PEB             000000007106edb0 f   instrument.c.obj
 0001:0006ddb0       kernel32_redir_init_proc   000000007106edb0 f   kernel32_proc.c.obj
 0001:0006ddc0       dr_get_time                000000007106edc0 f   instrument.c.obj
 0001:0006dde0       dr_get_milliseconds        000000007106ede0 f   instrument.c.obj
 0001:0006ddf0       dr_get_random_value        000000007106edf0 f   instrument.c.obj
 0001:0006de00       dr_set_random_seed         000000007106ee00 f   instrument.c.obj
 0001:0006de10       dr_get_random_seed         000000007106ee10 f   instrument.c.obj
 0001:0006de20       dr_thread_alloc            000000007106ee20 f   instrument.c.obj
 0001:0006de30       dr_thread_free             000000007106ee30 f   instrument.c.obj
 0001:0006de40       dr_global_alloc            000000007106ee40 f   instrument.c.obj
 0001:0006de50       dr_global_free             000000007106ee50 f   instrument.c.obj
 0001:0006de50       convert_to_NT_file_path_wide_free 000000007106ee50 f   os.c.obj
 0001:0006de60       dr_nonheap_alloc           000000007106ee60 f   instrument.c.obj
 0001:0006de70       dr_nonheap_free            000000007106ee70 f   instrument.c.obj
 0001:0006e0b0       dr_raw_mem_alloc           000000007106f0b0 f   instrument.c.obj
 0001:0006e0c0       dr_raw_mem_free            000000007106f0c0 f   instrument.c.obj
 0001:0006e120       dr_custom_alloc            000000007106f120 f   instrument.c.obj
 0001:0006e220       dr_custom_free             000000007106f220 f   instrument.c.obj
 0001:0006e300       dr_memory_protect          000000007106f300 f   instrument.c.obj
 0001:0006e390       is_readable_without_exception_query_os 000000007106f390 f   os.c.obj
 0001:0006e390       dr_memory_is_readable      000000007106f390 f   instrument.c.obj
 0001:0006e3a0       dr_query_memory            000000007106f3a0 f   instrument.c.obj
 0001:0006e3f0       dr_query_memory_ex         000000007106f3f0 f   instrument.c.obj
 0001:0006e440       dr_safe_read               000000007106f440 f   instrument.c.obj
 0001:0006e450       dr_safe_write              000000007106f450 f   instrument.c.obj
 0001:0006e460       dr_try_setup               000000007106f460 f   instrument.c.obj
 0001:0006e4a0       dr_try_stop                000000007106f4a0 f   instrument.c.obj
 0001:0006e4c0       dr_memory_is_dr_internal   000000007106f4c0 f   instrument.c.obj
 0001:0006e4d0       dr_memory_is_in_client     000000007106f4d0 f   instrument.c.obj
 0001:0006e4e0       instrument_client_lib_loaded 000000007106f4e0 f   instrument.c.obj
 0001:0006e520       instrument_client_lib_unloaded 000000007106f520 f   instrument.c.obj
 0001:0006e550       dr_load_aux_library        000000007106f550 f   instrument.c.obj
 0001:0006e620       dr_lookup_aux_library_routine 000000007106f620 f   instrument.c.obj
 0001:0006e630       dr_unload_aux_library      000000007106f630 f   instrument.c.obj
 0001:0006e710       dr_mutex_create            000000007106f710 f   instrument.c.obj
 0001:0006e740       dr_mutex_destroy           000000007106f740 f   instrument.c.obj
 0001:0006e760       dr_mutex_lock              000000007106f760 f   instrument.c.obj
 0001:0006e7e0       dr_mutex_unlock            000000007106f7e0 f   instrument.c.obj
 0001:0006e830       dr_mutex_trylock           000000007106f830 f   instrument.c.obj
 0001:0006e8c0       dr_rwlock_create           000000007106f8c0 f   instrument.c.obj
 0001:0006e920       dr_rwlock_destroy          000000007106f920 f   instrument.c.obj
 0001:0006e940       dr_rwlock_read_lock        000000007106f940 f   instrument.c.obj
 0001:0006e950       dr_rwlock_read_unlock      000000007106f950 f   instrument.c.obj
 0001:0006e960       dr_rwlock_write_lock       000000007106f960 f   instrument.c.obj
 0001:0006e970       dr_rwlock_write_unlock     000000007106f970 f   instrument.c.obj
 0001:0006e980       dr_rwlock_write_trylock    000000007106f980 f   instrument.c.obj
 0001:0006e990       dr_rwlock_self_owns_write_lock 000000007106f990 f   instrument.c.obj
 0001:0006e9a0       dr_rwlock_mark_as_app      000000007106f9a0 f   instrument.c.obj
 0001:0006e9a0       dr_mutex_mark_as_app       000000007106f9a0 f   instrument.c.obj
 0001:0006e9a0       dr_recurlock_mark_as_app   000000007106f9a0 f   instrument.c.obj
 0001:0006e9b0       dr_recurlock_create        000000007106f9b0 f   instrument.c.obj
 0001:0006e9f0       dr_recurlock_destroy       000000007106f9f0 f   instrument.c.obj
 0001:0006ea10       dr_recurlock_lock          000000007106fa10 f   instrument.c.obj
 0001:0006ea20       dr_recurlock_unlock        000000007106fa20 f   instrument.c.obj
 0001:0006ea30       dr_recurlock_trylock       000000007106fa30 f   instrument.c.obj
 0001:0006ea40       dr_recurlock_self_owns     000000007106fa40 f   instrument.c.obj
 0001:0006ea50       dr_mark_safe_to_suspend    000000007106fa50 f   instrument.c.obj
 0001:0006ea80       dr_atomic_add32_return_sum 000000007106fa80 f   instrument.c.obj
 0001:0006ea90       dr_lookup_module           000000007106fa90 f   instrument.c.obj
 0001:0006eac0       dr_get_main_module         000000007106fac0 f   instrument.c.obj
 0001:0006eb00       dr_lookup_module_by_name   000000007106fb00 f   instrument.c.obj
 0001:0006ebb0       dr_module_iterator_start   000000007106fbb0 f   instrument.c.obj
 0001:0006ece0       dr_module_iterator_hasnext 000000007106fce0 f   instrument.c.obj
 0001:0006ece0       ksynch_var_initialized     000000007106fce0 f   os.c.obj
 0001:0006ecf0       dr_module_iterator_next    000000007106fcf0 f   instrument.c.obj
 0001:0006ed10       dr_module_iterator_stop    000000007106fd10 f   instrument.c.obj
 0001:0006edd0       dr_module_preferred_name   000000007106fdd0 f   instrument.c.obj
 0001:0006ee00       dr_lookup_module_section   000000007106fe00 f   instrument.c.obj
 0001:0006ee10       dr_module_set_should_instrument 000000007106fe10 f   instrument.c.obj
 0001:0006ee60       dr_module_should_instrument 000000007106fe60 f   instrument.c.obj
 0001:0006eeb0       dr_get_proc_address        000000007106feb0 f   instrument.c.obj
 0001:0006eec0       dr_get_proc_address_ex     000000007106fec0 f   instrument.c.obj
 0001:0006ef00       dr_create_dir              000000007106ff00 f   instrument.c.obj
 0001:0006ef10       dr_delete_dir              000000007106ff10 f   instrument.c.obj
 0001:0006ef20       dr_get_current_directory   000000007106ff20 f   instrument.c.obj
 0001:0006ef30       dr_directory_exists        000000007106ff30 f   instrument.c.obj
 0001:0006ef40       dr_file_exists             000000007106ff40 f   instrument.c.obj
 0001:0006ef50       dr_open_file               000000007106ff50 f   instrument.c.obj
 0001:0006efa0       dr_rename_file             000000007106ffa0 f   instrument.c.obj
 0001:0006efb0       dr_delete_file             000000007106ffb0 f   instrument.c.obj
 0001:0006efc0       dr_flush_file              000000007106ffc0 f   instrument.c.obj
 0001:0006efd0       dr_read_file               000000007106ffd0 f   instrument.c.obj
 0001:0006efe0       dr_file_seek               000000007106ffe0 f   instrument.c.obj
 0001:0006eff0       dr_file_tell               000000007106fff0 f   instrument.c.obj
 0001:0006f000       dr_dup_file_handle         0000000071070000 f   instrument.c.obj
 0001:0006f050       dr_file_size               0000000071070050 f   instrument.c.obj
 0001:0006f060       dr_map_file                0000000071070060 f   instrument.c.obj
 0001:0006f090       dr_unmap_file              0000000071070090 f   instrument.c.obj
 0001:0006f120       dr_is_notify_on            0000000071070120 f   instrument.c.obj
 0001:0006f130       dr_get_stdout_file         0000000071070130 f   instrument.c.obj
 0001:0006f140       dr_get_stderr_file         0000000071070140 f   instrument.c.obj
 0001:0006f150       dr_get_stdin_file          0000000071070150 f   instrument.c.obj
 0001:0006f160       dr_messagebox              0000000071070160 f   instrument.c.obj
 0001:0006f340       dr_using_console           0000000071070340 f   instrument.c.obj
 0001:0006f3e0       dr_enable_console_printing 00000000710703e0 f   instrument.c.obj
 0001:0006f4f0       dr_printf                  00000000710704f0 f   instrument.c.obj
 0001:0006f550       dr_fprintf                 0000000071070550 f   instrument.c.obj
 0001:0006f5d0       dr_vsnprintf               00000000710705d0 f   instrument.c.obj
 0001:0006f5e0       dr_vsnwprintf              00000000710705e0 f   instrument.c.obj
 0001:0006f5f0       dr_sscanf                  00000000710705f0 f   instrument.c.obj
 0001:0006f5f0       our_sscanf                 00000000710705f0 f   io.c.obj
 0001:0006f620       dr_get_token               0000000071070620 f   instrument.c.obj
 0001:0006f650       dr_print_instr             0000000071070650 f   instrument.c.obj
 0001:0006f6c0       dr_print_opnd              00000000710706c0 f   instrument.c.obj
 0001:0006f720       dr_get_current_drcontext   0000000071070720 f   instrument.c.obj
 0001:0006f730       dr_get_thread_id           0000000071070730 f   instrument.c.obj
 0001:0006f740       dr_get_dr_thread_handle    0000000071070740 f   instrument.c.obj
 0001:0006f750       dr_get_tls_field           0000000071070750 f   instrument.c.obj
 0001:0006f760       dr_set_tls_field           0000000071070760 f   instrument.c.obj
 0001:0006f770       dr_get_dr_segment_base     0000000071070770 f   instrument.c.obj
 0001:0006f780       dr_raw_tls_calloc          0000000071070780 f   instrument.c.obj
 0001:0006f7a0       dr_raw_tls_cfree           00000000710707a0 f   instrument.c.obj
 0001:0006f7b0       dr_raw_tls_opnd            00000000710707b0 f   instrument.c.obj
 0001:0006f810       dr_thread_yield            0000000071070810 f   instrument.c.obj
 0001:0006f890       dr_sleep                   0000000071070890 f   instrument.c.obj
 0001:0006f920       dr_client_thread_set_suspendable 0000000071070920 f   instrument.c.obj
 0001:0006f960       dr_suspend_all_other_threads_ex 0000000071070960 f   instrument.c.obj
 0001:0006fb20       dr_suspend_all_other_threads 0000000071070b20 f   instrument.c.obj
 0001:0006fb30       dr_resume_all_other_threads 0000000071070b30 f   instrument.c.obj
 0001:0006fc00       dr_is_thread_native        0000000071070c00 f   instrument.c.obj
 0001:0006fc10       dr_retakeover_suspended_native_thread 0000000071070c10 f   instrument.c.obj
 0001:0006fe80       instrlist_meta_preinsert   0000000071070e80 f   instrument.c.obj
 0001:0006fec0       instrlist_meta_postinsert  0000000071070ec0 f   instrument.c.obj
 0001:0006ff00       instrlist_meta_append      0000000071070f00 f   instrument.c.obj
 0001:0006ff30       instrlist_meta_fault_preinsert 0000000071070f30 f   instrument.c.obj
 0001:0006ff70       instrlist_meta_fault_postinsert 0000000071070f70 f   instrument.c.obj
 0001:0006ffb0       instrlist_meta_fault_append 0000000071070fb0 f   instrument.c.obj
 0001:0006ffe0       dr_insert_call             0000000071070fe0 f   instrument.c.obj
 0001:000700e0       dr_insert_call_ex          00000000710710e0 f   instrument.c.obj
 0001:000701e0       dr_insert_call_noreturn    00000000710711e0 f   instrument.c.obj
 0001:00070530       dr_insert_clean_call_ex_varg 0000000071071530 f   instrument.c.obj
 0001:00070950       dr_insert_clean_call_ex    0000000071071950 f   instrument.c.obj
 0001:00070a50       dr_insert_clean_call       0000000071071a50 f   instrument.c.obj
 0001:00070b50       dr_prepare_for_call        0000000071071b50 f   instrument.c.obj
 0001:00070b60       dr_cleanup_after_call      0000000071071b60 f   instrument.c.obj
 0001:00070b80       dr_swap_to_clean_stack     0000000071071b80 f   instrument.c.obj
 0001:00070cb0       dr_restore_app_stack       0000000071071cb0 f   instrument.c.obj
 0001:00070d30       dr_save_reg                0000000071071d30 f   instrument.c.obj
 0001:00070ef0       dr_restore_reg             0000000071071ef0 f   instrument.c.obj
 0001:00071020       dr_max_opnd_accessible_spill_slot 0000000071072020 f   instrument.c.obj
 0001:00071040       reg_spill_slot_opnd        0000000071072040 f   instrument.c.obj
 0001:000710c0       dr_reg_spill_slot_opnd     00000000710720c0 f   instrument.c.obj
 0001:00071140       dr_read_saved_reg          0000000071072140 f   instrument.c.obj
 0001:00071180       dr_write_saved_reg         0000000071072180 f   instrument.c.obj
 0001:000711c0       dr_insert_read_tls_field   00000000710721c0 f   instrument.c.obj
 0001:000712f0       dr_insert_write_tls_field  00000000710722f0 f   instrument.c.obj
 0001:000714d0       dr_save_arith_flags_to_reg 00000000710724d0 f   instrument.c.obj
 0001:000715a0       dr_restore_arith_flags_from_reg 00000000710725a0 f   instrument.c.obj
 0001:000716a0       dr_insert_call_instrumentation 00000000710726a0 f   instrument.c.obj
 0001:00071820       dr_insert_mbr_instrumentation 0000000071072820 f   instrument.c.obj
 0001:00072270       dr_insert_cbr_instrumentation 0000000071073270 f   instrument.c.obj
 0001:000722a0       dr_insert_cbr_instrumentation_ex 00000000710732a0 f   instrument.c.obj
 0001:000722d0       dr_insert_ubr_instrumentation 00000000710732d0 f   instrument.c.obj
 0001:000722e0       dr_clobber_retaddr_after_read 00000000710732e0 f   instrument.c.obj
 0001:00072370       dr_mcontext_xmm_fields_valid 0000000071073370 f   instrument.c.obj
 0001:00072380       dr_get_mcontext_priv       0000000071073380 f   instrument.c.obj
 0001:00072570       dr_get_mcontext            0000000071073570 f   instrument.c.obj
 0001:00072580       dr_set_mcontext            0000000071073580 f   instrument.c.obj
 0001:00072620       dr_redirect_execution      0000000071073620 f   instrument.c.obj
 0001:000726a0       dr_redirect_native_target  00000000710736a0 f   instrument.c.obj
 0001:000726b0       dr_delete_fragment         00000000710736b0 f   instrument.c.obj
 0001:000727e0       dr_replace_fragment        00000000710737e0 f   instrument.c.obj
 0001:00072920       dr_flush_region            0000000071073920 f   instrument.c.obj
 0001:000729a0       dr_unlink_flush_region     00000000710739a0 f   instrument.c.obj
 0001:00072a20       dr_delay_flush_region      0000000071073a20 f   instrument.c.obj
 0001:00072ad0       dr_fragment_exists_at      0000000071073ad0 f   instrument.c.obj
 0001:00072b10       dr_bb_exists_at            0000000071073b10 f   instrument.c.obj
 0001:00072b40       dr_fragment_size           0000000071073b40 f   instrument.c.obj
 0001:00072b90       dr_fragment_app_pc         0000000071073b90 f   instrument.c.obj
 0001:00072bc0       dr_app_pc_for_decoding     0000000071073bc0 f   instrument.c.obj
 0001:00072bf0       dr_app_pc_from_cache_pc    0000000071073bf0 f   instrument.c.obj
 0001:00072c60       dr_using_app_state         0000000071073c60 f   instrument.c.obj
 0001:00072c70       dr_switch_to_app_state_ex  0000000071073c70 f   instrument.c.obj
 0001:00072c80       dr_switch_to_dr_state_ex   0000000071073c80 f   instrument.c.obj
 0001:00072c90       dr_mark_trace_head         0000000071073c90 f   instrument.c.obj
 0001:00072d90       dr_trace_head_at           0000000071073d90 f   instrument.c.obj
 0001:00072df0       dr_trace_exists_at         0000000071073df0 f   instrument.c.obj
 0001:00072e40       dr_insert_get_seg_base     0000000071073e40 f   instrument.c.obj
 0001:00072f30       instrument_persist_ro_size 0000000071073f30 f   instrument.c.obj
 0001:000730f0       instrument_persist_ro      00000000710740f0 f   instrument.c.obj
 0001:000732f0       instrument_resurrect_ro    00000000710742f0 f   instrument.c.obj
 0001:000734e0       instrument_persist_rx_size 00000000710744e0 f   instrument.c.obj
 0001:00073680       instrument_persist_rx      0000000071074680 f   instrument.c.obj
 0001:00073830       instrument_resurrect_rx    0000000071074830 f   instrument.c.obj
[...]
      272    dr_rwlock_write_trylock
      273    dr_rwlock_write_unlock
      274    dr_safe_read
      275    dr_safe_write
      276    dr_save_arith_flags
      277    dr_save_arith_flags_to_reg
      278    dr_save_arith_flags_to_xax
      279    dr_save_reg
      280    dr_set_client_name
      281    dr_set_client_version_string
      282    dr_set_isa_mode
      283    dr_set_mcontext
      284    dr_set_process_exit_behavior
      285    dr_set_random_seed
      286    dr_set_tls_field
      287    dr_sleep
      288    dr_snprintf
      289    dr_snwprintf
      290    dr_sscanf
      291    dr_standalone_init
      292    dr_suspend_all_other_threads
      293    dr_suspend_all_other_threads_ex
      294    dr_swap_to_clean_stack
      295    dr_switch_to_app_state
      296    dr_switch_to_app_state_ex
      297    dr_switch_to_dr_state
      298    dr_switch_to_dr_state_ex
      299    dr_symbol_export_iterator_hasnext
      300    dr_symbol_export_iterator_next
      301    dr_symbol_export_iterator_start
      302    dr_symbol_export_iterator_stop
      303    dr_symbol_import_iterator_hasnext
      304    dr_symbol_import_iterator_next
      305    dr_symbol_import_iterator_start
      306    dr_symbol_import_iterator_stop
      307    dr_syscall_get_param
      308    dr_syscall_get_result
      309    dr_syscall_get_result_ex
      310    dr_syscall_intercept_natively
      311    dr_syscall_invoke_another
      312    dr_syscall_set_param
      313    dr_syscall_set_result
      314    dr_syscall_set_result_ex
      315    dr_syscall_set_sysnum
      316    dr_thread_alloc
      317    dr_thread_free
      318    dr_thread_yield
      319    dr_trace_exists_at
      320    dr_trace_head_at
      321    dr_try_setup
      322    dr_try_start
      323    dr_try_stop
      324    dr_unlink_flush_region
      325    dr_unload_aux_library
      326    dr_unmap_file
      327    dr_unregister_bb_event
      328    dr_unregister_delete_event
      329    dr_unregister_end_trace_event
      330    dr_unregister_exception_event
      331    dr_unregister_exit_event
      332    dr_unregister_filter_syscall_event
      333    dr_unregister_module_load_event
      334    dr_unregister_module_unload_event
      335    dr_unregister_nudge_event
      336    dr_unregister_persist_patch
      337    dr_unregister_persist_ro
      338    dr_unregister_persist_rw
      339    dr_unregister_persist_rx
      340    dr_unregister_post_syscall_event
      341    dr_unregister_pre_syscall_event
      342    dr_unregister_restore_state_event
      343    dr_unregister_restore_state_ex_event
      344    dr_unregister_thread_exit_event
      345    dr_unregister_thread_init_event
      346    dr_unregister_trace_event
      347    dr_using_all_private_caches
      348    dr_using_app_state
      349    dr_using_console
      350    dr_virtual_query
      351    dr_vsnprintf
      352    dr_vsnwprintf
      353    dr_write_file
      354    dr_write_saved_reg
      355    dynamo_auto_start
      356    dynamorio_app_init
      357    dynamorio_app_init_and_early_takeover
      358    dynamorio_app_take_over
      359    dynamorio_earliest_init_takeover
      360    Forwarded to NTDLL.fabs
               exported name: fabs
      361    Forwarded to NTDLL.floor
               exported name: floor
      362    get_register_name
      363    get_x86_mode
      364    instr_allocate_raw_bits
      365    instr_build
      366    instr_build_bits
      367    instr_clone
      368    instr_cmovcc_to_jcc
      369    instr_cmovcc_triggered
      370    instr_compute_address
      371    instr_compute_address_ex
      372    instr_compute_address_ex_pos
      373    instr_convert_short_meta_jmp_to_long
      374    instr_create
      375    instr_create_0dst_0src
      376    instr_create_0dst_1src
      377    instr_create_0dst_2src
      378    instr_create_0dst_3src
      379    instr_create_0dst_4src
      380    instr_create_1dst_0src
      381    instr_create_1dst_1src
      382    instr_create_1dst_2src
      383    instr_create_1dst_3src
      384    instr_create_1dst_4src
      385    instr_create_1dst_5src
      386    instr_create_2dst_0src
      387    instr_create_2dst_1src
      388    instr_create_2dst_2src
      389    instr_create_2dst_3src
      390    instr_create_2dst_4src
      391    instr_create_2dst_5src
      392    instr_create_3dst_0src
      393    instr_create_3dst_2src
      394    instr_create_3dst_3src
      395    instr_create_3dst_4src
      396    instr_create_3dst_5src
      397    instr_create_4dst_1src
      398    instr_create_4dst_4src
      399    instr_create_Ndst_Msrc_vardst
      400    instr_create_Ndst_Msrc_varsrc
      401    instr_create_popa
      402    instr_create_pusha
      403    instr_destroy
      404    instr_disassemble
      405    instr_disassemble_to_buffer
      406    instr_encode
      407    instr_encode_to_copy
      408    instr_free
      409    instr_free_raw_bits
      410    instr_get_app_pc
      411    instr_get_arith_flags
      412    instr_get_branch_target_pc
      413    instr_get_dst
      414    instr_get_eflags
      415    instr_get_interrupt_number
      416    instr_get_isa_mode
      417    instr_get_label_data_area
      418    instr_get_next
      419    instr_get_next_app
      420    instr_get_note
      421    instr_get_opcode
      422    instr_get_opcode_eflags
      423    instr_get_predicate
      424    instr_get_prefix_flag
      425    instr_get_prev
      426    instr_get_prev_app
      427    instr_get_raw_bits
      428    instr_get_raw_byte
      429    instr_get_raw_word
      430    instr_get_rel_addr_dst_idx
      431    instr_get_rel_addr_src_idx
      432    instr_get_rel_addr_target
      433    instr_get_src
      434    instr_get_target
      435    instr_get_x86_mode
      436    instr_has_allocated_bits
      437    instr_has_rel_addr_reference
      438    instr_init
      439    instr_invert_cbr
      440    instr_is_3DNow
      441    instr_is_app
      442    instr_is_call
      443    instr_is_call_direct
      444    instr_is_call_indirect
      445    instr_is_cbr
      446    instr_is_cti
      447    instr_is_cti_loop
      448    instr_is_cti_short
      449    instr_is_cti_short_rewrite
      450    instr_is_encoding_possible
      451    instr_is_exclusive_store
      452    instr_is_exit_cti
      453    instr_is_far_abs_cti
      454    instr_is_far_cti
      455    instr_is_floating
      456    instr_is_floating_ex
      457    instr_is_interrupt
      458    instr_is_label
      459    instr_is_mbr
      460    instr_is_meta
      461    instr_is_meta_may_fault
      462    instr_is_mmx
      463    instr_is_mov
      464    instr_is_mov_constant
      465    instr_is_mov_imm_to_tos
      466    instr_is_near_call_direct
      467    instr_is_near_ubr
      468    instr_is_nop
      469    instr_is_predicated
      470    instr_is_prefetch
      471    instr_is_reg_spill_or_restore
      472    instr_is_return
      473    instr_is_sse
      474    instr_is_sse2
      475    instr_is_sse3
      476    instr_is_sse41
      477    instr_is_sse42
      478    instr_is_sse4A
      479    instr_is_sse_or_sse2
      480    instr_is_ssse3
      481    instr_is_syscall
      482    instr_is_ubr
      483    instr_is_undefined
      484    instr_is_wow64_syscall
      485    instr_jcc_taken
      486    instr_length
      487    instr_make_persistent
      488    instr_mem_usage
      489    instr_memory_reference_size
      490    instr_needs_encoding
      491    instr_num_dsts
      492    instr_num_srcs
      493    instr_ok_to_emit
      494    instr_ok_to_mangle
      495    instr_opcode_valid
      496    instr_operands_valid
      497    instr_predicate_triggered
      498    instr_raw_bits_valid
      499    instr_reads_from_reg
      500    instr_reads_memory
      501    instr_reg_in_dst
      502    instr_reg_in_src
      503    instr_remove_dsts
      504    instr_remove_srcs
      505    instr_replace_src_opnd
      506    instr_reset
      507    instr_reuse
      508    instr_same
      509    instr_set_app
      510    instr_set_branch_target_pc
      511    instr_set_dst
      512    instr_set_isa_mode
      513    instr_set_meta
      514    instr_set_meta_may_fault
      515    instr_set_meta_no_translation
      516    instr_set_next
      517    instr_set_note
      518    instr_set_num_opnds
      519    instr_set_ok_to_emit
      520    instr_set_ok_to_mangle
      521    instr_set_opcode
      522    instr_set_operands_valid
      523    instr_set_predicate
      524    instr_set_prefix_flag
      525    instr_set_prev
      526    instr_set_raw_bits
      527    instr_set_raw_bits_valid
      528    instr_set_raw_byte
      529    instr_set_raw_bytes
      530    instr_set_raw_word
      531    instr_set_src
      532    instr_set_target
      533    instr_set_translation
      534    instr_set_x86_mode
      535    instr_shrink_to_16_bits
      536    instr_shrink_to_32_bits
      537    instr_uses_fp_reg
      538    instr_uses_reg
      539    instr_valid
      540    instr_writes_memory
      541    instr_writes_to_exact_reg
      542    instr_writes_to_reg
      543    instr_zeroes_ymmh
      544    instrlist_append
      545    instrlist_clear
      546    instrlist_clear_and_destroy
      547    instrlist_clone
      548    instrlist_create
      549    instrlist_destroy
      550    instrlist_disassemble
      551    instrlist_encode
      552    instrlist_encode_to_copy
      553    instrlist_first
      554    instrlist_first_app
      555    instrlist_get_translation_target
      556    instrlist_init
      557    instrlist_insert_mov_immed_ptrsz
      558    instrlist_insert_mov_instr_addr
      559    instrlist_insert_push_immed_ptrsz
      560    instrlist_insert_push_instr_addr
      561    instrlist_last
      562    instrlist_last_app
      563    instrlist_meta_append
      564    instrlist_meta_fault_append
      565    instrlist_meta_fault_postinsert
      566    instrlist_meta_fault_preinsert
      567    instrlist_meta_postinsert
      568    instrlist_meta_preinsert
      569    instrlist_postinsert
      570    instrlist_preinsert
      571    instrlist_prepend
      572    instrlist_remove
      573    instrlist_replace
      574    instrlist_set_fall_through_target
      575    instrlist_set_return_target
      576    instrlist_set_translation_target
      577    Forwarded to NTDLL.isalnum
               exported name: isalnum
      578    Forwarded to NTDLL.isalpha
               exported name: isalpha
      579    Forwarded to NTDLL.iscntrl
               exported name: iscntrl
      580    Forwarded to NTDLL.isdigit
               exported name: isdigit
      581    Forwarded to NTDLL.isgraph
               exported name: isgraph
      582    Forwarded to NTDLL.islower
               exported name: islower
      583    Forwarded to NTDLL.isprint
               exported name: isprint
      584    Forwarded to NTDLL.ispunct
               exported name: ispunct
      585    Forwarded to NTDLL.isspace
               exported name: isspace
      586    Forwarded to NTDLL.isupper
               exported name: isupper
      587    Forwarded to NTDLL.iswalpha
               exported name: iswalpha
      588    Forwarded to NTDLL.iswctype
               exported name: iswctype
      589    Forwarded to NTDLL.iswdigit
               exported name: iswdigit
      590    Forwarded to NTDLL.iswlower
               exported name: iswlower
      591    Forwarded to NTDLL.iswspace
               exported name: iswspace
      592    Forwarded to NTDLL.iswxdigit
               exported name: iswxdigit
      593    Forwarded to NTDLL.isxdigit
               exported name: isxdigit
      594    Forwarded to NTDLL.labs
               exported name: labs
      595    Forwarded to NTDLL.log
               exported name: log
      596    Forwarded to NTDLL.mbstowcs
               exported name: mbstowcs
      597    Forwarded to NTDLL.memchr
               exported name: memchr
      598    Forwarded to NTDLL.memcmp
               exported name: memcmp
      599    Forwarded to NTDLL.memcpy
               exported name: memcpy
      600    Forwarded to NTDLL.memmove
               exported name: memmove
      601    Forwarded to NTDLL.memset
               exported name: memset
      602    opnd_add_flags
      603    opnd_compute_address
      604    opnd_create_abs_addr
      605    opnd_create_base_disp
      606    opnd_create_base_disp_ex
      607    opnd_create_far_abs_addr
      608    opnd_create_far_base_disp
      609    opnd_create_far_base_disp_ex
      610    opnd_create_far_instr
      611    opnd_create_far_pc
      612    opnd_create_far_rel_addr
      613    opnd_create_immed_float
      614    opnd_create_immed_int
      615    opnd_create_immed_int64
      616    opnd_create_immed_uint
      617    opnd_create_instr
      618    opnd_create_instr_ex
      619    opnd_create_mem_instr
      620    opnd_create_null
      621    opnd_create_pc
      622    opnd_create_reg
      623    opnd_create_reg_ex
      624    opnd_create_reg_partial
      625    opnd_create_rel_addr
      626    opnd_defines_use
      627    opnd_disassemble
      628    opnd_disassemble_to_buffer
      629    opnd_get_addr
      630    opnd_get_base
      631    opnd_get_disp
      632    opnd_get_flags
      633    opnd_get_immed_float
      634    opnd_get_immed_int
      635    opnd_get_immed_int64
      636    opnd_get_index
      637    opnd_get_instr
      638    opnd_get_mem_instr_disp
      639    opnd_get_pc
      640    opnd_get_reg
      641    opnd_get_reg_used
      642    opnd_get_scale
      643    opnd_get_segment
      644    opnd_get_segment_selector
      645    opnd_get_shift
      646    opnd_get_size
      647    opnd_is_abs_addr
      648    opnd_is_base_disp
      649    opnd_is_disp_encode_zero
      650    opnd_is_disp_force_full
      651    opnd_is_disp_short_addr
      652    opnd_is_far_abs_addr
      653    opnd_is_far_base_disp
      654    opnd_is_far_instr
      655    opnd_is_far_memory_reference
      656    opnd_is_far_pc
      657    opnd_is_far_rel_addr
      658    opnd_is_immed
      659    opnd_is_immed_float
      660    opnd_is_immed_int
      661    opnd_is_immed_int64
      662    opnd_is_instr
      663    opnd_is_mem_instr
      664    opnd_is_memory_reference
      665    opnd_is_near_abs_addr
      666    opnd_is_near_base_disp
      667    opnd_is_near_instr
      668    opnd_is_near_memory_reference
      669    opnd_is_near_pc
      670    opnd_is_near_rel_addr
      671    opnd_is_null
      672    opnd_is_pc
      673    opnd_is_reg
      674    opnd_is_reg_32bit
      675    opnd_is_reg_64bit
      676    opnd_is_reg_partial
      677    opnd_is_reg_pointer_sized
      678    opnd_is_rel_addr
      679    opnd_is_vsib
      680    opnd_num_regs_used
      681    opnd_replace_reg
      682    opnd_same
      683    opnd_same_address
      684    opnd_set_disp
      685    opnd_set_disp_ex
      686    opnd_set_flags
      687    opnd_set_size
      688    opnd_share_reg
      689    opnd_shrink_to_16_bits
      690    opnd_shrink_to_32_bits
      691    opnd_size_from_bytes
      692    opnd_size_in_bits
      693    opnd_size_in_bytes
      694    opnd_uses_reg
      695    Forwarded to NTDLL.pow
               exported name: pow
      696    proc_avx_enabled
      697    proc_bump_to_end_of_cache_line
      698    proc_fpstate_save_size
      699    proc_get_L1_dcache_size
      700    proc_get_L1_icache_size
      701    proc_get_L2_cache_size
      702    proc_get_all_feature_bits
      703    proc_get_brand_string
      704    proc_get_cache_line_size
      705    proc_get_cache_size_str
      706    proc_get_containing_page
      707    proc_get_family
      708    proc_get_model
      709    proc_get_stepping
      710    proc_get_type
      711    proc_get_vendor
      712    proc_has_feature
      713    proc_is_cache_aligned
      714    proc_restore_fpstate
      715    proc_save_fpstate
      716    proc_set_vendor
      717    Forwarded to NTDLL.qsort
               exported name: qsort
      718    reg_32_to_16
      719    reg_32_to_64
      720    reg_32_to_8
      721    reg_32_to_opsz
      722    reg_64_to_32
      723    reg_get_bits
      724    reg_get_size
      725    reg_get_value
      726    reg_get_value_ex
      727    reg_is_32bit
      728    reg_is_64bit
      729    reg_is_extended
      730    reg_is_fp
      731    reg_is_gpr
      732    reg_is_mmx
      733    reg_is_pointer_sized
      734    reg_is_segment
      735    reg_is_simd
      736    reg_is_stolen
      737    reg_is_xmm
      738    reg_is_ymm
      739    reg_overlap
      740    reg_parameter_num
      741    reg_resize_to_opsz
      742    reg_set_value
      743    reg_to_pointer_sized
      744    set_x86_mode
      745    Forwarded to NTDLL.sin
               exported name: sin
      746    Forwarded to NTDLL.sprintf
               exported name: sprintf
      747    Forwarded to NTDLL.sqrt
               exported name: sqrt
      748    Forwarded to NTDLL.sscanf
               exported name: sscanf
      749    Forwarded to NTDLL.strchr
               exported name: strchr
      750    Forwarded to NTDLL.strcmp
               exported name: strcmp
      751    Forwarded to NTDLL.strcspn
               exported name: strcspn
      752    Forwarded to NTDLL.strlen
               exported name: strlen
      753    Forwarded to NTDLL.strncat
               exported name: strncat
      754    Forwarded to NTDLL.strncmp
               exported name: strncmp
      755    Forwarded to NTDLL.strncpy
               exported name: strncpy
      756    Forwarded to NTDLL.strpbrk
               exported name: strpbrk
      757    Forwarded to NTDLL.strrchr
               exported name: strrchr
      758    Forwarded to NTDLL.strspn
               exported name: strspn
      759    Forwarded to NTDLL.strstr
               exported name: strstr
      760    Forwarded to NTDLL.strtol
               exported name: strtol
      761    Forwarded to NTDLL.strtoul
               exported name: strtoul
      762    Forwarded to NTDLL.tan
               exported name: tan
      763    Forwarded to NTDLL.tolower
               exported name: tolower
      764    Forwarded to NTDLL.toupper
               exported name: toupper
      765    Forwarded to NTDLL.towlower
               exported name: towlower
      766    Forwarded to NTDLL.towupper
               exported name: towupper
      767    unique_build_number
      768    Forwarded to NTDLL.wcscat
               exported name: wcscat
      769    Forwarded to NTDLL.wcschr
               exported name: wcschr
      770    Forwarded to NTDLL.wcscmp
               exported name: wcscmp
      771    Forwarded to NTDLL.wcscpy
               exported name: wcscpy
      772    Forwarded to NTDLL.wcscspn
               exported name: wcscspn
      773    Forwarded to NTDLL.wcslen
               exported name: wcslen
      774    Forwarded to NTDLL.wcsncat
               exported name: wcsncat
      775    Forwarded to NTDLL.wcsncmp
               exported name: wcsncmp
      776    Forwarded to NTDLL.wcsncpy
               exported name: wcsncpy
      777    Forwarded to NTDLL.wcspbrk
               exported name: wcspbrk
      778    Forwarded to NTDLL.wcsrchr
               exported name: wcsrchr
      779    Forwarded to NTDLL.wcsspn
               exported name: wcsspn
      780    Forwarded to NTDLL.wcsstr
               exported name: wcsstr
      781    Forwarded to NTDLL.wcstol
               exported name: wcstol
      782    Forwarded to NTDLL.wcstombs
               exported name: wcstombs
      783    Forwarded to NTDLL.wcstoul
               exported name: wcstoul
