 dynamorio

 Timestamp is 57c3d93c (Mon Aug 29 02:42:04 2016)

 Preferred load address is 71000000

 Start         Length     Name                   Class
 0001:00000000 000cd3c1H .text                   CODE
 0002:00000000 00000204H .idata$5                DATA
 0002:00000210 000370f4H .rdata                  DATA
 0002:00037304 00000014H .idata$2                DATA
 0002:00037318 00000014H .idata$3                DATA
 0002:0003732c 00000204H .idata$4                DATA
 0002:00037530 00000994H .idata$6                DATA
 0002:00037ed0 00005e8aH .edata                  DATA
 0002:0003dd5c 00000078H .rdata$debug            DATA
 0003:00000000 00014310H .data                   DATA
 0003:00015000 00024a84H .bss                    DATA
 0004:00000000 000008e2H .fspdata                DATA
 0005:00000000 000001e8H .cspdata                DATA
 0006:00000000 0000411cH .nspdata                DATA
 0007:00000000 000000a0H .rsrc$01                DATA
 0007:000000a0 00002d68H .rsrc$02                DATA

  Address         Publics by Value              Rva+Base       Lib:Object

 0000:00000000       ___safe_se_handler_count   00000000     <absolute>
 0000:00000000       ___safe_se_handler_table   00000000     <absolute>
 0001:00000130       _parse_word                71001130 f   options.c.obj
 0001:0000e320       _check_param_bounds        7100f320 f   options.c.obj
 0001:0000e3e0       _get_dynamo_options_string 7100f3e0 f   options.c.obj
 0001:0001a8f0       _get_pcache_dynamo_options_string 7101b8f0 f   options.c.obj
 0001:00023900       _has_pcache_dynamo_options 71024900 f   options.c.obj
 0001:000255c0       _check_list_default_and_append 710265c0 f   options.c.obj
 0001:00025640       _options_exit              71026640 f   options.c.obj
 0001:00025650       _options_make_writable     71026650 f   options.c.obj
 0001:00025680       _options_restore_readonly  71026680 f   options.c.obj
 0001:000256b0       _synchronize_dynamic_options 710266b0 f   options.c.obj
 0001:00025820       _get_process_options       71026820 f   options.c.obj
 0001:000258b0       _dr_get_string_option      710268b0 f   options.c.obj
 0001:00025e70       _dr_get_integer_option     71026e70 f   options.c.obj
 0001:0002cfb0       _options_init              7102dfb0 f   options.c.obj
 0001:0002d010       _opnd_is_immed             7102e010 f i dynamo.c.obj
 0001:0002d030       _opnd_is_pc                7102e030 f i dynamo.c.obj
 0001:0002d050       _opnd_is_instr             7102e050 f i dynamo.c.obj
 0001:0002d070       _opnd_is_near_base_disp    7102e070 f i dynamo.c.obj
 0001:0002d090       _opnd_is_far_memory_reference 7102e090 f i opnd_shared.c.obj
 0001:0002d090       _opnd_is_far_base_disp     7102e090 f i dynamo.c.obj
 0001:0002d0b0       _opnd_create_null          7102e0b0 f i dynamo.c.obj
 0001:0002d0b0       _shared_library_error      7102e0b0 f i os.c.obj
 0001:0002d0c0       _opnd_create_reg           7102e0c0 f i dynamo.c.obj
 0001:0002d0e0       _opnd_create_reg_partial   7102e0e0 f i dynamo.c.obj
 0001:0002d100       _opnd_create_reg_ex        7102e100 f i dynamo.c.obj
 0001:0002d150       _opnd_create_pc            7102e150 f i dynamo.c.obj
 0001:0002d160       _instr_ok_to_mangle        7102e160 f i dynamo.c.obj
 0001:0002d160       _instr_is_app              7102e160 f i dynamo.c.obj
 0001:0002d170       _instr_is_meta             7102e170 f i dynamo.c.obj
 0001:0002d180       _instr_operands_valid      7102e180 f i dynamo.c.obj
 0001:0002d190       _instr_raw_bits_valid      7102e190 f i dynamo.c.obj
 0001:0002d1a0       _instr_has_allocated_bits  7102e1a0 f i dynamo.c.obj
 0001:0002d1b0       _instr_needs_encoding      7102e1b0 f i dynamo.c.obj
 0001:0002d1c0       _instr_ok_to_emit          7102e1c0 f i dynamo.c.obj
 0001:0002d1d0       _instr_num_srcs            7102e1d0 f i dynamo.c.obj
 0001:0002d1f0       _instr_num_dsts            7102e1f0 f i dynamo.c.obj
 0001:0002d210       _instr_set_note            7102e210 f i dynamo.c.obj
 0001:0002d220       _instr_get_note            7102e220 f i dynamo.c.obj
 0001:0002d230       _instr_get_next            7102e230 f i dynamo.c.obj
 0001:0002d240       _instr_get_next_app        7102e240 f i dynamo.c.obj
 0001:0002d270       _instr_get_prev            7102e270 f i dynamo.c.obj
 0001:0002d280       _instr_get_prev_app        7102e280 f i dynamo.c.obj
 0001:0002d2b0       _instr_set_next            7102e2b0 f i dynamo.c.obj
 0001:0002d2c0       _instr_set_prev            7102e2c0 f i dynamo.c.obj
 0001:0002d6b0       _get_dr_stats              7102e6b0 f   dynamo.c.obj
 0001:0002d6c0       _standalone_init           7102e6c0 f   dynamo.c.obj
 0001:0002d730       _dynamo_process_exit_with_thread_info 7102e730 f   dynamo.c.obj
 0001:0002d740       _create_new_dynamo_context 7102e740 f   dynamo.c.obj
 0001:0002d890       _initialize_dynamo_context 7102e890 f   dynamo.c.obj
 0001:0002d930       _create_callback_dcontext  7102e930 f   dynamo.c.obj
 0001:0002dab0       _is_thread_initialized     7102eab0 f   dynamo.c.obj
 0001:0002dac0       _get_num_threads           7102eac0 f   dynamo.c.obj
 0001:0002dad0       _is_last_app_thread        7102ead0 f   dynamo.c.obj
 0001:0002db70       _get_list_of_threads       7102eb70 f   dynamo.c.obj
 0001:0002db80       _thread_lookup             7102eb80 f   dynamo.c.obj
 0001:0002dbe0       _get_thread_num            7102ebe0 f   dynamo.c.obj
 0001:0002dc00       _add_thread                7102ec00 f   dynamo.c.obj
 0001:0002dd10       _remove_thread             7102ed10 f   dynamo.c.obj
 0001:0002ddc0       _dr_app_start_helper       7102edc0 f   dynamo.c.obj
 0001:0002de00       _dynamo_thread_under_dynamo 7102ee00 f   dynamo.c.obj
 0001:0002de20       _dynamo_thread_not_under_dynamo 7102ee20 f   dynamo.c.obj
 0001:0002de40       _dynamorio_take_over_threads 7102ee40 f   dynamo.c.obj
 0001:0002df60       _protect_data_section      7102ef60 f   dynamo.c.obj
 0001:0002e080       _is_on_initstack           7102f080 f   dynamo.c.obj
 0001:0002e0a0       _is_on_dstack              7102f0a0 f   dynamo.c.obj
 0001:0002e0d0       _is_currently_on_dstack    7102f0d0 f   dynamo.c.obj
 0001:0002e100       _pre_second_thread         7102f100 f   dynamo.c.obj
 0001:0002e1e0       _dynamo_process_exit       7102f1e0 f   dynamo.c.obj
 0001:0002e4d0       _is_thread_known           7102f4d0 f   dynamo.c.obj
 0001:0002e4f0       _dynamo_thread_init        7102f4f0 f   dynamo.c.obj
 0001:0002e770       _dynamorio_app_take_over_helper 7102f770 f   dynamo.c.obj
 0001:0002ebe0       _entering_dynamorio        7102fbe0 f   dynamo.c.obj
 0001:0002ec10       _exiting_dynamorio         7102fc10 f   dynamo.c.obj
 0001:0002ec50       _dynamorio_app_init        7102fc50 f   dynamo.c.obj
 0001:0002ef20       _dynamorio_app_exit        7102ff20 f   dynamo.c.obj
 0001:0002f140       _dynamo_thread_exit        71030140 f   dynamo.c.obj
 0001:0002f160       _dynamo_other_thread_exit  71030160 f   dynamo.c.obj
 0001:0002f3e0       _dynamo_thread_stack_free_and_exit 710303e0 f   dynamo.c.obj
 0001:0002f430       _dr_app_setup              71030430 f   dynamo.c.obj
 0001:0002f440       _dr_app_cleanup            71030440 f   dynamo.c.obj
 0001:0002f530       _dr_app_setup_and_start    71030530 f   dynamo.c.obj
 0001:0002f550       _dynamorio_app_init_and_early_takeover 71030550 f   dynamo.c.obj
 0001:0002f580       _dynamorio_earliest_init_takeover_C 71030580 f   dynamo.c.obj
 0001:0002f5c0       _dynamo_shared_exit        710305c0 f   dynamo.c.obj
 0001:0002fea0       _fragment_initialized      71030ea0 f   fragment.c.obj
 0001:000302c0       _fragment_create           710312c0 f   fragment.c.obj
 0001:000303d0       _fragment_recreate_with_linkstubs 710313d0 f   fragment.c.obj
 0001:000305b0       _fragment_free             710315b0 f   fragment.c.obj
 0001:000307a0       _fragment_stubs_end_pc     710317a0 f   fragment.c.obj
 0001:000307d0       _fragment_body_end_pc      710317d0 f   fragment.c.obj
 0001:00030950       _fragment_get_fragment_delete_mutex 71031950 f   fragment.c.obj
 0001:00030980       _fragment_release_fragment_delete_mutex 71031980 f   fragment.c.obj
 0001:00030ac0       _fragment_lookup           71031ac0 f   fragment.c.obj
 0001:00030ae0       _fragment_lookup_trace     71031ae0 f   fragment.c.obj
 0001:00030b00       _fragment_lookup_bb        71031b00 f   fragment.c.obj
 0001:00030b20       _fragment_lookup_shared_bb 71031b20 f   fragment.c.obj
 0001:00030b40       _fragment_lookup_same_sharing 71031b40 f   fragment.c.obj
 0001:00030b70       _fragment_pclookup         71031b70 f   fragment.c.obj
 0001:00030b80       _fragment_pclookup_with_linkstubs 71031b80 f   fragment.c.obj
 0001:00030bd0       _fragment_record_translation_info 71031bd0 f   fragment.c.obj
 0001:00030d90       _fragment_remove_from_ibt_tables 71031d90 f   fragment.c.obj
 0001:00030f60       _fragment_remove           71031f60 f   fragment.c.obj
 0001:00031070       _fragment_replace          71032070 f   fragment.c.obj
 0001:00031280       _fragment_shift_fcache_pointers 71032280 f   fragment.c.obj
 0001:00031430       _fragment_copy_data_fields 71032430 f   fragment.c.obj
 0001:000314a0       _fragment_delete_future    710324a0 f   fragment.c.obj
 0001:000315e0       _fragment_lookup_future    710325e0 f   fragment.c.obj
 0001:000316d0       _fragment_lookup_private_future 710326d0 f   fragment.c.obj
 0001:00031700       _fragment_overlaps         71032700 f   fragment.c.obj
 0001:000317d0       _get_flushtime_last_update 710327d0 f   fragment.c.obj
 0001:000317f0       _set_flushtime_last_update 710327f0 f   fragment.c.obj
 0001:00031810       _set_at_syscall            71032810 f   fragment.c.obj
 0001:00031830       _get_at_syscall            71032830 f   fragment.c.obj
 0001:00031970       _is_self_flushing          71032970 f   fragment.c.obj
 0001:00031990       _is_self_allsynch_flushing 71032990 f   fragment.c.obj
 0001:000319b0       _is_couldbelinking         710329b0 f   fragment.c.obj
 0001:00031a70       _enter_couldbelinking      71032a70 f   fragment.c.obj
 0001:00031ae0       _enter_threadexit          71032ae0 f   fragment.c.obj
 0001:00031b50       _increment_global_flushtime 71032b50 f   fragment.c.obj
 0001:00031d10       _flush_fragments_synch_priv 71032d10 f   fragment.c.obj
 0001:00031e70       _flush_fragments_unlink_shared 71032e70 f   fragment.c.obj
 0001:00031f40       _flush_fragments_end_synch 71032f40 f   fragment.c.obj
 0001:00032060       _flush_fragments_in_region_finish 71033060 f   fragment.c.obj
 0001:00032d80       _hashtable_coarse_resurrect 71033d80 f   fragment.c.obj
 0001:00032e00       _fragment_coarse_num_entries 71033e00 f   fragment.c.obj
 0001:00032f70       _fragment_coarse_lookup_in_unit 71033f70 f   fragment.c.obj
 0001:00033050       _fragment_coarse_lookup    71034050 f   fragment.c.obj
 0001:00033130       _fragment_coarse_wrapper   71034130 f   fragment.c.obj
 0001:00033160       _fragment_coarse_lookup_wrapper 71034160 f   fragment.c.obj
 0001:000331b0       _fragment_lookup_fine_and_coarse 710341b0 f   fragment.c.obj
 0001:00033230       _fragment_lookup_fine_and_coarse_sharing 71034230 f   fragment.c.obj
 0001:000332a0       _get_fragment_coarse_info  710342a0 f   fragment.c.obj
 0001:000332c0       _coarse_is_trace_head_in_own_unit 710342c0 f   fragment.c.obj
 0001:00033350       _fragment_coarse_replace   71034350 f   fragment.c.obj
 0001:000333f0       _fragment_coarse_pclookup  710343f0 f   fragment.c.obj
 0001:000337f0       _fragment_coarse_htable_persist_size 710347f0 f   fragment.c.obj
 0001:00033820       _fragment_coarse_htable_persist 71034820 f   fragment.c.obj
 0001:00033880       _fragment_coarse_htable_resurrect 71034880 f   fragment.c.obj
 0001:00033e40       _fragment_reset_init       71034e40 f   fragment.c.obj
 0001:000340a0       _fragment_init             710350a0 f   fragment.c.obj
 0001:000341d0       _fragment_thread_reset_init 710351d0 f   fragment.c.obj
 0001:00034610       _fragment_thread_init      71035610 f   fragment.c.obj
 0001:00034950       _fragment_prepare_for_removal 71035950 f   fragment.c.obj
 0001:00034bc0       _fragment_remove_all_ibl_in_region 71035bc0 f   fragment.c.obj
 0001:00034c50       _is_self_couldbelinking    71035c50 f   fragment.c.obj
 0001:00035060       _flush_fragments_synch_unlink_priv 71036060 f   fragment.c.obj
 0001:000350d0       _flush_invalidate_ibl_shared_target 710360d0 f   fragment.c.obj
 0001:00035150       _fragment_output           71036150 f   fragment.c.obj
 0001:000353c0       _fragment_coarse_htable_create 710363c0 f   fragment.c.obj
 0001:00035630       _fragment_coarse_free_entry_pclookup_table 71036630 f   fragment.c.obj
 0001:00035650       _fragment_coarse_htable_free 71036650 f   fragment.c.obj
 0001:00035a50       _fragment_delete           71036a50 f   fragment.c.obj
 0001:00035c50       _fragment_remove_shared_no_flush 71036c50 f   fragment.c.obj
 0001:00035d70       _fragment_unlink_for_deletion 71036d70 f   fragment.c.obj
 0001:00035ee0       _fragment_self_write       71036ee0 f   fragment.c.obj
 0001:00036010       _flush_fragments_in_region_start 71037010 f   fragment.c.obj
 0001:000361a0       _flush_fragments_and_remove_region 710371a0 f   fragment.c.obj
 0001:000361e0       _flush_fragments_from_region 710371e0 f   fragment.c.obj
 0001:00036210       _invalidate_code_cache     71037210 f   fragment.c.obj
 0001:00036900       _fragment_reset_free       71037900 f   fragment.c.obj
 0001:00036bb0       _fragment_thread_reset_free 71037bb0 f   fragment.c.obj
 0001:00036c00       _fragment_thread_exit      71037c00 f   fragment.c.obj
 0001:00036e00       _fragment_add_ibl_target   71037e00 f   fragment.c.obj
 0001:00037050       _enter_nolinking           71038050 f   fragment.c.obj
 0001:00037300       _fragment_coarse_htable_merge 71038300 f   fragment.c.obj
 0001:000373d0       _fragment_coarse_add       710383d0 f   fragment.c.obj
 0001:00037430       _fragment_coarse_th_unlink_and_add 71038430 f   fragment.c.obj
 0001:000374c0       _fragment_coarse_th_add    710384c0 f   fragment.c.obj
 0001:00037520       _fragment_coarse_create_entry_pclookup_table 71038520 f   fragment.c.obj
 0001:000376b0       _fragment_coarse_entry_pclookup 710386b0 f   fragment.c.obj
 0001:00037a90       _fragment_coarse_unit_freeze 71038a90 f   fragment.c.obj
 0001:00037cd0       _fragment_exit             71038cd0 f   fragment.c.obj
 0001:00037f40       _fragment_add              71038f40 f   fragment.c.obj
 0001:00037fe0       _fragment_create_and_add_future 71038fe0 f   fragment.c.obj
 0001:00038100       _fcache_check_option_compatibility 71039100 f   fcache.c.obj
 0001:000387a0       _fcache_profile_exit       710397a0 f   fcache.c.obj
 0001:000388c0       _fcache_fragment_pclookup  710398c0 f   fcache.c.obj
 0001:00038a30       _fcache_is_writable        71039a30 f   fcache.c.obj
 0001:00038a50       _fcache_change_fragment_protection 71039a50 f   fcache.c.obj
 0001:00038ae0       _in_fcache                 71039ae0 f   fcache.c.obj
 0001:00039520       _fcache_thread_init        7103a520 f   fcache.c.obj
 0001:000395c0       _fcache_thread_exit        7103a5c0 f   fcache.c.obj
 0001:00039d50       _fcache_shift_start_pc     7103ad50 f   fcache.c.obj
 0001:00039df0       _fcache_is_flush_pending   7103adf0 f   fcache.c.obj
 0001:0003a020       _fcache_flush_pending_units 7103b020 f   fcache.c.obj
 0001:0003a350       _fcache_free_pending_units 7103b350 f   fcache.c.obj
 0001:0003a590       _schedule_reset            7103b590 f   fcache.c.obj
 0001:0003a5d0       _fcache_low_on_memory      7103b5d0 f   fcache.c.obj
 0001:0003a820       _get_fcache_coarse_info    7103b820 f   fcache.c.obj
 0001:0003a850       _fcache_coarse_cache_delete 7103b850 f   fcache.c.obj
 0001:0003a880       _coarse_frozen_cache_size  7103b880 f   fcache.c.obj
 0001:0003a8a0       _fcache_coarse_set_info    7103b8a0 f   fcache.c.obj
 0001:0003aa60       _fcache_exit               7103ba60 f   fcache.c.obj
 0001:0003c080       _fcache_return_extra_space 7103d080 f   fcache.c.obj
 0001:0003cc00       _fcache_add_fragment       7103dc00 f   fcache.c.obj
 0001:0003cd20       _fcache_remove_fragment    7103dd20 f   fcache.c.obj
 0001:0003ce70       _fcache_coarse_init_frozen 7103de70 f   fcache.c.obj
 0001:0003cec0       _fcache_init               7103dec0 f   fcache.c.obj
 0001:0003cf90       _fcache_reset_all_caches_proactively 7103df90 f   fcache.c.obj
 0001:0003d1c0       _link_reset_init           7103e1c0 f   link.c.obj
 0001:0003d1f0       _link_reset_free           7103e1f0 f   link.c.obj
 0001:0003d210       _link_thread_init          7103e210 f   link.c.obj
 0001:0003d260       _link_thread_exit          7103e260 f   link.c.obj
 0001:0003d280       _linkstub_size             7103e280 f   link.c.obj
 0001:0003d2f0       _linkstub_propagatable_flags 7103e2f0 f   link.c.obj
 0001:0003d300       _linkstub_frag_offs_at_end 7103e300 f   link.c.obj
 0001:0003d350       _linkstubs_heap_size       7103e350 f   link.c.obj
 0001:0003d3a0       _linkstub_fragment         7103e3a0 f   link.c.obj
 0001:0003d4f0       _set_last_exit             7103e4f0 f   link.c.obj
 0001:0003d520       _last_exit_deleted         7103e520 f   link.c.obj
 0001:0003d720       _get_last_linkstub_ordinal 7103e720 f   link.c.obj
 0001:0003d730       _get_deleted_linkstub      7103e730 f   link.c.obj
 0001:0003d740       _get_starting_linkstub     7103e740 f   link.c.obj
 0001:0003d750       _get_reset_linkstub        7103e750 f   link.c.obj
 0001:0003d760       _get_syscall_linkstub      7103e760 f   link.c.obj
 0001:0003d770       _get_selfmod_linkstub      7103e770 f   link.c.obj
 0001:0003d780       _get_ibl_deleted_linkstub  7103e780 f   link.c.obj
 0001:0003d790       _get_asynch_linkstub       7103e790 f   link.c.obj
 0001:0003d7a0       _get_native_exec_linkstub  7103e7a0 f   link.c.obj
 0001:0003d7b0       _get_native_exec_syscall_linkstub 7103e7b0 f   link.c.obj
 0001:0003d7c0       _get_shared_syscalls_unlinked_linkstub 7103e7c0 f   link.c.obj
 0001:0003d7d0       _get_shared_syscalls_trace_linkstub 7103e7d0 f   link.c.obj
 0001:0003d7e0       _get_shared_syscalls_bb_linkstub 7103e7e0 f   link.c.obj
 0001:0003d7f0       _get_client_linkstub       7103e7f0 f   link.c.obj
 0001:0003d800       _is_ibl_sourceless_linkstub 7103e800 f   link.c.obj
 0001:0003d840       _get_ibl_sourceless_linkstub 7103e840 f   link.c.obj
 0001:0003d8a0       _get_special_ibl_linkstub  7103e8a0 f   link.c.obj
 0001:0003d8e0       _get_coarse_exit_linkstub  7103e8e0 f   link.c.obj
 0001:0003d8f0       _get_coarse_trace_head_exit_linkstub 7103e8f0 f   link.c.obj
 0001:0003d900       _local_exit_stub_size      7103e900 f   link.c.obj
 0001:0003d970       _separate_stub_create      7103e970 f   link.c.obj
 0001:0003db10       _linkstub_shares_next_stub 7103eb10 f   link.c.obj
 0001:0003dc90       _linkstub_free_exitstubs   7103ec90 f   link.c.obj
 0001:0003dde0       _linkstubs_shift           7103ede0 f   link.c.obj
 0001:0003de90       _is_linkable               7103ee90 f   link.c.obj
 0001:0003e430       _link_fragment_incoming    7103f430 f   link.c.obj
 0001:0003e580       _unlink_fragment_incoming  7103f580 f   link.c.obj
 0001:0003e6b0       _unlink_fragment_outgoing  7103f6b0 f   link.c.obj
 0001:0003e790       _coarse_indirect_stub_size 7103f790 f   emit_utils_shared.c.obj
 0001:0003e790       _coarse_stub_alignment     7103f790 f   link.c.obj
 0001:0003e7a0       _coarse_stubs_create       7103f7a0 f   link.c.obj
 0001:0003e860       _coarse_stubs_delete       7103f860 f   link.c.obj
 0001:0003e9f0       _fcache_return_coarse_prefix 7103f9f0 f   link.c.obj
 0001:0003ea20       _trace_head_return_coarse_prefix 7103fa20 f   link.c.obj
 0001:0003ea50       _get_coarse_ibl_prefix     7103fa50 f   link.c.obj
 0001:0003ea90       _in_coarse_stubs           7103fa90 f   link.c.obj
 0001:0003eab0       _get_stub_coarse_info      7103fab0 f   link.c.obj
 0001:0003ead0       _coarse_frozen_stub_size   7103fad0 f   link.c.obj
 0001:0003ec20       _coarse_unit_shift_links   7103fc20 f   link.c.obj
 0001:0003ee20       _coarse_stubs_set_info     7103fe20 f   link.c.obj
 0001:0003ee40       _coarse_stubs_set_end_pc   7103fe40 f   link.c.obj
 0001:0003ee60       _link_init                 7103fe60 f   link.c.obj
 0001:0003eee0       _link_exit                 7103fee0 f   link.c.obj
 0001:0003ef20       _linkstubs_init            7103ff20 f   link.c.obj
 0001:0003efe0       _set_coarse_ibl_exit       7103ffe0 f   link.c.obj
 0001:0003f040       _should_separate_stub      71040040 f   link.c.obj
 0001:0003f270       _link_fragment_outgoing    71040270 f   link.c.obj
 0001:0003fb30       _coarse_remove_outgoing    71040b30 f   link.c.obj
 0001:0003fc60       _coarse_mark_trace_head    71040c60 f   link.c.obj
 0001:0003fcb0       _coarse_unit_unlink_outgoing 71040cb0 f   link.c.obj
 0001:0003fe10       _coarse_lazy_link          71040e10 f   link.c.obj
 0001:00040000       _in_coarse_stub_prefixes   71041000 f   link.c.obj
 0001:00040050       _coarse_deref_ibl_prefix   71041050 f   link.c.obj
 0001:00040080       _coarse_update_outgoing    71041080 f   link.c.obj
 0001:000401a0       _link_new_fragment         710411a0 f   link.c.obj
 0001:00040240       _shift_links_to_new_fragment 71041240 f   link.c.obj
 0001:00040c40       _coarse_unit_unlink        71041c40 f   link.c.obj
 0001:00040df0       _incoming_remove_fragment  71041df0 f   link.c.obj
 0001:00041030       _is_stopping_point         71042030 f   dispatch.c.obj
 0001:00042050       _handle_system_call        71043050 f   dispatch.c.obj
 0001:00042640       _issue_last_system_call_from_app 71043640 f   dispatch.c.obj
 0001:00042e10       _dispatch                  71043e10 f   dispatch.c.obj
 0001:00043240       _transfer_to_dispatch      71044240 f   dispatch.c.obj
 0001:000432b0       _final_exit_shares_prev_stub 710442b0 f   emit.c.obj
 0001:00043340       _set_linkstub_fields       71044340 f   emit.c.obj
 0001:00043fb0       _emit_invisible_fragment   71044fb0 f   emit.c.obj
 0001:00043fe0       _emit_fragment             71044fe0 f   emit.c.obj
 0001:00044010       _emit_fragment_ex          71045010 f   emit.c.obj
 0001:00044040       _emit_fragment_as_replacement 71045040 f   emit.c.obj
 0001:00044070       _spinmutex_trylock         71045070 f   utils.c.obj
 0001:00044090       _spinmutex_lock            71045090 f   utils.c.obj
 0001:000440c0       _spinmutex_lock_no_yield   710450c0 f   utils.c.obj
 0001:000440f0       _spinmutex_unlock          710450f0 f   utils.c.obj
 0001:00044100       _mutex_trylock             71045100 f   utils.c.obj
 0001:00044140       _mutex_unlock              71045140 f   utils.c.obj
 0001:00044170       _try_recursive_lock        71045170 f   utils.c.obj
 0001:000441d0       _release_recursive_lock    710451d0 f   utils.c.obj
 0001:00044210       _self_owns_recursive_lock  71045210 f   utils.c.obj
 0001:00044230       _read_lock                 71045230 f   utils.c.obj
 0001:00044310       _write_trylock             71045310 f   utils.c.obj
 0001:00044390       _read_unlock               71045390 f   utils.c.obj
 0001:000443e0       _write_unlock              710453e0 f   utils.c.obj
 0001:00044460       _self_owns_write_lock      71045460 f   utils.c.obj
 0001:00044480       _hash_value                71045480 f   utils.c.obj
 0001:00044510       _hashtable_num_bits        71045510 f   utils.c.obj
 0001:00044630       _bitmap_initialize_free    71045630 f   utils.c.obj
 0001:00044650       _bitmap_allocate_blocks    71045650 f   utils.c.obj
 0001:000446b0       _bitmap_free_blocks        710456b0 f   utils.c.obj
 0001:000446e0       _do_file_write             710456e0 f   utils.c.obj
 0001:00044760       _divide_uint64_print       71045760 f   utils.c.obj
 0001:000447f0       _double_print              710457f0 f   utils.c.obj
 0001:00044890       _print_file                71045890 f   utils.c.obj
 0001:000448b0       _print_to_buffer           710458b0 f   utils.c.obj
 0001:00044940       _notify                    71045940 f   utils.c.obj
 0001:00044a30       _set_exception_strings     71045a30 f   utils.c.obj
 0001:00044b10       _set_display_version       71045b10 f   utils.c.obj
 0001:00044b80       _report_app_problem        71045b80 f   utils.c.obj
 0001:00044cc0       _is_readable_without_exception_try 71045cc0 f   utils.c.obj
 0001:00044d50       _is_string_readable_without_exception 71045d50 f   utils.c.obj
 0001:00044e60       _double_strchr             71045e60 f   utils.c.obj
 0001:00044e90       _our_wcsnlen               71045e90 f   utils.c.obj
 0001:00044eb0       _str_case_prefix           71045eb0 f   utils.c.obj
 0001:00045000       _check_filter              71046000 f   utils.c.obj
 0001:00045020       _check_filter_with_wildcards 71046020 f   utils.c.obj
 0001:00045040       _get_short_name            71046040 f   utils.c.obj
 0001:000450a0       _dump_buffer_as_bytes      710460a0 f   utils.c.obj
 0001:00045430       _print_xml_cdata           71046430 f   utils.c.obj
 0001:000454b0       _print_version_and_app_info 710464b0 f   utils.c.obj
 0001:00045520       _utils_exit                71046520 f   utils.c.obj
 0001:00045580       _set_random_seed           71046580 f   utils.c.obj
 0001:00045590       _get_random_seed           71046590 f   utils.c.obj
 0001:000455a0       _convert_millis_to_date    710465a0 f   utils.c.obj
 0001:00045870       _convert_date_to_millis    71046870 f   utils.c.obj
 0001:000459c0       _crc32                     710469c0 f   utils.c.obj
 0001:00045a00       _MD5Init                   71046a00 f   utils.c.obj
 0001:00046050       _check_low_disk_threshold  71047050 f   utils.c.obj
 0001:000460b0       _md5_digests_equal         710470b0 f   utils.c.obj
 0001:00046120       _region_intersection       71047120 f   utils.c.obj
 0001:00046160       _dr_strdup                 71047160 f   utils.c.obj
 0001:000461a0       _dr_wstrdup                710471a0 f   utils.c.obj
 0001:00046240       _dr_strfree                71047240 f   utils.c.obj
 0001:000462c0       _utils_init                710472c0 f   utils.c.obj
 0001:00046390       _mutex_delete              71047390 f   utils.c.obj
 0001:00046390       _spinmutex_delete          71047390 f   utils.c.obj
 0001:000463b0       _mutex_lock                710473b0 f   utils.c.obj
 0001:00046440       _acquire_recursive_lock    71047440 f   utils.c.obj
 0001:00046470       _write_lock                71047470 f   utils.c.obj
 0001:000464d0       _report_dynamorio_problem  710474d0 f   utils.c.obj
 0001:00046830       _create_log_dir            71047830 f   utils.c.obj
 0001:00046af0       _get_log_dir               71047af0 f   utils.c.obj
 0001:00046be0       _open_log_file             71047be0 f   utils.c.obj
 0001:00046ce0       _get_random_offset         71047ce0 f   utils.c.obj
 0001:00046d60       _MD5Update                 71047d60 f   utils.c.obj
 0001:00046eb0       _MD5Final                  71047eb0 f   utils.c.obj
 0001:00046f50       _module_digests_equal      71047f50 f   utils.c.obj
 0001:00046fa0       _external_error            71047fa0 f   utils.c.obj
 0001:00047050       _get_unique_logfile        71048050 f   utils.c.obj
 0001:000471c0       _my_getenv                 710481c0 f   config.c.obj
 0001:00047230       _get_config_val            71048230 f   config.c.obj
 0001:00047890       _config_reread             71048890 f   config.c.obj
 0001:00047a90       _get_config_val_other_app  71048a90 f   config.c.obj
 0001:00047af0       _config_init               71048af0 f   config.c.obj
 0001:00047b40       _config_heap_init          71048b40 f   config.c.obj
 0001:00047b70       _config_heap_exit          71048b70 f   config.c.obj
 0001:00047bc0       _get_parameter_ex          71048bc0 f   config.c.obj
 0001:00047c10       _get_parameter             71048c10 f   config.c.obj
 0001:00048200       _kstat_init                71049200 f   stats.c.obj
 0001:00048650       _kstat_thread_init         71049650 f   stats.c.obj
 0001:0004b720       _kstat_exit                7104c720 f   stats.c.obj
 0001:0004b780       _dump_thread_kstats        7104c780 f   stats.c.obj
 0001:0004b7e0       _kstat_thread_exit         7104c7e0 f   stats.c.obj
 0001:0004b970       _print_vmm_heap_data       7104c970 f   heap.c.obj
 0001:0004b9f0       _is_vmm_reserved_address   7104c9f0 f   heap.c.obj
 0001:0004ba20       _vmcode_get_start          7104ca20 f   heap.c.obj
 0001:0004ba30       _vmcode_get_end            7104ca30 f   heap.c.obj
 0001:0004ba40       _vmcode_unreachable_pc     7104ca40 f   heap.c.obj
 0001:0004bf30       _vmm_heap_exit             7104cf30 f   heap.c.obj
 0001:0004bfa0       _heap_check_option_compatibility 7104cfa0 f   heap.c.obj
 0001:0004c1a0       _lockwise_safe_to_allocate_memory 7104d1a0 f   heap.c.obj
 0001:0004c250       _heap_mmap_retract_commitment 7104d250 f   heap.c.obj
 0001:0004c270       _heap_munmap_ex            7104d270 f   heap.c.obj
 0001:0004c290       _heap_munmap               7104d290 f   heap.c.obj
 0001:0004c3a0       _stack_free                7104d3a0 f   heap.c.obj
 0001:0004c4a0       _map_file                  7104d4a0 f   heap.c.obj
 0001:0004c520       _unmap_file                7104d520 f   heap.c.obj
 0001:0004c5a0       _heap_vmareas_synch_units  7104d5a0 f   heap.c.obj
 0001:0004c7d0       _local_heap_protected      7104d7d0 f   heap.c.obj
 0001:0004c840       _protect_local_heap        7104d840 f   heap.c.obj
 0001:0004c880       _protect_global_heap       7104d880 f   heap.c.obj
 0001:0004c900       _special_heap_set_vector_data 7104d900 f   heap.c.obj
 0001:0004c930       _special_heap_set_unit_end 7104d930 f   heap.c.obj
 0001:0004c960       _special_heap_profile_exit 7104d960 f   heap.c.obj
 0001:0004ca30       _special_heap_cfree        7104da30 f   heap.c.obj
 0001:0004ca90       _special_heap_free         7104da90 f   heap.c.obj
 0001:0004cae0       _special_heap_iterator_start 7104dae0 f   heap.c.obj
 0001:0004cb10       _special_heap_iterator_hasnext 7104db10 f   heap.c.obj
 0001:0004cb20       _special_heap_iterator_next 7104db20 f   heap.c.obj
 0001:0004cb50       _special_heap_iterator_stop 7104db50 f   heap.c.obj
 0001:0004cb70       _trim_landing_pad          7104db70 f   heap.c.obj
 0001:0004cbe0       _landing_pads_to_executable_areas 7104dbe0 f   heap.c.obj
 0001:0004cde0       _vmm_heap_init             7104dde0 f   heap.c.obj
 0001:0004d4e0       _heap_mmap_ex              7104e4e0 f   heap.c.obj
 0001:0004d500       _heap_mmap_reserve         7104e500 f   heap.c.obj
 0001:0004d520       _heap_mmap_extend_commitment 7104e520 f   heap.c.obj
 0001:0004d580       _heap_mmap_reserve_post_stack 7104e580 f   heap.c.obj
 0001:0004d770       _heap_munmap_post_stack    7104e770 f   heap.c.obj
 0001:0004d830       _heap_mmap                 7104e830 f   heap.c.obj
 0001:0004d850       _stack_alloc               7104e850 f   heap.c.obj
 0001:0004dd80       _heap_thread_reset_init    7104ed80 f   heap.c.obj
 0001:0004dda0       _heap_thread_reset_free    7104eda0 f   heap.c.obj
 0001:0004e1e0       _heap_reset_init           7104f1e0 f   heap.c.obj
 0001:0004e200       _heap_reset_free           7104f200 f   heap.c.obj
 0001:0004e360       _global_heap_alloc         7104f360 f   heap.c.obj
 0001:0004e3d0       _global_heap_free          7104f3d0 f   heap.c.obj
 0001:0004e3f0       _global_heap_realloc       7104f3f0 f   heap.c.obj
 0001:0004e450       _heap_thread_init          7104f450 f   heap.c.obj
 0001:0004e4b0       _heap_thread_exit          7104f4b0 f   heap.c.obj
 0001:0004e520       _heap_alloc                7104f520 f   heap.c.obj
 0001:0004e550       _heap_free                 7104f550 f   heap.c.obj
 0001:0004e5a0       _global_unprotected_heap_alloc 7104f5a0 f   heap.c.obj
 0001:0004e610       _global_unprotected_heap_free 7104f610 f   heap.c.obj
 0001:0004e630       _nonpersistent_heap_alloc  7104f630 f   heap.c.obj
 0001:0004e670       _nonpersistent_heap_free   7104f670 f   heap.c.obj
 0001:0004e910       _special_heap_init         7104f910 f   heap.c.obj
 0001:0004e940       _special_heap_pclookup_init 7104f940 f   heap.c.obj
 0001:0004e950       _special_heap_exit         7104f950 f   heap.c.obj
 0001:0004ec50       _special_heap_calloc       7104fc50 f   heap.c.obj
 0001:0004edd0       _special_heap_alloc        7104fdd0 f   heap.c.obj
 0001:0004eec0       _alloc_landing_pad         7104fec0 f   heap.c.obj
 0001:0004f450       _heap_init                 71050450 f   heap.c.obj
 0001:0004f6b0       _heap_exit                 710506b0 f   heap.c.obj
 0001:0004fc50       _mangle_trace_at_end       71050c50 f   monitor.c.obj
 0001:0004fc70       _monitor_exit              71050c70 f   monitor.c.obj
 0001:0004fd10       _thcounter_range_remove    71050d10 f   monitor.c.obj
 0001:0004fd40       _is_building_trace         71050d40 f   monitor.c.obj
 0001:0004fd60       _cur_trace_vmlist          71050d60 f   monitor.c.obj
 0001:0004fe70       _monitor_delete_would_abort_trace 71050e70 f   monitor.c.obj
 0001:0004ff60       _mark_trace_head           71050f60 f   monitor.c.obj
 0001:000501f0       _should_be_trace_head      710511f0 f   monitor.c.obj
 0001:00050280       _monitor_is_linkable       71051280 f   monitor.c.obj
 0001:00050770       _monitor_cache_exit        71051770 f   monitor.c.obj
 0001:00050860       _trace_abort               71051860 f   monitor.c.obj
 0001:000508f0       _trace_abort_and_delete    710518f0 f   monitor.c.obj
 0001:00050950       _monitor_thread_init       71051950 f   monitor.c.obj
 0001:000509b0       _monitor_thread_exit       710519b0 f   monitor.c.obj
 0001:000509c0       _monitor_remove_fragment   710519c0 f   monitor.c.obj
 0001:00051070       _monitor_cache_enter       71052070 f   monitor.c.obj
 0001:00051bf0       _monitor_thread_reset_free 71052bf0 f   monitor.c.obj
 0001:00051c60       _revert_memory_regions     71052c60 f   vmareas.c.obj
 0001:00051f60       _vmvector_overlap          71052f60 f   vmareas.c.obj
 0001:00051fe0       _vmvector_lookup_data      71052fe0 f   vmareas.c.obj
 0001:00052080       _vmvector_lookup_prev_next 71053080 f   vmareas.c.obj
 0001:00052170       _vmvector_modify_data      71053170 f   vmareas.c.obj
 0001:00052200       _vmvector_create_vector    71053200 f   vmareas.c.obj
 0001:00052230       _vmvector_reset_vector     71053230 f   vmareas.c.obj
 0001:00052270       _vmvector_delete_vector    71053270 f   vmareas.c.obj
 0001:000522f0       _vmvector_iterator_start   710532f0 f   vmareas.c.obj
 0001:00052330       _vmvector_iterator_hasnext 71053330 f   vmareas.c.obj
 0001:00052350       _vmvector_iterator_startover 71053350 f   vmareas.c.obj
 0001:00052360       _vmvector_iterator_peek    71053360 f   vmareas.c.obj
 0001:000523b0       _vmvector_iterator_next    710533b0 f   vmareas.c.obj
 0001:00052400       _vmvector_iterator_stop    71053400 f   vmareas.c.obj
 0001:00052440       _print_executable_areas    71053440 f   vmareas.c.obj
 0001:000524b0       _get_executable_area_vm_flags 710534b0 f   vmareas.c.obj
 0001:00052530       _get_executable_area_flags 71053530 f   vmareas.c.obj
 0001:000525b0       _mark_executable_area_coarse_frozen 710535b0 f   vmareas.c.obj
 0001:00052730       _is_executable_area_writable 71053730 f   vmareas.c.obj
 0001:00052770       _executable_vm_area_coarse_overlap 71053770 f   vmareas.c.obj
 0001:000527b0       _executable_vm_area_executed_from 710537b0 f   vmareas.c.obj
 0001:000527f0       _executable_area_overlap_bounds 710537f0 f   vmareas.c.obj
 0001:00052a30       _is_executable_area_on_all_selfmod_pages 71053a30 f   vmareas.c.obj
 0001:00052a90       _mark_dynamo_vm_areas_stale 71053a90 f   vmareas.c.obj
 0001:00052aa0       _dynamo_vm_areas_lock      71053aa0 f   vmareas.c.obj
 0001:00052ae0       _dynamo_vm_areas_unlock    71053ae0 f   vmareas.c.obj
 0001:00052b10       _self_owns_dynamo_vm_area_lock 71053b10 f   vmareas.c.obj
 0001:00052b40       _is_dynamo_area_buffer     71053b40 f   vmareas.c.obj
 0001:00052b60       _is_pretend_writable_address 71053b60 f   vmareas.c.obj
 0001:00052bf0       _executable_vm_area_overlap 71053bf0 f   vmareas.c.obj
 0001:00052c40       _executable_areas_lock     71053c40 f   vmareas.c.obj
 0001:00052c50       _executable_areas_unlock   71053c50 f   vmareas.c.obj
 0001:00052cf0       _is_address_on_stack       71053cf0 f   vmareas.c.obj
 0001:00052d80       _is_driver_address         71053d80 f   vmareas.c.obj
 0001:00052ea0       _app_memory_deallocation   71053ea0 f   vmareas.c.obj
 0001:00052f00       _tamper_resistant_region_add 71053f00 f   vmareas.c.obj
 0001:00052f20       _is_jit_managed_area       71053f20 f   vmareas.c.obj
 0001:00053050       _set_thread_decode_page_start 71054050 f   vmareas.c.obj
 0001:00053070       _check_in_last_thread_vm_area 71054070 f   vmareas.c.obj
 0001:000531d0       _acquire_vm_areas_lock     710541d0 f   vmareas.c.obj
 0001:00053210       _acquire_vm_areas_lock_if_not_already 71054210 f   vmareas.c.obj
 0001:00053270       _release_vm_areas_lock     71054270 f   vmareas.c.obj
 0001:000532b0       _vm_list_overlaps          710542b0 f   vmareas.c.obj
 0001:00053700       _vm_area_remove_fragment   71054700 f   vmareas.c.obj
 0001:000537e0       _remove_from_lazy_deletion_list 710547e0 f   vmareas.c.obj
 0001:00053850       _add_to_lazy_deletion_list 71054850 f   vmareas.c.obj
 0001:00053a40       _unlink_fragments_for_deletion 71054a40 f   vmareas.c.obj
 0001:00053b30       _vm_area_check_shared_pending 71054b30 f   vmareas.c.obj
 0001:00053d40       _vm_area_coarse_units_reset_free 71054d40 f   vmareas.c.obj
 0001:00053fe0       _vm_area_coarse_units_freeze 71054fe0 f   vmareas.c.obj
 0001:00054080       _thread_vm_area_overlap    71055080 f   vmareas.c.obj
 0001:000540f0       _mark_unload_start         710550f0 f   vmareas.c.obj
 0001:00054130       _mark_unload_end           71055130 f   vmareas.c.obj
 0001:00054160       _is_in_last_unloaded_region 71055160 f   vmareas.c.obj
 0001:000541b0       _is_unreadable_or_currently_unloaded_region 710551b0 f   vmareas.c.obj
 0001:000541f0       _print_last_deallocated    710551f0 f   vmareas.c.obj
 0001:00054a70       _vm_areas_reset_init       71055a70 f   vmareas.c.obj
 0001:00054ad0       _dynamo_vm_areas_init      71055ad0 f   vmareas.c.obj
 0001:00054b30       _vm_areas_init             71055b30 f   vmareas.c.obj
 0001:00054e90       _vm_areas_reset_free       71055e90 f   vmareas.c.obj
 0001:00054ef0       _vm_areas_exit             71055ef0 f   vmareas.c.obj
 0001:00055030       _vm_areas_thread_reset_init 71056030 f   vmareas.c.obj
 0001:000550a0       _vm_areas_thread_init      710560a0 f   vmareas.c.obj
 0001:00055110       _vm_areas_thread_reset_free 71056110 f   vmareas.c.obj
 0001:00055110       _vm_areas_thread_exit      71056110 f   vmareas.c.obj
 0001:00055160       _vmvector_add              71056160 f   vmareas.c.obj
 0001:000551d0       _vmvector_add_replace      710561d0 f   vmareas.c.obj
 0001:00055280       _vmvector_remove           71056280 f   vmareas.c.obj
 0001:000552f0       _vmvector_remove_containing_area 710562f0 f   vmareas.c.obj
 0001:00055390       _vmvector_lookup           71056390 f   vmareas.c.obj
 0001:00055a50       _add_executable_region     71056a50 f   vmareas.c.obj
 0001:00055a70       _remove_executable_region  71056a70 f   vmareas.c.obj
 0001:00055ad0       _vm_area_delay_load_coarse_units 71056ad0 f   vmareas.c.obj
 0001:00055bd0       _free_nonexec_coarse_and_unlock 71056bd0 f   vmareas.c.obj
 0001:00055dd0       _get_executable_area_coarse_info 71056dd0 f   vmareas.c.obj
 0001:00055df0       _is_pretend_or_executable_writable 71056df0 f   vmareas.c.obj
 0001:00055f60       _add_dynamo_vm_area        71056f60 f   vmareas.c.obj
 0001:00055ff0       _remove_dynamo_vm_area     71056ff0 f   vmareas.c.obj
 0001:00056040       _add_dynamo_heap_vm_area   71057040 f   vmareas.c.obj
 0001:00056080       _remove_dynamo_heap_areas  71057080 f   vmareas.c.obj
 0001:00056400       _is_dynamo_address         71057400 f   vmareas.c.obj
 0001:00056450       _dynamo_vm_area_overlap    71057450 f   vmareas.c.obj
 0001:000564a0       _app_memory_allocation     710574a0 f   vmareas.c.obj
 0001:000565a0       _set_region_jit_managed    710575a0 f   vmareas.c.obj
 0001:00056650       _app_memory_protection_change 71057650 f   vmareas.c.obj
 0001:00056b10       _vm_area_add_to_list       71057b10 f   vmareas.c.obj
 0001:00056ee0       _vm_area_destroy_list      71057ee0 f   vmareas.c.obj
 0001:00056f00       _vm_area_unlink_fragments  71057f00 f   vmareas.c.obj
 0001:000571b0       _vm_area_flush_fragments   710581b0 f   vmareas.c.obj
 0001:00057480       _vm_area_allsynch_flush_fragments 71058480 f   vmareas.c.obj
 0001:000576c0       _handle_modified_code      710586c0 f   vmareas.c.obj
 0001:00057c10       _get_selfmod_exec_counter  71058c10 f   vmareas.c.obj
 0001:00057ce0       _vm_area_selfmod_check_clear_exec_count 71058ce0 f   vmareas.c.obj
 0001:00057ec0       _was_executable_area_writable 71058ec0 f   vmareas.c.obj
 0001:00057f50       _app_memory_pre_alloc      71058f50 f   vmareas.c.obj
 0001:00058020       _check_thread_vm_area_abort 71059020 f   vmareas.c.obj
 0001:000580d0       _check_thread_vm_area      710590d0 f   vmareas.c.obj
 0001:00058ca0       _vm_area_add_fragment      71059ca0 f   vmareas.c.obj
 0001:00058f10       _hashtable_bits_given_entries 71059f10 f   hashtable.c.obj
 0001:00059100       _generic_hash_destroy      7105a100 f   hashtable.c.obj
 0001:000591b0       _generic_hash_lookup       7105a1b0 f   hashtable.c.obj
 0001:000591d0       _generic_hash_remove       7105a1d0 f   hashtable.c.obj
 0001:000593e0       _strhash_hash_destroy      7105a3e0 f   hashtable.c.obj
 0001:00059490       _strhash_hash_lookup       7105a490 f   hashtable.c.obj
 0001:000594b0       _strhash_hash_remove       7105a4b0 f   hashtable.c.obj
 0001:000595f0       _hashtable_generic_clear   7105a5f0 f   hashtable.c.obj
 0001:00059700       _generic_hash_create       7105a700 f   hashtable.c.obj
 0001:00059780       _generic_hash_clear        7105a780 f   hashtable.c.obj
 0001:00059790       _generic_hash_range_remove 7105a790 f   hashtable.c.obj
 0001:00059850       _strhash_hash_create       7105a850 f   hashtable.c.obj
 0001:00059ed0       _generic_hash_add          7105aed0 f   hashtable.c.obj
 0001:00059fa0       _strhash_hash_add          7105afa0 f   hashtable.c.obj
 0001:00059fd0       _os_get_module_info_lock   7105afd0 f   module_list.c.obj
 0001:00059ff0       _os_get_module_info_unlock 7105aff0 f   module_list.c.obj
 0001:0005a010       _os_get_module_info_write_lock 7105b010 f   module_list.c.obj
 0001:0005a030       _os_get_module_info_write_unlock 7105b030 f   module_list.c.obj
 0001:0005a050       _modules_init              7105b050 f   module_list.c.obj
 0001:0005a0a0       _is_module_list_initialized 7105b0a0 f   module_list.c.obj
 0001:0005a0b0       _modules_reset_list        7105b0b0 f   module_list.c.obj
 0001:0005a180       _modules_exit              7105b180 f   module_list.c.obj
 0001:0005a1b0       _module_list_add_mapping   7105b1b0 f   module_list.c.obj
 0001:0005a1d0       _module_list_remove_mapping 7105b1d0 f   module_list.c.obj
 0001:0005a1e0       _module_list_add           7105b1e0 f   module_list.c.obj
 0001:0005a270       _module_list_remove        7105b270 f   module_list.c.obj
 0001:0005a360       _module_pc_lookup          7105b360 f   module_list.c.obj
 0001:0005a380       _os_module_get_view_size   7105b380 f   module_list.c.obj
 0001:0005a3d0       _module_iterator_start     7105b3d0 f   module_list.c.obj
 0001:0005a410       _module_iterator_hasnext   7105b410 f   module_list.c.obj
 0001:0005a470       _module_iterator_next      7105b470 f   module_list.c.obj
 0001:0005a490       _module_iterator_stop      7105b490 f   module_list.c.obj
 0001:0005a630       _module_calculate_digest   7105b630 f   module_list.c.obj
 0001:0005a810       _os_module_set_flag        7105b810 f   module_list.c.obj
 0001:0005a8a0       _os_module_clear_flag      7105b8a0 f   module_list.c.obj
 0001:0005a930       _os_module_get_flag        7105b930 f   module_list.c.obj
 0001:0005aa90       _os_get_module_name_strdup 7105ba90 f   module_list.c.obj
 0001:0005ab10       _os_get_module_name_buf_strdup 7105bb10 f   module_list.c.obj
 0001:0005aca0       _moduledb_process_image    7105bca0 f   moduledb.c.obj
 0001:0005ad40       _moduledb_init             7105bd40 f   moduledb.c.obj
 0001:0005ad60       _moduledb_exit             7105bd60 f   moduledb.c.obj
 0001:0005adb0       _print_moduledb_exempt_lists 7105bdb0 f   moduledb.c.obj
 0001:0005ae50       _coarse_unit_mark_in_use   7105be50 f   perscache.c.obj
 0001:0005ae90       _coarse_unit_free          7105be90 f   perscache.c.obj
 0001:0005aee0       _coarse_unit_init          7105bee0 f   perscache.c.obj
 0001:0005b040       _coarse_unit_reset_free    7105c040 f   perscache.c.obj
 0001:0005b0d0       _coarse_units_freeze_all   7105c0d0 f   perscache.c.obj
 0001:0005b650       _transfer_coarse_stub      7105c650 f   perscache.c.obj
 0001:0005b740       _transfer_coarse_stub_fix_trace_head 7105c740 f   perscache.c.obj
 0001:0005b840       _transfer_coarse_fragment  7105c840 f   perscache.c.obj
 0001:0005c4e0       _perscache_dirname         7105d4e0 f   perscache.c.obj
 0001:0005c600       _coarse_unit_check_persist_space 7105d600 f   perscache.c.obj
 0001:0005cfc0       _instrument_persist_section 7105dfc0 f   perscache.c.obj
 0001:0005d030       _dr_persist_start          7105e030 f   perscache.c.obj
 0001:0005d040       _dr_persist_size           7105e040 f   perscache.c.obj
 0001:0005d050       _dr_fragment_persistable   7105e050 f   perscache.c.obj
 0001:0005d240       _coarse_unit_create        7105e240 f   perscache.c.obj
 0001:0005d3a0       _perscache_init            7105e3a0 f   perscache.c.obj
 0001:0005d430       _perscache_fast_exit       7105e430 f   perscache.c.obj
 0001:0005d470       _coarse_unit_freeze        7105e470 f   perscache.c.obj
 0001:0005d630       _coarse_unit_merge         7105e630 f   perscache.c.obj
 0001:0005d9e0       _coarse_unit_load          7105e9e0 f   perscache.c.obj
 0001:0005e3f0       _coarse_unit_persist       7105f3f0 f   perscache.c.obj
 0001:0005ebc0       _nudge_thread_cleanup      7105fbc0 f   nudge.c.obj
 0001:0005eda0       _generic_nudge_handler     7105fda0 f   nudge.c.obj
 0001:0005ef10       _generic_nudge_target      7105ff10 f   nudge.c.obj
 0001:0005ef30       _nudge_internal            7105ff30 f   nudge.c.obj
 0001:0005f060       _synch_exit                71060060 f   synch.c.obj
 0001:0005f070       _synch_thread_init         71060070 f   synch.c.obj
 0001:0005f0d0       _synch_thread_exit         710600d0 f   synch.c.obj
 0001:0005f130       _thread_synch_state_no_xfer 71060130 f   synch.c.obj
 0001:0005f150       _thread_synch_successful   71060150 f   synch.c.obj
 0001:0005f170       _is_at_do_syscall          71060170 f   synch.c.obj
 0001:0005f2f0       _translate_mcontext        710602f0 f   synch.c.obj
 0001:0005f460       _at_safe_spot              71060460 f   synch.c.obj
 0001:0005f5f0       _should_wait_at_safe_spot  710605f0 f   synch.c.obj
 0001:0005f610       _set_synch_state           71060610 f   synch.c.obj
 0001:0005f640       _set_synched_thread_context 71060640 f   synch.c.obj
 0001:0005f790       _resume_all_threads        71060790 f   synch.c.obj
 0001:0005f800       _end_synch_with_all_threads 71060800 f   synch.c.obj
 0001:0005f860       _translate_from_synchall_to_dispatch 71060860 f   synch.c.obj
 0001:0005f940       _check_wait_at_safe_spot   71060940 f   synch.c.obj
 0001:0005fb20       _synch_with_thread         71060b20 f   synch.c.obj
 0001:0005feb0       _synch_with_all_threads    71060eb0 f   synch.c.obj
 0001:00060520       _locate_and_load_private_library 71061520 f   loader_shared.c.obj
 0001:00060530       _in_private_library        71061530 f   loader_shared.c.obj
 0001:000607c0       _privload_unload           710617c0 f   loader_shared.c.obj
 0001:000609e0       _privload_add_drext_path   710619e0 f   loader_shared.c.obj
 0001:00060a50       _privload_next_module      71061a50 f   loader_shared.c.obj
 0001:00060a60       _privload_first_module     71061a60 f   loader_shared.c.obj
 0001:00060a70       _privload_print_modules    71061a70 f   loader_shared.c.obj
 0001:00060b10       _loader_exit               71061b10 f   loader_shared.c.obj
 0001:00060c50       _loader_thread_init        71061c50 f   loader_shared.c.obj
 0001:00060cd0       _loader_thread_exit        71061cd0 f   loader_shared.c.obj
 0001:00060d40       _privload_lookup           71061d40 f   loader_shared.c.obj
 0001:00060e10       _privload_lookup_by_base   71061e10 f   loader_shared.c.obj
 0001:00060e80       _privload_lookup_by_pc     71061e80 f   loader_shared.c.obj
 0001:00060f00       _privload_insert           71061f00 f   loader_shared.c.obj
 0001:00061050       _privload_load             71062050 f   loader_shared.c.obj
 0001:00061130       _loader_init               71062130 f   loader_shared.c.obj
 0001:00061290       _unload_private_library    71062290 f   loader_shared.c.obj
 0001:000612d0       _double2int_trunc          710622d0 f   io.c.obj
 0001:00061770       _utf16_to_utf8_size        71062770 f   io.c.obj
 0001:00061e50       _our_vsnprintf             71062e50 f   io.c.obj
 0001:00062620       _dr_snprintf               71063620 f   instrument.c.obj
 0001:00062620       _our_snprintf              71063620 f   io.c.obj
 0001:00062d70       _our_vsnprintf_wide        71063d70 f   io.c.obj
 0001:00063650       _our_snprintf_wide         71064650 f   io.c.obj
 0001:00063650       _dr_snwprintf              71064650 f   instrument.c.obj
 0001:00063670       _parse_int                 71064670 f   io.c.obj
 0001:00063780       _our_vsscanf               71064780 f   io.c.obj
 0001:00063b60       _dr_sscanf                 71064b60 f   instrument.c.obj
 0001:00063b60       _our_sscanf                71064b60 f   io.c.obj
 0001:00063b80       _native_exec_init          71064b80 f   native_exec.c.obj
 0001:00063bf0       _native_exec_exit          71064bf0 f   native_exec.c.obj
 0001:00063c20       _is_native_pc              71064c20 f   native_exec.c.obj
 0001:00063d70       _native_exec_module_load   71064d70 f   native_exec.c.obj
 0001:00063db0       _native_exec_module_unload 71064db0 f   native_exec.c.obj
 0001:00063fc0       _call_to_native            71064fc0 f   native_exec.c.obj
 0001:00064090       _return_to_native          71065090 f   native_exec.c.obj
 0001:00064190       _return_from_native        71065190 f   native_exec.c.obj
 0001:000641f0       _interpret_back_from_native 710651f0 f   native_exec.c.obj
 0001:00064220       _put_back_native_retaddrs  71065220 f   native_exec.c.obj
 0001:00064400       _instrument_load_client_libs 71065400 f   instrument.c.obj
 0001:00064640       _instrument_exit           71065640 f   instrument.c.obj
 0001:00064760       _is_in_client_lib          71065760 f   instrument.c.obj
 0001:000647b0       _get_client_path_from_addr 710657b0 f   instrument.c.obj
 0001:000647f0       _dr_register_exit_event    710657f0 f   instrument.c.obj
 0001:00064810       _dr_unregister_exit_event  71065810 f   instrument.c.obj
 0001:00064830       _dr_register_bb_event      71065830 f   instrument.c.obj
 0001:00064860       _dr_unregister_bb_event    71065860 f   instrument.c.obj
 0001:00064880       _dr_register_trace_event   71065880 f   instrument.c.obj
 0001:000648b0       _dr_unregister_trace_event 710658b0 f   instrument.c.obj
 0001:000648d0       _dr_register_end_trace_event 710658d0 f   instrument.c.obj
 0001:00064900       _dr_unregister_end_trace_event 71065900 f   instrument.c.obj
 0001:00064920       _dr_register_delete_event  71065920 f   instrument.c.obj
 0001:00064950       _dr_unregister_delete_event 71065950 f   instrument.c.obj
 0001:00064970       _dr_register_restore_state_event 71065970 f   instrument.c.obj
 0001:000649a0       _dr_unregister_restore_state_event 710659a0 f   instrument.c.obj
 0001:000649c0       _dr_register_restore_state_ex_event 710659c0 f   instrument.c.obj
 0001:000649f0       _dr_unregister_restore_state_ex_event 710659f0 f   instrument.c.obj
 0001:00064a10       _dr_register_thread_init_event 71065a10 f   instrument.c.obj
 0001:00064a30       _dr_unregister_thread_init_event 71065a30 f   instrument.c.obj
 0001:00064a50       _dr_register_thread_exit_event 71065a50 f   instrument.c.obj
 0001:00064a70       _dr_unregister_thread_exit_event 71065a70 f   instrument.c.obj
 0001:00064a90       _dr_register_module_load_event 71065a90 f   instrument.c.obj
 0001:00064ab0       _dr_unregister_module_load_event 71065ab0 f   instrument.c.obj
 0001:00064ad0       _dr_register_module_unload_event 71065ad0 f   instrument.c.obj
 0001:00064af0       _dr_unregister_module_unload_event 71065af0 f   instrument.c.obj
 0001:00064b10       _dr_register_exception_event 71065b10 f   instrument.c.obj
 0001:00064b30       _dr_unregister_exception_event 71065b30 f   instrument.c.obj
 0001:00064b50       _dr_register_filter_syscall_event 71065b50 f   instrument.c.obj
 0001:00064b70       _dr_unregister_filter_syscall_event 71065b70 f   instrument.c.obj
 0001:00064b90       _dr_register_pre_syscall_event 71065b90 f   instrument.c.obj
 0001:00064bb0       _dr_unregister_pre_syscall_event 71065bb0 f   instrument.c.obj
 0001:00064bd0       _dr_register_post_syscall_event 71065bd0 f   instrument.c.obj
 0001:00064bf0       _dr_unregister_post_syscall_event 71065bf0 f   instrument.c.obj
 0001:00064c10       _dr_register_nudge_event   71065c10 f   instrument.c.obj
 0001:00064ce0       _dr_unregister_nudge_event 71065ce0 f   instrument.c.obj
 0001:00064d80       _dr_nudge_client_ex        71065d80 f   instrument.c.obj
 0001:00064e20       _dr_nudge_client           71065e20 f   instrument.c.obj
 0001:00064e50       _dr_is_nudge_thread        71065e50 f   instrument.c.obj
 0001:00064e60       _instrument_client_thread_init 71065e60 f   instrument.c.obj
 0001:00064ee0       _instrument_thread_exit_event 71065ee0 f   instrument.c.obj
 0001:00065010       _dr_bb_hook_exists         71066010 f   instrument.c.obj
 0001:00065020       _dr_trace_hook_exists      71066020 f   instrument.c.obj
 0001:00065030       _dr_fragment_deleted_hook_exists 71066030 f   instrument.c.obj
 0001:00065040       _dr_end_trace_hook_exists  71066040 f   instrument.c.obj
 0001:00065050       _dr_thread_exit_hook_exists 71066050 f   instrument.c.obj
 0001:00065060       _dr_exit_hook_exists       71066060 f   instrument.c.obj
 0001:00065070       _dr_xl8_hook_exists        71066070 f   instrument.c.obj
 0001:00065090       _dr_modload_hook_exists    71066090 f   instrument.c.obj
 0001:000650a0       _hide_tag_from_client      710660a0 f   instrument.c.obj
 0001:000650f0       _instrument_basic_block    710660f0 f   instrument.c.obj
 0001:000652a0       _instrument_trace          710662a0 f   instrument.c.obj
 0001:000653e0       _instrument_fragment_deleted 710663e0 f   instrument.c.obj
 0001:000654f0       _instrument_restore_state  710664f0 f   instrument.c.obj
 0001:00065730       _instrument_end_trace      71066730 f   instrument.c.obj
 0001:00065920       _copy_module_area_to_module_data 71066920 f   instrument.c.obj
 0001:00065970       _dr_copy_module_data       71066970 f   instrument.c.obj
 0001:000659c0       _dr_free_module_data       710669c0 f   instrument.c.obj
 0001:00065a10       _dr_module_contains_addr   71066a10 f   instrument.c.obj
 0001:00065a30       _instrument_module_load    71066a30 f   instrument.c.obj
 0001:00065b50       _instrument_module_unload  71066b50 f   instrument.c.obj
 0001:00065c80       _instrument_filter_syscall 71066c80 f   instrument.c.obj
 0001:00065db0       _instrument_pre_syscall    71066db0 f   instrument.c.obj
 0001:00065f00       _instrument_post_syscall   71066f00 f   instrument.c.obj
 0001:00066020       _instrument_invoke_another_syscall 71067020 f   instrument.c.obj
 0001:00066030       _instrument_exception      71067030 f   instrument.c.obj
 0001:00066140       _instrument_nudge          71067140 f   instrument.c.obj
 0001:000662e0       _get_num_client_threads    710672e0 f   instrument.c.obj
 0001:000662f0       _dr_standalone_init        710672f0 f   instrument.c.obj
 0001:00066300       _dr_abort                  71067300 f   instrument.c.obj
 0001:00066330       _dr_exit_process           71067330 f   instrument.c.obj
 0001:000663f0       _dr_create_memory_dump     710673f0 f   instrument.c.obj
 0001:00066420       _dr_using_all_private_caches 71067420 f   instrument.c.obj
 0001:00066440       _dr_set_process_exit_behavior 71067440 f   instrument.c.obj
 0001:000664a0       _dr_get_options            710674a0 f   instrument.c.obj
 0001:000665b0       _dr_get_option_array       710675b0 f   instrument.c.obj
 0001:00066600       _dr_get_client_path        71067600 f   instrument.c.obj
 0001:00066640       _dr_get_client_base        71067640 f   instrument.c.obj
 0001:00066680       _dr_set_client_name        71067680 f   instrument.c.obj
 0001:000666a0       _dr_set_client_version_string 710676a0 f   instrument.c.obj
 0001:000666c0       _dr_get_application_name   710676c0 f   instrument.c.obj
 0001:000666d0       _redirect_GetCurrentProcessId@0 710676d0 f   kernel32_proc.c.obj
 0001:000666d0       _dr_get_process_id         710676d0 f   instrument.c.obj
 0001:000666e0       _dr_convert_handle_to_pid  710676e0 f   instrument.c.obj
 0001:000666f0       _dr_convert_pid_to_handle  710676f0 f   instrument.c.obj
 0001:00066700       _dr_get_os_version         71067700 f   instrument.c.obj
 0001:00066840       _dr_is_wow64               71067840 f   instrument.c.obj
 0001:00066850       _kernel32_redir_init_proc  71067850 f   kernel32_proc.c.obj
 0001:00066850       _dr_get_app_PEB            71067850 f   instrument.c.obj
 0001:00066860       _dr_get_time               71067860 f   instrument.c.obj
 0001:00066880       _dr_get_milliseconds       71067880 f   instrument.c.obj
 0001:00066890       _dr_get_random_value       71067890 f   instrument.c.obj
 0001:000668a0       _dr_set_random_seed        710678a0 f   instrument.c.obj
 0001:000668b0       _dr_get_random_seed        710678b0 f   instrument.c.obj
 0001:000668c0       _dr_thread_alloc           710678c0 f   instrument.c.obj
 0001:000668d0       _dr_thread_free            710678d0 f   instrument.c.obj
 0001:000668e0       _dr_global_alloc           710678e0 f   instrument.c.obj
 0001:000668f0       _convert_to_NT_file_path_wide_free 710678f0 f   os.c.obj
 0001:000668f0       _dr_global_free            710678f0 f   instrument.c.obj
 0001:00066900       _dr_nonheap_alloc          71067900 f   instrument.c.obj
 0001:00066920       _dr_nonheap_free           71067920 f   instrument.c.obj
 0001:00066b00       _dr_raw_mem_alloc          71067b00 f   instrument.c.obj
 0001:00066b20       _dr_raw_mem_free           71067b20 f   instrument.c.obj
 0001:00066b60       _dr_custom_alloc           71067b60 f   instrument.c.obj
 0001:00066bf0       _dr_custom_free            71067bf0 f   instrument.c.obj
 0001:00066c60       _dr_memory_protect         71067c60 f   instrument.c.obj
 0001:00066cc0       _is_readable_without_exception_query_os 71067cc0 f   os.c.obj
 0001:00066cc0       _dr_memory_is_readable     71067cc0 f   instrument.c.obj
 0001:00066cd0       _dr_query_memory           71067cd0 f   instrument.c.obj
 0001:00066d20       _dr_query_memory_ex        71067d20 f   instrument.c.obj
 0001:00066d50       _dr_safe_read              71067d50 f   instrument.c.obj
 0001:00066d60       _dr_safe_write             71067d60 f   instrument.c.obj
 0001:00066d70       _dr_try_setup              71067d70 f   instrument.c.obj
 0001:00066da0       _dr_try_stop               71067da0 f   instrument.c.obj
 0001:00066dd0       _dr_memory_is_dr_internal  71067dd0 f   instrument.c.obj
 0001:00066de0       _dr_memory_is_in_client    71067de0 f   instrument.c.obj
 0001:00066df0       _instrument_client_lib_loaded 71067df0 f   instrument.c.obj
 0001:00066e60       _instrument_client_lib_unloaded 71067e60 f   instrument.c.obj
 0001:00066e80       _dr_load_aux_library       71067e80 f   instrument.c.obj
 0001:00066f20       _dr_lookup_aux_library_routine 71067f20 f   instrument.c.obj
 0001:00066f40       _dr_unload_aux_library     71067f40 f   instrument.c.obj
 0001:00067020       _dr_load_aux_x64_library   71068020 f   instrument.c.obj
 0001:00067050       _dr_lookup_aux_x64_library_routine 71068050 f   instrument.c.obj
 0001:00067070       _dr_unload_aux_x64_library 71068070 f   instrument.c.obj
 0001:000670a0       _dr_mutex_create           710680a0 f   instrument.c.obj
 0001:000670d0       _dr_mutex_destroy          710680d0 f   instrument.c.obj
 0001:000670f0       _dr_mutex_lock             710680f0 f   instrument.c.obj
 0001:00067150       _dr_mutex_unlock           71068150 f   instrument.c.obj
 0001:00067190       _dr_mutex_trylock          71068190 f   instrument.c.obj
 0001:00067200       _dr_mutex_mark_as_app      71068200 f   instrument.c.obj
 0001:00067200       _dr_recurlock_mark_as_app  71068200 f   instrument.c.obj
 0001:00067200       _dr_rwlock_mark_as_app     71068200 f   instrument.c.obj
 0001:00067210       _dr_rwlock_create          71068210 f   instrument.c.obj
 0001:00067260       _dr_rwlock_destroy         71068260 f   instrument.c.obj
 0001:00067280       _dr_rwlock_read_lock       71068280 f   instrument.c.obj
 0001:00067290       _dr_rwlock_read_unlock     71068290 f   instrument.c.obj
 0001:000672a0       _dr_rwlock_write_lock      710682a0 f   instrument.c.obj
 0001:000672b0       _dr_rwlock_write_unlock    710682b0 f   instrument.c.obj
 0001:000672c0       _dr_rwlock_write_trylock   710682c0 f   instrument.c.obj
 0001:000672d0       _dr_rwlock_self_owns_write_lock 710682d0 f   instrument.c.obj
 0001:000672e0       _dr_recurlock_create       710682e0 f   instrument.c.obj
 0001:00067320       _dr_recurlock_destroy      71068320 f   instrument.c.obj
 0001:00067340       _dr_recurlock_lock         71068340 f   instrument.c.obj
 0001:00067350       _dr_recurlock_unlock       71068350 f   instrument.c.obj
 0001:00067360       _dr_recurlock_trylock      71068360 f   instrument.c.obj
 0001:00067370       _dr_recurlock_self_owns    71068370 f   instrument.c.obj
 0001:00067380       _dr_mark_safe_to_suspend   71068380 f   instrument.c.obj
 0001:000673b0       _dr_atomic_add32_return_sum 710683b0 f   instrument.c.obj
 0001:000673d0       _dr_lookup_module          710683d0 f   instrument.c.obj
 0001:00067440       _dr_get_main_module        71068440 f   instrument.c.obj
 0001:00067450       _dr_lookup_module_by_name  71068450 f   instrument.c.obj
 0001:00067510       _dr_module_iterator_start  71068510 f   instrument.c.obj
 0001:00067600       _dr_module_iterator_next   71068600 f   instrument.c.obj
 0001:00067620       _dr_module_iterator_stop   71068620 f   instrument.c.obj
 0001:000676b0       _dr_module_preferred_name  710686b0 f   instrument.c.obj
 0001:000676e0       _dr_lookup_module_section  710686e0 f   instrument.c.obj
 0001:000676f0       _dr_module_set_should_instrument 710686f0 f   instrument.c.obj
 0001:00067740       _dr_module_should_instrument 71068740 f   instrument.c.obj
 0001:00067770       _dr_get_proc_address       71068770 f   instrument.c.obj
 0001:00067780       _dr_get_proc_address_ex    71068780 f   instrument.c.obj
 0001:000677c0       _dr_create_dir             710687c0 f   instrument.c.obj
 0001:000677d0       _dr_delete_dir             710687d0 f   instrument.c.obj
 0001:000677e0       _dr_get_current_directory  710687e0 f   instrument.c.obj
 0001:000677f0       _dr_directory_exists       710687f0 f   instrument.c.obj
 0001:00067800       _dr_file_exists            71068800 f   instrument.c.obj
 0001:00067810       _dr_open_file              71068810 f   instrument.c.obj
 0001:00067860       _dr_close_file             71068860 f   instrument.c.obj
 0001:00067860       _close_log_file            71068860 f   utils.c.obj
 0001:00067870       _dr_rename_file            71068870 f   instrument.c.obj
 0001:00067880       _dr_delete_file            71068880 f   instrument.c.obj
 0001:00067890       _dr_flush_file             71068890 f   instrument.c.obj
 0001:000678a0       _dr_read_file              710688a0 f   instrument.c.obj
 0001:000678b0       _dr_file_seek              710688b0 f   instrument.c.obj
 0001:000678d0       _dr_file_tell              710688d0 f   instrument.c.obj
 0001:000678e0       _dr_dup_file_handle        710688e0 f   instrument.c.obj
 0001:00067920       _dr_file_size              71068920 f   instrument.c.obj
 0001:00067930       _dr_map_file               71068930 f   instrument.c.obj
 0001:00067970       _dr_unmap_file             71068970 f   instrument.c.obj
 0001:000679f0       _dr_is_notify_on           710689f0 f   instrument.c.obj
 0001:00067a00       _dr_get_stdout_file        71068a00 f   instrument.c.obj
 0001:00067a10       _dr_get_stderr_file        71068a10 f   instrument.c.obj
 0001:00067a20       _dr_get_stdin_file         71068a20 f   instrument.c.obj
 0001:00067a30       _dr_messagebox             71068a30 f   instrument.c.obj
 0001:00067be0       _dr_using_console          71068be0 f   instrument.c.obj
 0001:00067c70       _dr_enable_console_printing 71068c70 f   instrument.c.obj
 0001:00067d40       _dr_printf                 71068d40 f   instrument.c.obj
 0001:00067d80       _dr_fprintf                71068d80 f   instrument.c.obj
 0001:00067de0       _dr_vsnprintf              71068de0 f   instrument.c.obj
 0001:00067df0       _dr_vsnwprintf             71068df0 f   instrument.c.obj
 0001:00067e00       _dr_get_token              71068e00 f   instrument.c.obj
 0001:00067e30       _dr_print_instr            71068e30 f   instrument.c.obj
 0001:00067e70       _dr_print_opnd             71068e70 f   instrument.c.obj
 0001:00067ec0       _dr_get_current_drcontext  71068ec0 f   instrument.c.obj
 0001:00067ed0       _dr_get_thread_id          71068ed0 f   instrument.c.obj
 0001:00067ee0       _dr_get_dr_thread_handle   71068ee0 f   instrument.c.obj
 0001:00067ef0       _dr_get_tls_field          71068ef0 f   instrument.c.obj
 0001:00067f00       _dr_set_tls_field          71068f00 f   instrument.c.obj
 0001:00067f20       _dr_get_dr_segment_base    71068f20 f   instrument.c.obj
 0001:00067f30       _dr_raw_tls_calloc         71068f30 f   instrument.c.obj
 0001:00067f60       _dr_raw_tls_cfree          71068f60 f   instrument.c.obj
 0001:00067f70       _dr_raw_tls_opnd           71068f70 f   instrument.c.obj
 0001:00067fc0       _dr_thread_yield           71068fc0 f   instrument.c.obj
 0001:00068020       _dr_sleep                  71069020 f   instrument.c.obj
 0001:00068090       _dr_client_thread_set_suspendable 71069090 f   instrument.c.obj
 0001:000680c0       _dr_suspend_all_other_threads_ex 710690c0 f   instrument.c.obj
 0001:000681e0       _dr_suspend_all_other_threads 710691e0 f   instrument.c.obj
 0001:00068200       _dr_resume_all_other_threads 71069200 f   instrument.c.obj
 0001:00068290       _dr_is_thread_native       71069290 f   instrument.c.obj
 0001:000682b0       _dr_retakeover_suspended_native_thread 710692b0 f   instrument.c.obj
 0001:00068560       _instrlist_meta_preinsert  71069560 f   instrument.c.obj
 0001:00068580       _instrlist_meta_postinsert 71069580 f   instrument.c.obj
 0001:000685a0       _instrlist_meta_append     710695a0 f   instrument.c.obj
 0001:000685c0       _instrlist_meta_fault_preinsert 710695c0 f   instrument.c.obj
 0001:000685f0       _instrlist_meta_fault_postinsert 710695f0 f   instrument.c.obj
 0001:00068620       _instrlist_meta_fault_append 71069620 f   instrument.c.obj
 0001:00068690       _dr_insert_call            71069690 f   instrument.c.obj
 0001:00068700       _dr_insert_call_ex         71069700 f   instrument.c.obj
 0001:00068770       _dr_insert_call_noreturn   71069770 f   instrument.c.obj
 0001:000689a0       _dr_insert_clean_call_ex_varg 710699a0 f   instrument.c.obj
 0001:00068dd0       _dr_insert_clean_call_ex   71069dd0 f   instrument.c.obj
 0001:00068e40       _dr_insert_clean_call      71069e40 f   instrument.c.obj
 0001:00068eb0       _dr_prepare_for_call       71069eb0 f   instrument.c.obj
 0001:00068ed0       _dr_cleanup_after_call     71069ed0 f   instrument.c.obj
 0001:00068ef0       _dr_swap_to_clean_stack    71069ef0 f   instrument.c.obj
 0001:00068fe0       _dr_restore_app_stack      71069fe0 f   instrument.c.obj
 0001:00069050       _dr_save_reg               7106a050 f   instrument.c.obj
 0001:000691e0       _dr_restore_reg            7106a1e0 f   instrument.c.obj
 0001:00069310       _dr_max_opnd_accessible_spill_slot 7106a310 f   instrument.c.obj
 0001:00069330       _reg_spill_slot_opnd       7106a330 f   instrument.c.obj
 0001:000693a0       _dr_reg_spill_slot_opnd    7106a3a0 f   instrument.c.obj
 0001:000693e0       _dr_read_saved_reg         7106a3e0 f   instrument.c.obj
 0001:00069430       _dr_write_saved_reg        7106a430 f   instrument.c.obj
 0001:00069490       _dr_insert_read_tls_field  7106a490 f   instrument.c.obj
 0001:000695f0       _dr_insert_write_tls_field 7106a5f0 f   instrument.c.obj
 0001:000697a0       _dr_save_arith_flags_to_reg 7106a7a0 f   instrument.c.obj
 0001:00069850       _dr_restore_arith_flags_from_reg 7106a850 f   instrument.c.obj
 0001:00069940       _dr_insert_call_instrumentation 7106a940 f   instrument.c.obj
 0001:00069ab0       _dr_insert_mbr_instrumentation 7106aab0 f   instrument.c.obj
 0001:0006a620       _dr_insert_cbr_instrumentation 7106b620 f   instrument.c.obj
 0001:0006a660       _dr_insert_cbr_instrumentation_ex 7106b660 f   instrument.c.obj
 0001:0006a6a0       _dr_insert_ubr_instrumentation 7106b6a0 f   instrument.c.obj
 0001:0006a6b0       _dr_clobber_retaddr_after_read 7106b6b0 f   instrument.c.obj
 0001:0006a720       _dr_mcontext_xmm_fields_valid 7106b720 f   instrument.c.obj
 0001:0006a730       _dr_get_mcontext_priv      7106b730 f   instrument.c.obj
 0001:0006a8a0       _dr_get_mcontext           7106b8a0 f   instrument.c.obj
 0001:0006a8c0       _dr_set_mcontext           7106b8c0 f   instrument.c.obj
 0001:0006a940       _dr_redirect_execution     7106b940 f   instrument.c.obj
 0001:0006a9b0       _dr_redirect_native_target 7106b9b0 f   instrument.c.obj
 0001:0006a9c0       _dr_delete_fragment        7106b9c0 f   instrument.c.obj
 0001:0006aab0       _dr_replace_fragment       7106bab0 f   instrument.c.obj
 0001:0006aba0       _dr_flush_region           7106bba0 f   instrument.c.obj
 0001:0006abf0       _dr_unlink_flush_region    7106bbf0 f   instrument.c.obj
 0001:0006ac40       _dr_delay_flush_region     7106bc40 f   instrument.c.obj
 0001:0006acb0       _dr_fragment_exists_at     7106bcb0 f   instrument.c.obj
 0001:0006ace0       _dr_bb_exists_at           7106bce0 f   instrument.c.obj
 0001:0006ad10       _dr_fragment_size          7106bd10 f   instrument.c.obj
 0001:0006ad50       _dr_fragment_app_pc        7106bd50 f   instrument.c.obj
 0001:0006ad80       _dr_app_pc_for_decoding    7106bd80 f   instrument.c.obj
 0001:0006adb0       _dr_app_pc_from_cache_pc   7106bdb0 f   instrument.c.obj
 0001:0006ae00       _dr_using_app_state        7106be00 f   instrument.c.obj
 0001:0006ae10       _dr_switch_to_app_state_ex 7106be10 f   instrument.c.obj
 0001:0006ae30       _dr_switch_to_dr_state_ex  7106be30 f   instrument.c.obj
 0001:0006ae50       _dr_mark_trace_head        7106be50 f   instrument.c.obj
 0001:0006af30       _dr_trace_head_at          7106bf30 f   instrument.c.obj
 0001:0006af90       _dr_trace_exists_at        7106bf90 f   instrument.c.obj
 0001:0006afe0       _dr_insert_get_seg_base    7106bfe0 f   instrument.c.obj
 0001:0006b0d0       _dr_insert_it_instrs       7106c0d0 f   instrument.c.obj
 0001:0006b0d0       _instr_get_isa_mode        7106c0d0 f   instr.c.obj
 0001:0006b0d0       _opnd_get_flags            7106c0d0 f   opnd_shared.c.obj
 0001:0006b0d0       _dr_remove_it_instrs       7106c0d0 f   instrument.c.obj
 0001:0006b0d0       _dr_get_stolen_reg         7106c0d0 f   instrument.c.obj
 0001:0006b0e0       _instrument_persist_ro_size 7106c0e0 f   instrument.c.obj
 0001:0006b250       _instrument_persist_ro     7106c250 f   instrument.c.obj
 0001:0006b420       _instrument_resurrect_ro   7106c420 f   instrument.c.obj
 0001:0006b5e0       _instrument_persist_rx_size 7106c5e0 f   instrument.c.obj
 0001:0006b720       _instrument_persist_rx     7106c720 f   instrument.c.obj
 0001:0006b880       _instrument_resurrect_rx   7106c880 f   instrument.c.obj
 0001:0006b9c0       _instrument_persist_rw_size 7106c9c0 f   instrument.c.obj
 0001:0006bb00       _instrument_persist_rw     7106cb00 f   instrument.c.obj
 0001:0006bc60       _instrument_resurrect_rw   7106cc60 f   instrument.c.obj
 0001:0006bda0       _instrument_persist_patch  7106cda0 f   instrument.c.obj
 0001:0006bf00       _dr_register_persist_ro    7106cf00 f   instrument.c.obj
 0001:0006bf50       _dr_unregister_persist_ro  7106cf50 f   instrument.c.obj
 0001:0006bfd0       _dr_register_persist_rx    7106cfd0 f   instrument.c.obj
 0001:0006c020       _dr_unregister_persist_rx  7106d020 f   instrument.c.obj
 0001:0006c0a0       _dr_register_persist_rw    7106d0a0 f   instrument.c.obj
 0001:0006c0f0       _dr_unregister_persist_rw  7106d0f0 f   instrument.c.obj
 0001:0006c170       _dr_register_persist_patch 7106d170 f   instrument.c.obj
 0001:0006c1a0       _dr_unregister_persist_patch 7106d1a0 f   instrument.c.obj
 0001:0006c1c0       _instrlist_insert_mov_immed_ptrsz 7106d1c0 f   instrument.c.obj
 0001:0006c200       _instrlist_insert_push_immed_ptrsz 7106d200 f   instrument.c.obj
 0001:0006c210       _instrlist_insert_mov_instr_addr 7106d210 f   instrument.c.obj
 0001:0006c260       _instrlist_insert_push_instr_addr 7106d260 f   instrument.c.obj
 0001:0006c3b0       _instrument_thread_init    7106d3b0 f   instrument.c.obj
 0001:0006c4f0       _instrument_module_load_trigger 7106d4f0 f   instrument.c.obj
 0001:0006c570       _wait_for_outstanding_nudges 7106d570 f   instrument.c.obj
 0001:0006c660       _dr_write_file             7106d660 f   instrument.c.obj
 0001:0006c6c0       _dr_insert_read_raw_tls    7106d6c0 f   instrument.c.obj
 0001:0006c760       _dr_insert_write_raw_tls   7106d760 f   instrument.c.obj
 0001:0006c800       _dr_save_arith_flags       7106d800 f   instrument.c.obj
 0001:0006c830       _dr_restore_arith_flags    7106d830 f   instrument.c.obj
 0001:0006c860       _dr_save_arith_flags_to_xax 7106d860 f   instrument.c.obj
 0001:0006c880       _dr_restore_arith_flags_from_xax 7106d880 f   instrument.c.obj
 0001:0006c8a0       _dr_switch_to_app_state    7106d8a0 f   instrument.c.obj
 0001:0006c8c0       _dr_switch_to_dr_state     7106d8c0 f   instrument.c.obj
 0001:0006c8e0       _instrument_init           7106d8e0 f   instrument.c.obj
 0001:0006d910       _recreate_app_pc           7106e910 f   translate.c.obj
 0001:0006d970       _recreate_app_state        7106e970 f   translate.c.obj
 0001:0006d990       _translation_info_free     7106e990 f   translate.c.obj
 0001:0006da20       _record_translation_info   7106ea20 f   translate.c.obj
 0001:0006dda0       _instrument_valgrind_annotation 7106eda0 f   annotations.c.obj
 0001:0006dee0       _dr_annotation_register_valgrind 7106eee0 f   annotations.c.obj
 0001:0006df90       _dr_annotation_register_return 7106ef90 f   annotations.c.obj
 0001:0006e060       _dr_annotation_unregister_call 7106f060 f   annotations.c.obj
 0001:0006e110       _dr_annotation_unregister_return 7106f110 f   annotations.c.obj
 0001:0006e190       _dr_annotation_unregister_valgrind 7106f190 f   annotations.c.obj
 0001:0006e530       _annotation_exit           7106f530 f   annotations.c.obj
 0001:0006e5d0       _instrument_annotation     7106f5d0 f   annotations.c.obj
 0001:0006e850       _dr_annotation_register_call 7106f850 f   annotations.c.obj
 0001:0006ea80       _annotation_init           7106fa80 f   annotations.c.obj
 0001:0006f180       _jitopt_exit               71070180 f   jit_opt.c.obj
 0001:0006f1d0       _jitopt_add_dgc_bb         710701d0 f   jit_opt.c.obj
 0001:0006f230       _jitopt_clear_span         71070230 f   jit_opt.c.obj
 0001:0006f2d0       _jitopt_init               710702d0 f   jit_opt.c.obj
 0001:0006f350       _reg_spill_tls_offs        71070350 f   arch.c.obj
 0001:0006f710       _update_generated_hashtable_access 71070710 f   arch.c.obj
 0001:0006f720       _protect_generated_code    71070720 f   arch.c.obj
 0001:0006f780       _get_source_fragment_type  71070780 f   arch.c.obj
 0001:0006f7b0       _is_shared_syscall_routine 710707b0 f   arch.c.obj
 0001:0006f830       _in_generated_routine      71070830 f   arch.c.obj
 0001:0006f8b0       _get_fcache_enter_private_routine 710708b0 f   arch.c.obj
 0001:0006f8b0       _get_fcache_enter_gonative_routine 710708b0 f   arch.c.obj
 0001:0006f8f0       _get_reset_exit_stub       710708f0 f   arch.c.obj
 0001:0006f930       _get_do_syscall_entry      71070930 f   arch.c.obj
 0001:0006f970       _get_fcache_enter_indirect_routine 71070970 f   arch.c.obj
 0001:0006f9b0       _get_do_callback_return_entry 710709b0 f   arch.c.obj
 0001:0006f9f0       _fcache_return_routine     710709f0 f   arch.c.obj
 0001:0006f9f0       _fcache_return_routine_ex  710709f0 f   arch.c.obj
 0001:0006fa30       _fcache_return_coarse_routine 71070a30 f   arch.c.obj
 0001:0006fa50       _trace_head_return_coarse_routine 71070a50 f   arch.c.obj
 0001:0006fa70       _get_clean_call_save       71070a70 f   arch.c.obj
 0001:0006fae0       _get_clean_call_restore    71070ae0 f   arch.c.obj
 0001:0006fb50       _get_client_ibl_xfer_entry 71070b50 f   arch.c.obj
 0001:0006fba0       _get_ibl_branch_type       71070ba0 f   arch.c.obj
 0001:0006fc80       _get_ibl_routine_ex        71070c80 f   arch.c.obj
 0001:0006fc80       _get_ibl_routine           71070c80 f   arch.c.obj
 0001:0006fce0       _get_target_delete_entry_pc 71070ce0 f   arch.c.obj
 0001:0006fd50       _get_ibl_routine_code_ex   71070d50 f   arch.c.obj
 0001:0006fd50       _get_ibl_routine_code      71070d50 f   arch.c.obj
 0001:0006fdb0       _shared_syscall_routine_ex 71070db0 f   arch.c.obj
 0001:0006fdb0       _shared_syscall_routine    71070db0 f   arch.c.obj
 0001:0006fe00       _unlinked_shared_syscall_routine_ex 71070e00 f   arch.c.obj
 0001:0006fe00       _unlinked_shared_syscall_routine 71070e00 f   arch.c.obj
 0001:0006fe50       _fcache_return_shared_routine 71070e50 f   arch.c.obj
 0001:0006fe60       _get_fcache_target         71070e60 f   arch.c.obj
 0001:0006fe70       _set_fcache_target         71070e70 f   arch.c.obj
 0001:0006fe90       _check_syscall_method      71070e90 f   arch.c.obj
 0001:00070070       _get_syscall_method        71071070 f   arch.c.obj
 0001:00070080       _does_syscall_ret_to_callsite 71071080 f   arch.c.obj
 0001:000700b0       _set_syscall_method        710710b0 f   arch.c.obj
 0001:000700c0       _get_app_sysenter_addr     710710c0 f   arch.c.obj
 0001:000700d0       _copy_mcontext             710710d0 f   arch.c.obj
 0001:000700f0       _dr_mcontext_to_priv_mcontext 710710f0 f   arch.c.obj
 0001:00070170       _priv_mcontext_to_dr_mcontext 71071170 f   arch.c.obj
 0001:000701f0       _dr_mcontext_as_priv_mcontext 710711f0 f   arch.c.obj
 0001:00070200       _get_priv_mcontext_from_dstack 71071200 f   arch.c.obj
 0001:00070210       _dr_mcontext_init          71071210 f   arch.c.obj
 0001:00070230       _dump_mcontext             71071230 f   arch.c.obj
[...]
               exported name: instr_set_raw_bits
      536    _instr_set_raw_bits_valid
               exported name: instr_set_raw_bits_valid
      537    _instr_set_raw_byte
               exported name: instr_set_raw_byte
      538    _instr_set_raw_bytes
               exported name: instr_set_raw_bytes
      539    _instr_set_raw_word
               exported name: instr_set_raw_word
      540    _instr_set_src
               exported name: instr_set_src
      541    _instr_set_target
               exported name: instr_set_target
      542    _instr_set_translation
               exported name: instr_set_translation
      543    _instr_shrink_to_16_bits
               exported name: instr_shrink_to_16_bits
      544    _instr_uses_fp_reg
               exported name: instr_uses_fp_reg
      545    _instr_uses_reg
               exported name: instr_uses_reg
      546    _instr_valid
               exported name: instr_valid
      547    _instr_writes_memory
               exported name: instr_writes_memory
      548    _instr_writes_to_exact_reg
               exported name: instr_writes_to_exact_reg
      549    _instr_writes_to_reg
               exported name: instr_writes_to_reg
      550    _instr_zeroes_ymmh
               exported name: instr_zeroes_ymmh
      551    _instrlist_append
               exported name: instrlist_append
      552    _instrlist_clear
               exported name: instrlist_clear
      553    _instrlist_clear_and_destroy
               exported name: instrlist_clear_and_destroy
      554    _instrlist_clone
               exported name: instrlist_clone
      555    _instrlist_create
               exported name: instrlist_create
      556    _instrlist_destroy
               exported name: instrlist_destroy
      557    _instrlist_disassemble
               exported name: instrlist_disassemble
      558    _instrlist_encode
               exported name: instrlist_encode
      559    _instrlist_encode_to_copy
               exported name: instrlist_encode_to_copy
      560    _instrlist_first
               exported name: instrlist_first
      561    _instrlist_first_app
               exported name: instrlist_first_app
      562    _instrlist_get_translation_target
               exported name: instrlist_get_translation_target
      563    _instrlist_init
               exported name: instrlist_init
      564    _instrlist_insert_mov_immed_ptrsz
               exported name: instrlist_insert_mov_immed_ptrsz
      565    _instrlist_insert_mov_instr_addr
               exported name: instrlist_insert_mov_instr_addr
      566    _instrlist_insert_push_immed_ptrsz
               exported name: instrlist_insert_push_immed_ptrsz
      567    _instrlist_insert_push_instr_addr
               exported name: instrlist_insert_push_instr_addr
      568    _instrlist_last
               exported name: instrlist_last
      569    _instrlist_last_app
               exported name: instrlist_last_app
      570    _instrlist_meta_append
               exported name: instrlist_meta_append
      571    _instrlist_meta_fault_append
               exported name: instrlist_meta_fault_append
      572    _instrlist_meta_fault_postinsert
               exported name: instrlist_meta_fault_postinsert
      573    _instrlist_meta_fault_preinsert
               exported name: instrlist_meta_fault_preinsert
      574    _instrlist_meta_postinsert
               exported name: instrlist_meta_postinsert
      575    _instrlist_meta_preinsert
               exported name: instrlist_meta_preinsert
      576    _instrlist_postinsert
               exported name: instrlist_postinsert
      577    _instrlist_preinsert
               exported name: instrlist_preinsert
      578    _instrlist_prepend
               exported name: instrlist_prepend
      579    _instrlist_remove
               exported name: instrlist_remove
      580    _instrlist_replace
               exported name: instrlist_replace
      581    _instrlist_set_fall_through_target
               exported name: instrlist_set_fall_through_target
      582    _instrlist_set_return_target
               exported name: instrlist_set_return_target
      583    _instrlist_set_translation_target
               exported name: instrlist_set_translation_target
      584    Forwarded to NTDLL.isalnum
               exported name: isalnum
      585    Forwarded to NTDLL.isalpha
               exported name: isalpha
      586    Forwarded to NTDLL.iscntrl
               exported name: iscntrl
      587    Forwarded to NTDLL.isdigit
               exported name: isdigit
      588    Forwarded to NTDLL.isgraph
               exported name: isgraph
      589    Forwarded to NTDLL.islower
               exported name: islower
      590    Forwarded to NTDLL.isprint
               exported name: isprint
      591    Forwarded to NTDLL.ispunct
               exported name: ispunct
      592    Forwarded to NTDLL.isspace
               exported name: isspace
      593    Forwarded to NTDLL.isupper
               exported name: isupper
      594    Forwarded to NTDLL.iswalpha
               exported name: iswalpha
      595    Forwarded to NTDLL.iswctype
               exported name: iswctype
      596    Forwarded to NTDLL.iswdigit
               exported name: iswdigit
      597    Forwarded to NTDLL.iswlower
               exported name: iswlower
      598    Forwarded to NTDLL.iswspace
               exported name: iswspace
      599    Forwarded to NTDLL.iswxdigit
               exported name: iswxdigit
      600    Forwarded to NTDLL.isxdigit
               exported name: isxdigit
      601    Forwarded to NTDLL.labs
               exported name: labs
      602    Forwarded to NTDLL.log
               exported name: log
      603    Forwarded to NTDLL.mbstowcs
               exported name: mbstowcs
      604    Forwarded to NTDLL.memchr
               exported name: memchr
      605    Forwarded to NTDLL.memcmp
               exported name: memcmp
      606    Forwarded to NTDLL.memcpy
               exported name: memcpy
      607    Forwarded to NTDLL.memmove
               exported name: memmove
      608    Forwarded to NTDLL.memset
               exported name: memset
      609    _opnd_add_flags
               exported name: opnd_add_flags
      610    _opnd_compute_address
               exported name: opnd_compute_address
      611    _opnd_create_abs_addr
               exported name: opnd_create_abs_addr
      612    _opnd_create_base_disp
               exported name: opnd_create_base_disp
      613    _opnd_create_base_disp_ex
               exported name: opnd_create_base_disp_ex
      614    _opnd_create_far_abs_addr
               exported name: opnd_create_far_abs_addr
      615    _opnd_create_far_base_disp
               exported name: opnd_create_far_base_disp
      616    _opnd_create_far_base_disp_ex
               exported name: opnd_create_far_base_disp_ex
      617    _opnd_create_far_instr
               exported name: opnd_create_far_instr
      618    _opnd_create_far_pc
               exported name: opnd_create_far_pc
      619    _opnd_create_immed_float
               exported name: opnd_create_immed_float
      620    _opnd_create_immed_int
               exported name: opnd_create_immed_int
      621    _opnd_create_immed_int64
               exported name: opnd_create_immed_int64
      622    _opnd_create_immed_uint
               exported name: opnd_create_immed_uint
      623    _opnd_create_instr
               exported name: opnd_create_instr
      624    _opnd_create_instr_ex
               exported name: opnd_create_instr_ex
      625    _opnd_create_mem_instr
               exported name: opnd_create_mem_instr
      626    _opnd_create_null
               exported name: opnd_create_null
      627    _opnd_create_pc
               exported name: opnd_create_pc
      628    _opnd_create_reg
               exported name: opnd_create_reg
      629    _opnd_create_reg_ex
               exported name: opnd_create_reg_ex
      630    _opnd_create_reg_partial
               exported name: opnd_create_reg_partial
      631    _opnd_defines_use
               exported name: opnd_defines_use
      632    _opnd_disassemble
               exported name: opnd_disassemble
      633    _opnd_disassemble_to_buffer
               exported name: opnd_disassemble_to_buffer
      634    _opnd_get_addr
               exported name: opnd_get_addr
      635    _opnd_get_base
               exported name: opnd_get_base
      636    _opnd_get_disp
               exported name: opnd_get_disp
      637    _opnd_get_flags
               exported name: opnd_get_flags
      638    _opnd_get_immed_float
               exported name: opnd_get_immed_float
      639    _opnd_get_immed_int
               exported name: opnd_get_immed_int
      640    _opnd_get_immed_int64
               exported name: opnd_get_immed_int64
      641    _opnd_get_index
               exported name: opnd_get_index
      642    _opnd_get_instr
               exported name: opnd_get_instr
      643    _opnd_get_mem_instr_disp
               exported name: opnd_get_mem_instr_disp
      644    _opnd_get_pc
               exported name: opnd_get_pc
      645    _opnd_get_reg
               exported name: opnd_get_reg
      646    _opnd_get_reg_used
               exported name: opnd_get_reg_used
      647    _opnd_get_scale
               exported name: opnd_get_scale
      648    _opnd_get_segment
               exported name: opnd_get_segment
      649    _opnd_get_segment_selector
               exported name: opnd_get_segment_selector
      650    _opnd_get_shift
               exported name: opnd_get_shift
      651    _opnd_get_size
               exported name: opnd_get_size
      652    _opnd_is_abs_addr
               exported name: opnd_is_abs_addr
      653    _opnd_is_base_disp
               exported name: opnd_is_base_disp
      654    _opnd_is_disp_encode_zero
               exported name: opnd_is_disp_encode_zero
      655    _opnd_is_disp_force_full
               exported name: opnd_is_disp_force_full
      656    _opnd_is_disp_short_addr
               exported name: opnd_is_disp_short_addr
      657    _opnd_is_far_abs_addr
               exported name: opnd_is_far_abs_addr
      658    _opnd_is_far_base_disp
               exported name: opnd_is_far_base_disp
      659    _opnd_is_far_instr
               exported name: opnd_is_far_instr
      660    _opnd_is_far_memory_reference
               exported name: opnd_is_far_memory_reference
      661    _opnd_is_far_pc
               exported name: opnd_is_far_pc
      662    _opnd_is_immed
               exported name: opnd_is_immed
      663    _opnd_is_immed_float
               exported name: opnd_is_immed_float
      664    _opnd_is_immed_int
               exported name: opnd_is_immed_int
      665    _opnd_is_immed_int64
               exported name: opnd_is_immed_int64
      666    _opnd_is_instr
               exported name: opnd_is_instr
      667    _opnd_is_mem_instr
               exported name: opnd_is_mem_instr
      668    _opnd_is_memory_reference
               exported name: opnd_is_memory_reference
      669    _opnd_is_near_abs_addr
               exported name: opnd_is_near_abs_addr
      670    _opnd_is_near_base_disp
               exported name: opnd_is_near_base_disp
      671    _opnd_is_near_instr
               exported name: opnd_is_near_instr
      672    _opnd_is_near_memory_reference
               exported name: opnd_is_near_memory_reference
      673    _opnd_is_near_pc
               exported name: opnd_is_near_pc
      674    _opnd_is_null
               exported name: opnd_is_null
      675    _opnd_is_pc
               exported name: opnd_is_pc
      676    _opnd_is_reg
               exported name: opnd_is_reg
      677    _opnd_is_reg_32bit
               exported name: opnd_is_reg_32bit
      678    _opnd_is_reg_64bit
               exported name: opnd_is_reg_64bit
      679    _opnd_is_reg_partial
               exported name: opnd_is_reg_partial
      680    _opnd_is_reg_pointer_sized
               exported name: opnd_is_reg_pointer_sized
      681    _opnd_is_vsib
               exported name: opnd_is_vsib
      682    _opnd_num_regs_used
               exported name: opnd_num_regs_used
      683    _opnd_replace_reg
               exported name: opnd_replace_reg
      684    _opnd_same
               exported name: opnd_same
      685    _opnd_same_address
               exported name: opnd_same_address
      686    _opnd_set_disp
               exported name: opnd_set_disp
      687    _opnd_set_disp_ex
               exported name: opnd_set_disp_ex
      688    _opnd_set_flags
               exported name: opnd_set_flags
      689    _opnd_set_size
               exported name: opnd_set_size
      690    _opnd_share_reg
               exported name: opnd_share_reg
      691    _opnd_shrink_to_16_bits
               exported name: opnd_shrink_to_16_bits
      692    _opnd_size_from_bytes
               exported name: opnd_size_from_bytes
      693    _opnd_size_in_bits
               exported name: opnd_size_in_bits
      694    _opnd_size_in_bytes
               exported name: opnd_size_in_bytes
      695    _opnd_uses_reg
               exported name: opnd_uses_reg
      696    Forwarded to NTDLL.pow
               exported name: pow
      697    _proc_avx_enabled
               exported name: proc_avx_enabled
      698    _proc_bump_to_end_of_cache_line
               exported name: proc_bump_to_end_of_cache_line
      699    _proc_fpstate_save_size
               exported name: proc_fpstate_save_size
      700    _proc_get_L1_dcache_size
               exported name: proc_get_L1_dcache_size
      701    _proc_get_L1_icache_size
               exported name: proc_get_L1_icache_size
      702    _proc_get_L2_cache_size
               exported name: proc_get_L2_cache_size
      703    _proc_get_all_feature_bits
               exported name: proc_get_all_feature_bits
      704    _proc_get_brand_string
               exported name: proc_get_brand_string
      705    _proc_get_cache_line_size
               exported name: proc_get_cache_line_size
      706    _proc_get_cache_size_str
               exported name: proc_get_cache_size_str
      707    _proc_get_containing_page
               exported name: proc_get_containing_page
      708    _proc_get_family
               exported name: proc_get_family
      709    _proc_get_model
               exported name: proc_get_model
      710    _proc_get_stepping
               exported name: proc_get_stepping
      711    _proc_get_type
               exported name: proc_get_type
      712    _proc_get_vendor
               exported name: proc_get_vendor
      713    _proc_has_feature
               exported name: proc_has_feature
      714    _proc_is_cache_aligned
               exported name: proc_is_cache_aligned
      715    _proc_restore_fpstate
               exported name: proc_restore_fpstate
      716    _proc_save_fpstate
               exported name: proc_save_fpstate
      717    _proc_set_vendor
               exported name: proc_set_vendor
      718    Forwarded to NTDLL.qsort
               exported name: qsort
      719    _reg_32_to_16
               exported name: reg_32_to_16
      720    _reg_32_to_8
               exported name: reg_32_to_8
      721    _reg_32_to_opsz
               exported name: reg_32_to_opsz
      722    _reg_get_bits
               exported name: reg_get_bits
      723    _reg_get_size
               exported name: reg_get_size
      724    _reg_get_value
               exported name: reg_get_value
      725    _reg_get_value_ex
               exported name: reg_get_value_ex
      726    _reg_is_32bit
               exported name: reg_is_32bit
      727    _reg_is_64bit
               exported name: reg_is_64bit
      728    _reg_is_fp
               exported name: reg_is_fp
      729    _reg_is_gpr
               exported name: reg_is_gpr
      730    _reg_is_mmx
               exported name: reg_is_mmx
      731    _reg_is_pointer_sized
               exported name: reg_is_pointer_sized
      732    _reg_is_segment
               exported name: reg_is_segment
      733    _reg_is_simd
               exported name: reg_is_simd
      734    _reg_is_stolen
               exported name: reg_is_stolen
      735    _reg_is_xmm
               exported name: reg_is_xmm
      736    _reg_is_ymm
               exported name: reg_is_ymm
      737    _reg_overlap
               exported name: reg_overlap
      738    _reg_parameter_num
               exported name: reg_parameter_num
      739    _reg_resize_to_opsz
               exported name: reg_resize_to_opsz
      740    _reg_set_value
               exported name: reg_set_value
      741    _reg_to_pointer_sized
               exported name: reg_to_pointer_sized
      742    Forwarded to NTDLL.sin
               exported name: sin
      743    Forwarded to NTDLL.sprintf
               exported name: sprintf
      744    Forwarded to NTDLL.sqrt
               exported name: sqrt
      745    Forwarded to NTDLL.sscanf
               exported name: sscanf
      746    Forwarded to NTDLL.strchr
               exported name: strchr
      747    Forwarded to NTDLL.strcmp
               exported name: strcmp
      748    Forwarded to NTDLL.strcspn
               exported name: strcspn
      749    Forwarded to NTDLL.strlen
               exported name: strlen
      750    Forwarded to NTDLL.strncat
               exported name: strncat
      751    Forwarded to NTDLL.strncmp
               exported name: strncmp
      752    Forwarded to NTDLL.strncpy
               exported name: strncpy
      753    Forwarded to NTDLL.strpbrk
               exported name: strpbrk
      754    Forwarded to NTDLL.strrchr
               exported name: strrchr
      755    Forwarded to NTDLL.strspn
               exported name: strspn
      756    Forwarded to NTDLL.strstr
               exported name: strstr
      757    Forwarded to NTDLL.strtol
               exported name: strtol
      758    Forwarded to NTDLL.strtoul
               exported name: strtoul
      759    Forwarded to NTDLL.tan
               exported name: tan
      760    Forwarded to NTDLL.tolower
               exported name: tolower
      761    Forwarded to NTDLL.toupper
               exported name: toupper
      762    Forwarded to NTDLL.towlower
               exported name: towlower
      763    Forwarded to NTDLL.towupper
               exported name: towupper
      764    _unique_build_number
               exported name: unique_build_number
      765    Forwarded to NTDLL.wcscat
               exported name: wcscat
      766    Forwarded to NTDLL.wcschr
               exported name: wcschr
      767    Forwarded to NTDLL.wcscmp
               exported name: wcscmp
      768    Forwarded to NTDLL.wcscpy
               exported name: wcscpy
      769    Forwarded to NTDLL.wcscspn
               exported name: wcscspn
      770    Forwarded to NTDLL.wcslen
               exported name: wcslen
      771    Forwarded to NTDLL.wcsncat
               exported name: wcsncat
      772    Forwarded to NTDLL.wcsncmp
               exported name: wcsncmp
      773    Forwarded to NTDLL.wcsncpy
               exported name: wcsncpy
      774    Forwarded to NTDLL.wcspbrk
               exported name: wcspbrk
      775    Forwarded to NTDLL.wcsrchr
               exported name: wcsrchr
      776    Forwarded to NTDLL.wcsspn
               exported name: wcsspn
      777    Forwarded to NTDLL.wcsstr
               exported name: wcsstr
      778    Forwarded to NTDLL.wcstol
               exported name: wcstol
      779    Forwarded to NTDLL.wcstombs
               exported name: wcstombs
      780    Forwarded to NTDLL.wcstoul
               exported name: wcstoul
